Defaulting to user installation because normal site-packages is not writeable
Processing .\refs\LibreSVIP
  Installing build dependencies: started
  Installing build dependencies: finished with status 'done'
  Getting requirements to build wheel: started
  Getting requirements to build wheel: finished with status 'done'
  Preparing metadata (pyproject.toml): started
  Preparing metadata (pyproject.toml): finished with status 'done'
Collecting backports-zstd<1.7.1,>=1.7.0 (from libresvip==2.9.2)
  Downloading backports_zstd-1.7.0-cp313-cp313-win_amd64.whl.metadata (7.0 kB)
Collecting bidict>=0.24.1 (from libresvip==2.9.2)
  Downloading bidict-0.24.1-py3-none-any.whl.metadata (8.7 kB)
Collecting cbor2<7.0.0,>=6.1.5 (from libresvip==2.9.2)
  Downloading cbor2-6.1.5-cp313-cp313-win_amd64.whl.metadata (5.7 kB)
Collecting charset-normalizer<4.0.0,>=3.5.2 (from libresvip==2.9.2)
  Downloading charset_normalizer-3.5.2-cp313-cp313-win_amd64.whl.metadata (47 kB)
Collecting construct-typing<1.0.0,>=0.8.1 (from libresvip==2.9.2)
  Downloading construct_typing-0.8.1-py3-none-any.whl.metadata (11 kB)
Collecting jinja2<4.0.0,>=3.1.6 (from libresvip==2.9.2)
  Using cached jinja2-3.1.6-py3-none-any.whl.metadata (2.9 kB)
Collecting jyutping (from libresvip==2.9.2)
  Downloading jyutping-0.3.4.tar.gz (39 kB)
  Installing build dependencies: started
  Installing build dependencies: finished with status 'done'
  Getting requirements to build wheel: started
  Getting requirements to build wheel: finished with status 'done'
  Preparing metadata (pyproject.toml): started
  Preparing metadata (pyproject.toml): finished with status 'done'
Collecting ko-pron<2.0,>=1.3 (from libresvip==2.9.2)
  Using cached ko_pron-1.3-py3-none-any.whl.metadata (2.2 kB)
Collecting loguru<1.0.0,>=0.7.3 (from libresvip==2.9.2)
  Using cached loguru-0.7.3-py3-none-any.whl.metadata (22 kB)
Collecting more-itertools<11.1.1,>=11.1.0 (from libresvip==2.9.2)
  Using cached more_itertools-11.1.0-py3-none-any.whl.metadata (41 kB)
Collecting packaging<26.4,>=26.3 (from libresvip==2.9.2)
  Using cached packaging-26.3-py3-none-any.whl.metadata (3.5 kB)
Collecting platformdirs<5.0.0,>=4.12.4 (from libresvip==2.9.2)
  Downloading platformdirs-4.12.4-py3-none-any.whl.metadata (5.5 kB)
Collecting portion<3.0.0,>=2.6.3 (from libresvip==2.9.2)
  Downloading portion-2.6.3-py3-none-any.whl.metadata (35 kB)
Collecting protobuf-py<0.7.0,>=0.6.0 (from libresvip==2.9.2)
  Downloading protobuf_py-0.6.0-py3-none-any.whl.metadata (10 kB)
Collecting pydantic-extra-types<3.0.0,>=2.11.1 (from libresvip==2.9.2)
  Using cached pydantic_extra_types-2.11.1-py3-none-any.whl.metadata (4.2 kB)
Collecting pydantic-settings<3.0.0,>=2.15.0 (from libresvip==2.9.2)
  Using cached pydantic_settings-2.15.0-py3-none-any.whl.metadata (3.9 kB)
Collecting pydantic<3.0.0,>=2.13.5 (from libresvip==2.9.2)
  Downloading pydantic-2.14.0-py3-none-any.whl.metadata (131 kB)
Collecting pymediainfo<=7.0.1 (from libresvip==2.9.2)
  Downloading pymediainfo-7.0.1-py3-none-win_amd64.whl.metadata (9.0 kB)
Collecting pypinyin<1.0.0,>=0.55.0 (from libresvip==2.9.2)
  Using cached pypinyin-0.55.0-py2.py3-none-any.whl.metadata (12 kB)
Collecting pysubs2<2.0.0,>=1.9.0 (from libresvip==2.9.2)
  Downloading pysubs2-1.9.0-py3-none-any.whl.metadata (4.3 kB)
Collecting pyyaml-ft<8.0.1,>=8.0.0 (from libresvip==2.9.2)
  Downloading pyyaml_ft-8.0.0-cp313-cp313-win_amd64.whl.metadata (8.6 kB)
Collecting retrie<1.0.0,>=0.3.1 (from libresvip==2.9.2)
  Downloading retrie-0.3.1-py2.py3-none-any.whl.metadata (7.5 kB)
Collecting ruamel-yaml<=0.20.0,>=0.19.1 (from libresvip==2.9.2)
  Downloading ruamel_yaml-0.19.1-py3-none-any.whl.metadata (16 kB)
Collecting svg-py<2.0.0,>=1.10.0 (from libresvip==2.9.2)
  Downloading svg_py-1.10.0-py3-none-any.whl.metadata (2.1 kB)
Collecting tatsu-lts<6.0.0,>=5.16.0 (from libresvip==2.9.2)
  Downloading tatsu_lts-5.16.0-py3-none-any.whl.metadata (15 kB)
Collecting that-depends>=4.2.0 (from libresvip==2.9.2)
  Downloading that_depends-4.2.0-py3-none-any.whl.metadata (5.3 kB)
Collecting universal-pathlib<1.0.0,>=0.3.10 (from libresvip==2.9.2)
  Downloading universal_pathlib-0.3.10-py3-none-any.whl.metadata (39 kB)
Collecting wanakana-python (from libresvip==2.9.2)
  Downloading wanakana-python-1.2.2.tar.gz (15 kB)
  Installing build dependencies: started
  Installing build dependencies: finished with status 'done'
  Getting requirements to build wheel: started
  Getting requirements to build wheel: finished with status 'done'
  Preparing metadata (pyproject.toml): started
  Preparing metadata (pyproject.toml): finished with status 'done'
Collecting xsdata-pydantic<24.6,>=24.5 (from libresvip==2.9.2)
  Downloading xsdata_pydantic-24.5-py3-none-any.whl.metadata (4.9 kB)
Collecting zhon<3.0.0,>=2.1.1 (from libresvip==2.9.2)
  Downloading zhon-2.1.1-py3-none-any.whl.metadata (3.4 kB)
Collecting pyzipper>=0.4.0 (from libresvip==2.9.2)
  Downloading pyzipper-0.4.0-py3-none-any.whl.metadata (6.0 kB)
Collecting lxml>=6.1.3 (from libresvip==2.9.2)
  Downloading lxml-6.1.3-cp313-cp313-win_amd64.whl.metadata (3.4 kB)
Collecting arrow>=1.0.0 (from construct-typing<1.0.0,>=0.8.1->libresvip==2.9.2)
  Downloading arrow-1.4.0-py3-none-any.whl.metadata (7.7 kB)
Collecting construct==2.10.70 (from construct-typing<1.0.0,>=0.8.1->libresvip==2.9.2)
  Downloading construct-2.10.70-py3-none-any.whl.metadata (4.2 kB)
Collecting typing_extensions>=4.6.0 (from construct-typing<1.0.0,>=0.8.1->libresvip==2.9.2)
  Using cached typing_extensions-4.16.0-py3-none-any.whl.metadata (3.3 kB)
Collecting MarkupSafe>=2.0 (from jinja2<4.0.0,>=3.1.6->libresvip==2.9.2)
  Downloading markupsafe-3.0.4-cp313-cp313-win_amd64.whl.metadata (2.8 kB)
Collecting colorama>=0.3.4 (from loguru<1.0.0,>=0.7.3->libresvip==2.9.2)
  Using cached colorama-0.4.6-py2.py3-none-any.whl.metadata (17 kB)
Collecting win32-setctime>=1.0.0 (from loguru<1.0.0,>=0.7.3->libresvip==2.9.2)
  Using cached win32_setctime-1.2.0-py3-none-any.whl.metadata (2.4 kB)
Collecting sortedcontainers~=2.4 (from portion<3.0.0,>=2.6.3->libresvip==2.9.2)
  Downloading sortedcontainers-2.4.0-py2.py3-none-any.whl.metadata (10 kB)
Collecting protobuf-py-ext==0.6.0 (from protobuf-py<0.7.0,>=0.6.0->libresvip==2.9.2)
  Downloading protobuf_py_ext-0.6.0-cp311-abi3-win_amd64.whl.metadata (1.1 kB)
Collecting annotated-types>=0.6.0 (from pydantic<3.0.0,>=2.13.5->libresvip==2.9.2)
  Using cached annotated_types-0.8.0-py3-none-any.whl.metadata (15 kB)
Collecting pydantic-core==2.50.0 (from pydantic<3.0.0,>=2.13.5->libresvip==2.9.2)
  Downloading pydantic_core-2.50.0-cp313-cp313-win_amd64.whl.metadata (6.7 kB)
Collecting typing-inspection>=0.4.4 (from pydantic<3.0.0,>=2.13.5->libresvip==2.9.2)
  Using cached typing_inspection-0.4.4-py3-none-any.whl.metadata (2.6 kB)
Collecting python-dotenv>=0.21.0 (from pydantic-settings<3.0.0,>=2.15.0->libresvip==2.9.2)
  Downloading python_dotenv-1.2.4-py3-none-any.whl.metadata (29 kB)
Collecting fsspec>=2024.5.0 (from universal-pathlib<1.0.0,>=0.3.10->libresvip==2.9.2)
  Downloading fsspec-2026.9.0-py3-none-any.whl.metadata (10 kB)
Collecting pathlib-abc<0.6.0,>=0.5.1 (from universal-pathlib<1.0.0,>=0.3.10->libresvip==2.9.2)
  Downloading pathlib_abc-0.5.2-py3-none-any.whl.metadata (4.6 kB)
Collecting xsdata>=24.5 (from xsdata-pydantic<24.6,>=24.5->libresvip==2.9.2)
  Downloading xsdata-26.2-py3-none-any.whl.metadata (5.5 kB)
Collecting python-dateutil>=2.7.0 (from arrow>=1.0.0->construct-typing<1.0.0,>=0.8.1->libresvip==2.9.2)
  Using cached python_dateutil-2.9.0.post0-py2.py3-none-any.whl.metadata (8.4 kB)
Collecting tzdata (from arrow>=1.0.0->construct-typing<1.0.0,>=0.8.1->libresvip==2.9.2)
  Downloading tzdata-2026.5-py2.py3-none-any.whl.metadata (1.4 kB)
Collecting six>=1.5 (from python-dateutil>=2.7.0->arrow>=1.0.0->construct-typing<1.0.0,>=0.8.1->libresvip==2.9.2)
  Using cached six-1.17.0-py2.py3-none-any.whl.metadata (1.7 kB)
Collecting pycryptodomex (from pyzipper>=0.4.0->libresvip==2.9.2)
  Downloading pycryptodomex-3.24.0-cp37-abi3-win_amd64.whl.metadata (3.5 kB)
Would install Jinja2-3.1.6 MarkupSafe-3.0.4 PyYAML-ft-8.0.0 TatSu-LTS-5.16.0 annotated-types-0.8.0 arrow-1.4.0 backports.zstd-1.7.0 bidict-0.24.1 cbor2-6.1.5 charset-normalizer-3.5.2 colorama-0.4.6 construct-2.10.70 construct-typing-0.8.1 fsspec-2026.9.0 jyutping-0.3.4 ko-pron-1.3 libresvip-2.9.2 loguru-0.7.3 lxml-6.1.3 more-itertools-11.1.0 packaging-26.3 pathlib_abc-0.5.2 platformdirs-4.12.4 portion-2.6.3 protobuf-py-0.6.0 protobuf-py-ext-0.6.0 pycryptodomex-3.24.0 pydantic-2.14.0 pydantic-extra-types-2.11.1 pydantic-settings-2.15.0 pydantic_core-2.50.0 pymediainfo-7.0.1 pypinyin-0.55.0 pysubs2-1.9.0 python-dateutil-2.9.0.post0 python-dotenv-1.2.4 pyzipper-0.4.0 retrie-0.3.1 ruamel.yaml-0.19.1 six-1.17.0 sortedcontainers-2.4.0 svg.py-1.10.0 that-depends-4.2.0 typing-inspection-0.4.4 typing_extensions-4.16.0 tzdata-2026.5 universal_pathlib-0.3.10 wanakana-python-1.2.2 win32_setctime-1.2.0 xsdata-26.2 xsdata_pydantic-24.5 zhon-2.1.1
