适用于 .NET Framework MSBuild 版本 18.10.1-1.26427.6+3cd27c13e

  Checking File Globs
  ringbuffer.vcxproj -> D:\UserData\Desktop\Project\lmms\build\src\3rdparty\ringbuffer.dir\Release\ringbuffer.lib
  weakjack.vcxproj -> D:\UserData\Desktop\Project\lmms\build\src\3rdparty\weakjack\Release\weakjack.lib
  Automatic MOC and UIC for target lmmssvs
  SVSProjectController.cpp
  SVSProjectImportDialog.cpp
  正在生成代码...
  lmmssvs.vcxproj -> D:\UserData\Desktop\Project\lmms\build\src\core\svs\Release\lmmssvs.lib
  Automatic MOC and UIC for target lmmsobjs
  MainWindow.cpp
  lmmsobjs.vcxproj -> D:\UserData\Desktop\Project\lmms\build\src\lmmsobjs.dir\Release\lmmsobjs.lib
  Automatic MOC and UIC for target RemoteCatalogIo
  RemoteCatalogIo.vcxproj -> D:\UserData\Desktop\Project\lmms\build\plugins\RemoteCatalogIo.exe
  Automatic MOC and UIC for target lmms
  main.cpp
D:\UserData\Desktop\Project\lmms\src\core\main.cpp(449,10): warning C4834: 放弃具有 [[nodiscard]] 属性的函数的返回值 [D:\UserData\Desktop\Project\lmms\build\src\lmms.vcxproj]
D:\UserData\Desktop\Project\lmms\src\core\main.cpp(465,10): warning C4834: 放弃具有 [[nodiscard]] 属性的函数的返回值 [D:\UserData\Desktop\Project\lmms\build\src\lmms.vcxproj]
    正在创建库 D:/UserData/Desktop/Project/lmms/build/src/Release/lmms.lib 和对象 D:/UserData/Desktop/Project/lmms/build/src/Release/lmms.exp
  lmms.vcxproj -> D:\UserData\Desktop\Project\lmms\build\Release\lmms.exe
适用于 .NET Framework MSBuild 版本 18.10.1-1.26427.6+3cd27c13e

  Checking File Globs
  Automatic MOC and UIC for target SVSExample
  yaml-cpp.vcxproj -> D:\UserData\Desktop\Project\lmms\build\_deps\diffsinger_yaml-build\Release\yaml-cpp.lib
  SVSExample.vcxproj -> D:\UserData\Desktop\Project\lmms\build\Release\svs\SVSExample\SVSExample.dll
  DiffSingerCatalog.vcxproj -> D:\UserData\Desktop\Project\lmms\build\plugins\SVSDiffSinger\Release\DiffSingerCatalog.lib
  DiffSingerInference.vcxproj -> D:\UserData\Desktop\Project\lmms\build\plugins\SVSDiffSinger\Release\DiffSingerInference.lib
  SVSDiffSinger.vcxproj -> D:\UserData\Desktop\Project\lmms\build\Release\svs\SVSDiffSinger\SVSDiffSinger.dll
  ringbuffer.vcxproj -> D:\UserData\Desktop\Project\lmms\build\src\3rdparty\ringbuffer.dir\Release\ringbuffer.lib
  weakjack.vcxproj -> D:\UserData\Desktop\Project\lmms\build\src\3rdparty\weakjack\Release\weakjack.lib
  Automatic MOC and UIC for target lmmssvs
  lmmssvs.vcxproj -> D:\UserData\Desktop\Project\lmms\build\src\core\svs\Release\lmmssvs.lib
  Automatic MOC and UIC for target lmmsobjs
  lmmsobjs.vcxproj -> D:\UserData\Desktop\Project\lmms\build\src\lmmsobjs.dir\Release\lmmsobjs.lib
  Automatic MOC for target SVSIntegrationTest
  SVSIntegrationTest.cpp
    正在创建库 D:/UserData/Desktop/Project/lmms/build/tests/Release/SVSIntegrationTest.lib 和对象 D:/UserData/Desktop/Project/lmms/build/tests/Release/SVSIntegrationTest.exp
  SVSIntegrationTest.vcxproj -> D:\UserData\Desktop\Project\lmms\build\tests\Release\SVSIntegrationTest.exe
