适用于 .NET Framework MSBuild 版本 18.10.1-1.26427.6+3cd27c13e

  Checking File Globs
  ringbuffer.vcxproj -> D:\UserData\Desktop\Project\lmms\build\src\3rdparty\ringbuffer.dir\Release\ringbuffer.lib
  weakjack.vcxproj -> D:\UserData\Desktop\Project\lmms\build\src\3rdparty\weakjack\Release\weakjack.lib
  Automatic MOC and UIC for target lmmssvs
  lmmssvs.vcxproj -> D:\UserData\Desktop\Project\lmms\build\src\core\svs\Release\lmmssvs.lib
  Automatic MOC and UIC for target lmmsobjs
  MainWindow.cpp
  lmmsobjs.vcxproj -> D:\UserData\Desktop\Project\lmms\build\src\lmmsobjs.dir\Release\lmmsobjs.lib
  Automatic MOC and UIC for target RemoteCatalogIo
  RemoteCatalogIo.vcxproj -> D:\UserData\Desktop\Project\lmms\build\plugins\RemoteCatalogIo.exe
  Automatic MOC and UIC for target lmms
    正在创建库 D:/UserData/Desktop/Project/lmms/build/src/Release/lmms.lib 和对象 D:/UserData/Desktop/Project/lmms/build/src/Release/lmms.exp
  lmms.vcxproj -> D:\UserData\Desktop\Project\lmms\build\Release\lmms.exe
适用于 .NET Framework MSBuild 版本 18.10.1-1.26427.6+3cd27c13e

  Checking File Globs
  Automatic MOC and UIC for target SVSExample
  ringbuffer.vcxproj -> D:\UserData\Desktop\Project\lmms\build\src\3rdparty\ringbuffer.dir\Release\ringbuffer.lib
  yaml-cpp.vcxproj -> D:\UserData\Desktop\Project\lmms\build\_deps\diffsinger_yaml-build\Release\yaml-cpp.lib
  SVSExample.vcxproj -> D:\UserData\Desktop\Project\lmms\build\Release\svs\SVSExample\SVSExample.dll
  DiffSingerCatalog.vcxproj -> D:\UserData\Desktop\Project\lmms\build\plugins\SVSDiffSinger\Release\DiffSingerCatalog.lib
  weakjack.vcxproj -> D:\UserData\Desktop\Project\lmms\build\src\3rdparty\weakjack\Release\weakjack.lib
  Automatic MOC and UIC for target lmmssvs
  DiffSingerInference.vcxproj -> D:\UserData\Desktop\Project\lmms\build\plugins\SVSDiffSinger\Release\DiffSingerInference.lib
  SVSDiffSinger.vcxproj -> D:\UserData\Desktop\Project\lmms\build\Release\svs\SVSDiffSinger\SVSDiffSinger.dll
  lmmssvs.vcxproj -> D:\UserData\Desktop\Project\lmms\build\src\core\svs\Release\lmmssvs.lib
  Automatic MOC and UIC for target lmmsobjs
  lmmsobjs.vcxproj -> D:\UserData\Desktop\Project\lmms\build\src\lmmsobjs.dir\Release\lmmsobjs.lib
  Automatic MOC for target SVSIntegrationTest
    正在创建库 D:/UserData/Desktop/Project/lmms/build/tests/Release/SVSIntegrationTest.lib 和对象 D:/UserData/Desktop/Project/lmms/build/tests/Release/SVSIntegrationTest.exp
  SVSIntegrationTest.vcxproj -> D:\UserData\Desktop\Project\lmms\build\tests\Release\SVSIntegrationTest.exe
适用于 .NET Framework MSBuild 版本 18.10.1-1.26427.6+3cd27c13e

  Checking File Globs
  Automatic MOC and UIC for target SVSExample
  SVSExample.vcxproj -> D:\UserData\Desktop\Project\lmms\build\Release\svs\SVSExample\SVSExample.dll
适用于 .NET Framework MSBuild 版本 18.10.1-1.26427.6+3cd27c13e

  Checking File Globs
  ringbuffer.vcxproj -> D:\UserData\Desktop\Project\lmms\build\src\3rdparty\ringbuffer.dir\Release\ringbuffer.lib
  weakjack.vcxproj -> D:\UserData\Desktop\Project\lmms\build\src\3rdparty\weakjack\Release\weakjack.lib
  Automatic MOC and UIC for target lmmssvs
  lmmssvs.vcxproj -> D:\UserData\Desktop\Project\lmms\build\src\core\svs\Release\lmmssvs.lib
  Automatic MOC and UIC for target lmmsobjs
  lmmsobjs.vcxproj -> D:\UserData\Desktop\Project\lmms\build\src\lmmsobjs.dir\Release\lmmsobjs.lib
  Automatic MOC and UIC for target RemoteCatalogIo
  RemoteCatalogIo.vcxproj -> D:\UserData\Desktop\Project\lmms\build\plugins\RemoteCatalogIo.exe
  Automatic MOC and UIC for target lmms
  lmms.vcxproj -> D:\UserData\Desktop\Project\lmms\build\Release\lmms.exe
    正在创建库 D:/UserData/Desktop/Project/lmms/build/plugins/AudioFileProcessor/Release/audiofileprocessor.lib 和对象 D:/UserData/Desktop/Project/lmms/build/plugins/AudioFileProcessor/Release/audiofileprocessor.exp
  audiofileprocessor.vcxproj -> D:\UserData\Desktop\Project\lmms\build\Release\plugins\audiofileprocessor.dll
适用于 .NET Framework MSBuild 版本 18.10.1-1.26427.6+3cd27c13e

  Checking File Globs
  ringbuffer.vcxproj -> D:\UserData\Desktop\Project\lmms\build\src\3rdparty\ringbuffer.dir\Release\ringbuffer.lib
  weakjack.vcxproj -> D:\UserData\Desktop\Project\lmms\build\src\3rdparty\weakjack\Release\weakjack.lib
  Automatic MOC and UIC for target lmmssvs
  lmmssvs.vcxproj -> D:\UserData\Desktop\Project\lmms\build\src\core\svs\Release\lmmssvs.lib
  Automatic MOC and UIC for target lmmsobjs
  lmmsobjs.vcxproj -> D:\UserData\Desktop\Project\lmms\build\src\lmmsobjs.dir\Release\lmmsobjs.lib
  Automatic MOC and UIC for target RemoteCatalogIo
  RemoteCatalogIo.vcxproj -> D:\UserData\Desktop\Project\lmms\build\plugins\RemoteCatalogIo.exe
  Automatic MOC and UIC for target lmms
  lmms.vcxproj -> D:\UserData\Desktop\Project\lmms\build\Release\lmms.exe
    正在创建库 D:/UserData/Desktop/Project/lmms/build/plugins/Kicker/Release/kicker.lib 和对象 D:/UserData/Desktop/Project/lmms/build/plugins/Kicker/Release/kicker.exp
  kicker.vcxproj -> D:\UserData\Desktop\Project\lmms\build\Release\plugins\kicker.dll
适用于 .NET Framework MSBuild 版本 18.10.1-1.26427.6+3cd27c13e

  Checking File Globs
  ringbuffer.vcxproj -> D:\UserData\Desktop\Project\lmms\build\src\3rdparty\ringbuffer.dir\Release\ringbuffer.lib
  weakjack.vcxproj -> D:\UserData\Desktop\Project\lmms\build\src\3rdparty\weakjack\Release\weakjack.lib
  Automatic MOC and UIC for target lmmssvs
  lmmssvs.vcxproj -> D:\UserData\Desktop\Project\lmms\build\src\core\svs\Release\lmmssvs.lib
  Automatic MOC and UIC for target lmmsobjs
  lmmsobjs.vcxproj -> D:\UserData\Desktop\Project\lmms\build\src\lmmsobjs.dir\Release\lmmsobjs.lib
  Automatic MOC and UIC for target RemoteCatalogIo
  RemoteCatalogIo.vcxproj -> D:\UserData\Desktop\Project\lmms\build\plugins\RemoteCatalogIo.exe
  Automatic MOC and UIC for target lmms
  lmms.vcxproj -> D:\UserData\Desktop\Project\lmms\build\Release\lmms.exe
    正在创建库 D:/UserData/Desktop/Project/lmms/build/plugins/TripleOscillator/Release/tripleoscillator.lib 和对象 D:/UserData/Desktop/Project/lmms/build/plugins/TripleOscillator/Release/tripleoscillator.exp
  tripleoscillator.vcxproj -> D:\UserData\Desktop\Project\lmms\build\Release\plugins\tripleoscillator.dll
适用于 .NET Framework MSBuild 版本 18.10.1-1.26427.6+3cd27c13e

  Checking File Globs
  ringbuffer.vcxproj -> D:\UserData\Desktop\Project\lmms\build\src\3rdparty\ringbuffer.dir\Release\ringbuffer.lib
  weakjack.vcxproj -> D:\UserData\Desktop\Project\lmms\build\src\3rdparty\weakjack\Release\weakjack.lib
  Automatic MOC and UIC for target lmmssvs
  lmmssvs.vcxproj -> D:\UserData\Desktop\Project\lmms\build\src\core\svs\Release\lmmssvs.lib
  Automatic MOC and UIC for target lmmsobjs
  lmmsobjs.vcxproj -> D:\UserData\Desktop\Project\lmms\build\src\lmmsobjs.dir\Release\lmmsobjs.lib
  Automatic MOC and UIC for target RemoteCatalogIo
  RemoteCatalogIo.vcxproj -> D:\UserData\Desktop\Project\lmms\build\plugins\RemoteCatalogIo.exe
  Automatic MOC and UIC for target lmms
  lmms.vcxproj -> D:\UserData\Desktop\Project\lmms\build\Release\lmms.exe
    正在创建库 D:/UserData/Desktop/Project/lmms/build/plugins/Amplifier/Release/amplifier.lib 和对象 D:/UserData/Desktop/Project/lmms/build/plugins/Amplifier/Release/amplifier.exp
  amplifier.vcxproj -> D:\UserData\Desktop\Project\lmms\build\Release\plugins\amplifier.dll
适用于 .NET Framework MSBuild 版本 18.10.1-1.26427.6+3cd27c13e

  Checking File Globs
  ringbuffer.vcxproj -> D:\UserData\Desktop\Project\lmms\build\src\3rdparty\ringbuffer.dir\Release\ringbuffer.lib
  weakjack.vcxproj -> D:\UserData\Desktop\Project\lmms\build\src\3rdparty\weakjack\Release\weakjack.lib
  Automatic MOC and UIC for target lmmssvs
  lmmssvs.vcxproj -> D:\UserData\Desktop\Project\lmms\build\src\core\svs\Release\lmmssvs.lib
  Automatic MOC and UIC for target lmmsobjs
  lmmsobjs.vcxproj -> D:\UserData\Desktop\Project\lmms\build\src\lmmsobjs.dir\Release\lmmsobjs.lib
  Automatic MOC and UIC for target RemoteCatalogIo
  RemoteCatalogIo.vcxproj -> D:\UserData\Desktop\Project\lmms\build\plugins\RemoteCatalogIo.exe
  Automatic MOC and UIC for target lmms
  lmms.vcxproj -> D:\UserData\Desktop\Project\lmms\build\Release\lmms.exe
    正在创建库 D:/UserData/Desktop/Project/lmms/build/plugins/BassBooster/Release/bassbooster.lib 和对象 D:/UserData/Desktop/Project/lmms/build/plugins/BassBooster/Release/bassbooster.exp
  bassbooster.vcxproj -> D:\UserData\Desktop\Project\lmms\build\Release\plugins\bassbooster.dll
适用于 .NET Framework MSBuild 版本 18.10.1-1.26427.6+3cd27c13e

  Checking File Globs
  ringbuffer.vcxproj -> D:\UserData\Desktop\Project\lmms\build\src\3rdparty\ringbuffer.dir\Release\ringbuffer.lib
  weakjack.vcxproj -> D:\UserData\Desktop\Project\lmms\build\src\3rdparty\weakjack\Release\weakjack.lib
  Automatic MOC and UIC for target lmmssvs
  lmmssvs.vcxproj -> D:\UserData\Desktop\Project\lmms\build\src\core\svs\Release\lmmssvs.lib
  Automatic MOC and UIC for target lmmsobjs
  lmmsobjs.vcxproj -> D:\UserData\Desktop\Project\lmms\build\src\lmmsobjs.dir\Release\lmmsobjs.lib
  Automatic MOC and UIC for target RemoteCatalogIo
  RemoteCatalogIo.vcxproj -> D:\UserData\Desktop\Project\lmms\build\plugins\RemoteCatalogIo.exe
  Automatic MOC and UIC for target lmms
  lmms.vcxproj -> D:\UserData\Desktop\Project\lmms\build\Release\lmms.exe
    正在创建库 D:/UserData/Desktop/Project/lmms/build/plugins/BitInvader/Release/bitinvader.lib 和对象 D:/UserData/Desktop/Project/lmms/build/plugins/BitInvader/Release/bitinvader.exp
  bitinvader.vcxproj -> D:\UserData\Desktop\Project\lmms\build\Release\plugins\bitinvader.dll
适用于 .NET Framework MSBuild 版本 18.10.1-1.26427.6+3cd27c13e

  Checking File Globs
  ringbuffer.vcxproj -> D:\UserData\Desktop\Project\lmms\build\src\3rdparty\ringbuffer.dir\Release\ringbuffer.lib
  weakjack.vcxproj -> D:\UserData\Desktop\Project\lmms\build\src\3rdparty\weakjack\Release\weakjack.lib
  Automatic MOC and UIC for target lmmssvs
  lmmssvs.vcxproj -> D:\UserData\Desktop\Project\lmms\build\src\core\svs\Release\lmmssvs.lib
  Automatic MOC and UIC for target lmmsobjs
  lmmsobjs.vcxproj -> D:\UserData\Desktop\Project\lmms\build\src\lmmsobjs.dir\Release\lmmsobjs.lib
  Automatic MOC and UIC for target RemoteCatalogIo
  RemoteCatalogIo.vcxproj -> D:\UserData\Desktop\Project\lmms\build\plugins\RemoteCatalogIo.exe
  Automatic MOC and UIC for target lmms
  lmms.vcxproj -> D:\UserData\Desktop\Project\lmms\build\Release\lmms.exe
    正在创建库 D:/UserData/Desktop/Project/lmms/build/plugins/Bitcrush/Release/bitcrush.lib 和对象 D:/UserData/Desktop/Project/lmms/build/plugins/Bitcrush/Release/bitcrush.exp
  bitcrush.vcxproj -> D:\UserData\Desktop\Project\lmms\build\Release\plugins\bitcrush.dll
适用于 .NET Framework MSBuild 版本 18.10.1-1.26427.6+3cd27c13e

  Checking File Globs
  carla_native-plugin.vcxproj -> D:\UserData\Desktop\Project\lmms\build\Release\plugins\libcarla_native-plugin.dll
适用于 .NET Framework MSBuild 版本 18.10.1-1.26427.6+3cd27c13e

  Checking File Globs
  ringbuffer.vcxproj -> D:\UserData\Desktop\Project\lmms\build\src\3rdparty\ringbuffer.dir\Release\ringbuffer.lib
  weakjack.vcxproj -> D:\UserData\Desktop\Project\lmms\build\src\3rdparty\weakjack\Release\weakjack.lib
  Automatic MOC and UIC for target lmmssvs
  lmmssvs.vcxproj -> D:\UserData\Desktop\Project\lmms\build\src\core\svs\Release\lmmssvs.lib
  Automatic MOC and UIC for target lmmsobjs
  lmmsobjs.vcxproj -> D:\UserData\Desktop\Project\lmms\build\src\lmmsobjs.dir\Release\lmmsobjs.lib
  Automatic MOC and UIC for target RemoteCatalogIo
  carla_native-plugin.vcxproj -> D:\UserData\Desktop\Project\lmms\build\Release\plugins\libcarla_native-plugin.dll
  RemoteCatalogIo.vcxproj -> D:\UserData\Desktop\Project\lmms\build\plugins\RemoteCatalogIo.exe
  Automatic MOC and UIC for target lmms
  lmms.vcxproj -> D:\UserData\Desktop\Project\lmms\build\Release\lmms.exe
    正在创建库 D:/UserData/Desktop/Project/lmms/build/plugins/CarlaBase/Release/carlabase.lib 和对象 D:/UserData/Desktop/Project/lmms/build/plugins/CarlaBase/Release/carlabase.exp
  carlabase.vcxproj -> D:\UserData\Desktop\Project\lmms\build\Release\plugins\carlabase.dll
适用于 .NET Framework MSBuild 版本 18.10.1-1.26427.6+3cd27c13e

  Checking File Globs
  ringbuffer.vcxproj -> D:\UserData\Desktop\Project\lmms\build\src\3rdparty\ringbuffer.dir\Release\ringbuffer.lib
  weakjack.vcxproj -> D:\UserData\Desktop\Project\lmms\build\src\3rdparty\weakjack\Release\weakjack.lib
  Automatic MOC and UIC for target lmmssvs
  lmmssvs.vcxproj -> D:\UserData\Desktop\Project\lmms\build\src\core\svs\Release\lmmssvs.lib
  Automatic MOC and UIC for target lmmsobjs
  lmmsobjs.vcxproj -> D:\UserData\Desktop\Project\lmms\build\src\lmmsobjs.dir\Release\lmmsobjs.lib
  Automatic MOC and UIC for target RemoteCatalogIo
  carla_native-plugin.vcxproj -> D:\UserData\Desktop\Project\lmms\build\Release\plugins\libcarla_native-plugin.dll
  RemoteCatalogIo.vcxproj -> D:\UserData\Desktop\Project\lmms\build\plugins\RemoteCatalogIo.exe
  Automatic MOC and UIC for target lmms
  lmms.vcxproj -> D:\UserData\Desktop\Project\lmms\build\Release\lmms.exe
  carlabase.vcxproj -> D:\UserData\Desktop\Project\lmms\build\Release\plugins\carlabase.dll
    正在创建库 D:/UserData/Desktop/Project/lmms/build/plugins/CarlaPatchbay/Release/carlapatchbay.lib 和对象 D:/UserData/Desktop/Project/lmms/build/plugins/CarlaPatchbay/Release/carlapatchbay.exp
  carlapatchbay.vcxproj -> D:\UserData\Desktop\Project\lmms\build\Release\plugins\carlapatchbay.dll
适用于 .NET Framework MSBuild 版本 18.10.1-1.26427.6+3cd27c13e

  Checking File Globs
  ringbuffer.vcxproj -> D:\UserData\Desktop\Project\lmms\build\src\3rdparty\ringbuffer.dir\Release\ringbuffer.lib
  weakjack.vcxproj -> D:\UserData\Desktop\Project\lmms\build\src\3rdparty\weakjack\Release\weakjack.lib
  Automatic MOC and UIC for target lmmssvs
  lmmssvs.vcxproj -> D:\UserData\Desktop\Project\lmms\build\src\core\svs\Release\lmmssvs.lib
  Automatic MOC and UIC for target lmmsobjs
  lmmsobjs.vcxproj -> D:\UserData\Desktop\Project\lmms\build\src\lmmsobjs.dir\Release\lmmsobjs.lib
  Automatic MOC and UIC for target RemoteCatalogIo
  carla_native-plugin.vcxproj -> D:\UserData\Desktop\Project\lmms\build\Release\plugins\libcarla_native-plugin.dll
  RemoteCatalogIo.vcxproj -> D:\UserData\Desktop\Project\lmms\build\plugins\RemoteCatalogIo.exe
  Automatic MOC and UIC for target lmms
  lmms.vcxproj -> D:\UserData\Desktop\Project\lmms\build\Release\lmms.exe
  carlabase.vcxproj -> D:\UserData\Desktop\Project\lmms\build\Release\plugins\carlabase.dll
    正在创建库 D:/UserData/Desktop/Project/lmms/build/plugins/CarlaRack/Release/carlarack.lib 和对象 D:/UserData/Desktop/Project/lmms/build/plugins/CarlaRack/Release/carlarack.exp
  carlarack.vcxproj -> D:\UserData\Desktop\Project\lmms\build\Release\plugins\carlarack.dll
适用于 .NET Framework MSBuild 版本 18.10.1-1.26427.6+3cd27c13e

  Checking File Globs
  ringbuffer.vcxproj -> D:\UserData\Desktop\Project\lmms\build\src\3rdparty\ringbuffer.dir\Release\ringbuffer.lib
  weakjack.vcxproj -> D:\UserData\Desktop\Project\lmms\build\src\3rdparty\weakjack\Release\weakjack.lib
  Automatic MOC and UIC for target lmmssvs
  lmmssvs.vcxproj -> D:\UserData\Desktop\Project\lmms\build\src\core\svs\Release\lmmssvs.lib
  Automatic MOC and UIC for target lmmsobjs
  lmmsobjs.vcxproj -> D:\UserData\Desktop\Project\lmms\build\src\lmmsobjs.dir\Release\lmmsobjs.lib
  Automatic MOC and UIC for target RemoteCatalogIo
  RemoteCatalogIo.vcxproj -> D:\UserData\Desktop\Project\lmms\build\plugins\RemoteCatalogIo.exe
  Automatic MOC and UIC for target lmms
  lmms.vcxproj -> D:\UserData\Desktop\Project\lmms\build\Release\lmms.exe
    正在创建库 D:/UserData/Desktop/Project/lmms/build/plugins/Compressor/Release/compressor.lib 和对象 D:/UserData/Desktop/Project/lmms/build/plugins/Compressor/Release/compressor.exp
  compressor.vcxproj -> D:\UserData\Desktop\Project\lmms\build\Release\plugins\compressor.dll
适用于 .NET Framework MSBuild 版本 18.10.1-1.26427.6+3cd27c13e

  Checking File Globs
  ringbuffer.vcxproj -> D:\UserData\Desktop\Project\lmms\build\src\3rdparty\ringbuffer.dir\Release\ringbuffer.lib
  weakjack.vcxproj -> D:\UserData\Desktop\Project\lmms\build\src\3rdparty\weakjack\Release\weakjack.lib
  Automatic MOC and UIC for target lmmssvs
  lmmssvs.vcxproj -> D:\UserData\Desktop\Project\lmms\build\src\core\svs\Release\lmmssvs.lib
  Automatic MOC and UIC for target lmmsobjs
  lmmsobjs.vcxproj -> D:\UserData\Desktop\Project\lmms\build\src\lmmsobjs.dir\Release\lmmsobjs.lib
  Automatic MOC and UIC for target RemoteCatalogIo
  RemoteCatalogIo.vcxproj -> D:\UserData\Desktop\Project\lmms\build\plugins\RemoteCatalogIo.exe
  Automatic MOC and UIC for target lmms
  lmms.vcxproj -> D:\UserData\Desktop\Project\lmms\build\Release\lmms.exe
    正在创建库 D:/UserData/Desktop/Project/lmms/build/plugins/CrossoverEQ/Release/crossovereq.lib 和对象 D:/UserData/Desktop/Project/lmms/build/plugins/CrossoverEQ/Release/crossovereq.exp
  crossovereq.vcxproj -> D:\UserData\Desktop\Project\lmms\build\Release\plugins\crossovereq.dll
适用于 .NET Framework MSBuild 版本 18.10.1-1.26427.6+3cd27c13e

  Checking File Globs
  ringbuffer.vcxproj -> D:\UserData\Desktop\Project\lmms\build\src\3rdparty\ringbuffer.dir\Release\ringbuffer.lib
  weakjack.vcxproj -> D:\UserData\Desktop\Project\lmms\build\src\3rdparty\weakjack\Release\weakjack.lib
  Automatic MOC and UIC for target lmmssvs
  lmmssvs.vcxproj -> D:\UserData\Desktop\Project\lmms\build\src\core\svs\Release\lmmssvs.lib
  Automatic MOC and UIC for target lmmsobjs
  lmmsobjs.vcxproj -> D:\UserData\Desktop\Project\lmms\build\src\lmmsobjs.dir\Release\lmmsobjs.lib
  Automatic MOC and UIC for target RemoteCatalogIo
  RemoteCatalogIo.vcxproj -> D:\UserData\Desktop\Project\lmms\build\plugins\RemoteCatalogIo.exe
  Automatic MOC and UIC for target lmms
  lmms.vcxproj -> D:\UserData\Desktop\Project\lmms\build\Release\lmms.exe
    正在创建库 D:/UserData/Desktop/Project/lmms/build/plugins/Delay/Release/delay.lib 和对象 D:/UserData/Desktop/Project/lmms/build/plugins/Delay/Release/delay.exp
  delay.vcxproj -> D:\UserData\Desktop\Project\lmms\build\Release\plugins\delay.dll
适用于 .NET Framework MSBuild 版本 18.10.1-1.26427.6+3cd27c13e

  Checking File Globs
  ringbuffer.vcxproj -> D:\UserData\Desktop\Project\lmms\build\src\3rdparty\ringbuffer.dir\Release\ringbuffer.lib
  weakjack.vcxproj -> D:\UserData\Desktop\Project\lmms\build\src\3rdparty\weakjack\Release\weakjack.lib
  Automatic MOC and UIC for target lmmssvs
  lmmssvs.vcxproj -> D:\UserData\Desktop\Project\lmms\build\src\core\svs\Release\lmmssvs.lib
  Automatic MOC and UIC for target lmmsobjs
  lmmsobjs.vcxproj -> D:\UserData\Desktop\Project\lmms\build\src\lmmsobjs.dir\Release\lmmsobjs.lib
  Automatic MOC and UIC for target RemoteCatalogIo
  RemoteCatalogIo.vcxproj -> D:\UserData\Desktop\Project\lmms\build\plugins\RemoteCatalogIo.exe
  Automatic MOC and UIC for target lmms
  lmms.vcxproj -> D:\UserData\Desktop\Project\lmms\build\Release\lmms.exe
    正在创建库 D:/UserData/Desktop/Project/lmms/build/plugins/Dispersion/Release/dispersion.lib 和对象 D:/UserData/Desktop/Project/lmms/build/plugins/Dispersion/Release/dispersion.exp
  dispersion.vcxproj -> D:\UserData\Desktop\Project\lmms\build\Release\plugins\dispersion.dll
适用于 .NET Framework MSBuild 版本 18.10.1-1.26427.6+3cd27c13e

  Checking File Globs
  ringbuffer.vcxproj -> D:\UserData\Desktop\Project\lmms\build\src\3rdparty\ringbuffer.dir\Release\ringbuffer.lib
  weakjack.vcxproj -> D:\UserData\Desktop\Project\lmms\build\src\3rdparty\weakjack\Release\weakjack.lib
  Automatic MOC and UIC for target lmmssvs
  lmmssvs.vcxproj -> D:\UserData\Desktop\Project\lmms\build\src\core\svs\Release\lmmssvs.lib
  Automatic MOC and UIC for target lmmsobjs
  lmmsobjs.vcxproj -> D:\UserData\Desktop\Project\lmms\build\src\lmmsobjs.dir\Release\lmmsobjs.lib
  Automatic MOC and UIC for target RemoteCatalogIo
  RemoteCatalogIo.vcxproj -> D:\UserData\Desktop\Project\lmms\build\plugins\RemoteCatalogIo.exe
  Automatic MOC and UIC for target lmms
  lmms.vcxproj -> D:\UserData\Desktop\Project\lmms\build\Release\lmms.exe
    正在创建库 D:/UserData/Desktop/Project/lmms/build/plugins/DualFilter/Release/dualfilter.lib 和对象 D:/UserData/Desktop/Project/lmms/build/plugins/DualFilter/Release/dualfilter.exp
  dualfilter.vcxproj -> D:\UserData\Desktop\Project\lmms\build\Release\plugins\dualfilter.dll
适用于 .NET Framework MSBuild 版本 18.10.1-1.26427.6+3cd27c13e

  Checking File Globs
  ringbuffer.vcxproj -> D:\UserData\Desktop\Project\lmms\build\src\3rdparty\ringbuffer.dir\Release\ringbuffer.lib
  weakjack.vcxproj -> D:\UserData\Desktop\Project\lmms\build\src\3rdparty\weakjack\Release\weakjack.lib
  Automatic MOC and UIC for target lmmssvs
  lmmssvs.vcxproj -> D:\UserData\Desktop\Project\lmms\build\src\core\svs\Release\lmmssvs.lib
  Automatic MOC and UIC for target lmmsobjs
  lmmsobjs.vcxproj -> D:\UserData\Desktop\Project\lmms\build\src\lmmsobjs.dir\Release\lmmsobjs.lib
  Automatic MOC and UIC for target RemoteCatalogIo
  RemoteCatalogIo.vcxproj -> D:\UserData\Desktop\Project\lmms\build\plugins\RemoteCatalogIo.exe
  Automatic MOC and UIC for target lmms
  lmms.vcxproj -> D:\UserData\Desktop\Project\lmms\build\Release\lmms.exe
    正在创建库 D:/UserData/Desktop/Project/lmms/build/plugins/DynamicsProcessor/Release/dynamicsprocessor.lib 和对象 D:/UserData/Desktop/Project/lmms/build/plugins/DynamicsProcessor/Release/dynamicsprocessor.exp
  dynamicsprocessor.vcxproj -> D:\UserData\Desktop\Project\lmms\build\Release\plugins\dynamicsprocessor.dll
适用于 .NET Framework MSBuild 版本 18.10.1-1.26427.6+3cd27c13e

  Checking File Globs
  ringbuffer.vcxproj -> D:\UserData\Desktop\Project\lmms\build\src\3rdparty\ringbuffer.dir\Release\ringbuffer.lib
  weakjack.vcxproj -> D:\UserData\Desktop\Project\lmms\build\src\3rdparty\weakjack\Release\weakjack.lib
  Automatic MOC and UIC for target lmmssvs
  lmmssvs.vcxproj -> D:\UserData\Desktop\Project\lmms\build\src\core\svs\Release\lmmssvs.lib
  Automatic MOC and UIC for target lmmsobjs
  lmmsobjs.vcxproj -> D:\UserData\Desktop\Project\lmms\build\src\lmmsobjs.dir\Release\lmmsobjs.lib
  Automatic MOC and UIC for target RemoteCatalogIo
  RemoteCatalogIo.vcxproj -> D:\UserData\Desktop\Project\lmms\build\plugins\RemoteCatalogIo.exe
  Automatic MOC and UIC for target lmms
  lmms.vcxproj -> D:\UserData\Desktop\Project\lmms\build\Release\lmms.exe
    正在创建库 D:/UserData/Desktop/Project/lmms/build/plugins/Eq/Release/eq.lib 和对象 D:/UserData/Desktop/Project/lmms/build/plugins/Eq/Release/eq.exp
  eq.vcxproj -> D:\UserData\Desktop\Project\lmms\build\Release\plugins\eq.dll
适用于 .NET Framework MSBuild 版本 18.10.1-1.26427.6+3cd27c13e

  Checking File Globs
  ringbuffer.vcxproj -> D:\UserData\Desktop\Project\lmms\build\src\3rdparty\ringbuffer.dir\Release\ringbuffer.lib
  weakjack.vcxproj -> D:\UserData\Desktop\Project\lmms\build\src\3rdparty\weakjack\Release\weakjack.lib
  Automatic MOC and UIC for target lmmssvs
  lmmssvs.vcxproj -> D:\UserData\Desktop\Project\lmms\build\src\core\svs\Release\lmmssvs.lib
  Automatic MOC and UIC for target lmmsobjs
  lmmsobjs.vcxproj -> D:\UserData\Desktop\Project\lmms\build\src\lmmsobjs.dir\Release\lmmsobjs.lib
  Automatic MOC and UIC for target RemoteCatalogIo
  RemoteCatalogIo.vcxproj -> D:\UserData\Desktop\Project\lmms\build\plugins\RemoteCatalogIo.exe
  Automatic MOC and UIC for target lmms
  lmms.vcxproj -> D:\UserData\Desktop\Project\lmms\build\Release\lmms.exe
    正在创建库 D:/UserData/Desktop/Project/lmms/build/plugins/Flanger/Release/flanger.lib 和对象 D:/UserData/Desktop/Project/lmms/build/plugins/Flanger/Release/flanger.exp
  flanger.vcxproj -> D:\UserData\Desktop\Project\lmms\build\Release\plugins\flanger.dll
适用于 .NET Framework MSBuild 版本 18.10.1-1.26427.6+3cd27c13e

  Checking File Globs
  ringbuffer.vcxproj -> D:\UserData\Desktop\Project\lmms\build\src\3rdparty\ringbuffer.dir\Release\ringbuffer.lib
  weakjack.vcxproj -> D:\UserData\Desktop\Project\lmms\build\src\3rdparty\weakjack\Release\weakjack.lib
  Automatic MOC and UIC for target lmmssvs
  lmmssvs.vcxproj -> D:\UserData\Desktop\Project\lmms\build\src\core\svs\Release\lmmssvs.lib
  Automatic MOC and UIC for target lmmsobjs
  lmmsobjs.vcxproj -> D:\UserData\Desktop\Project\lmms\build\src\lmmsobjs.dir\Release\lmmsobjs.lib
  Automatic MOC and UIC for target RemoteCatalogIo
  RemoteCatalogIo.vcxproj -> D:\UserData\Desktop\Project\lmms\build\plugins\RemoteCatalogIo.exe
  Automatic MOC and UIC for target lmms
  lmms.vcxproj -> D:\UserData\Desktop\Project\lmms\build\Release\lmms.exe
    正在创建库 D:/UserData/Desktop/Project/lmms/build/plugins/FrequencyShifter/Release/frequencyshifter.lib 和对象 D:/UserData/Desktop/Project/lmms/build/plugins/FrequencyShifter/Release/frequencyshifter.exp
  frequencyshifter.vcxproj -> D:\UserData\Desktop\Project\lmms\build\Release\plugins\frequencyshifter.dll
适用于 .NET Framework MSBuild 版本 18.10.1-1.26427.6+3cd27c13e

  Checking File Globs
  ringbuffer.vcxproj -> D:\UserData\Desktop\Project\lmms\build\src\3rdparty\ringbuffer.dir\Release\ringbuffer.lib
  weakjack.vcxproj -> D:\UserData\Desktop\Project\lmms\build\src\3rdparty\weakjack\Release\weakjack.lib
  Automatic MOC and UIC for target lmmssvs
  lmmssvs.vcxproj -> D:\UserData\Desktop\Project\lmms\build\src\core\svs\Release\lmmssvs.lib
  Automatic MOC and UIC for target lmmsobjs
  lmmsobjs.vcxproj -> D:\UserData\Desktop\Project\lmms\build\src\lmmsobjs.dir\Release\lmmsobjs.lib
  Automatic MOC and UIC for target RemoteCatalogIo
  RemoteCatalogIo.vcxproj -> D:\UserData\Desktop\Project\lmms\build\plugins\RemoteCatalogIo.exe
  Automatic MOC and UIC for target lmms
  lmms.vcxproj -> D:\UserData\Desktop\Project\lmms\build\Release\lmms.exe
    正在创建库 D:/UserData/Desktop/Project/lmms/build/plugins/GranularPitchShifter/Release/granularpitchshifter.lib 和对象 D:/UserData/Desktop/Project/lmms/build/plugins/GranularPitchShifter/Release/granularpitchshifter.exp
  granularpitchshifter.vcxproj -> D:\UserData\Desktop\Project\lmms\build\Release\plugins\granularpitchshifter.dll
适用于 .NET Framework MSBuild 版本 18.10.1-1.26427.6+3cd27c13e

  Checking File Globs
  ringbuffer.vcxproj -> D:\UserData\Desktop\Project\lmms\build\src\3rdparty\ringbuffer.dir\Release\ringbuffer.lib
  weakjack.vcxproj -> D:\UserData\Desktop\Project\lmms\build\src\3rdparty\weakjack\Release\weakjack.lib
  Automatic MOC and UIC for target lmmssvs
  lmmssvs.vcxproj -> D:\UserData\Desktop\Project\lmms\build\src\core\svs\Release\lmmssvs.lib
  Automatic MOC and UIC for target lmmsobjs
  lmmsobjs.vcxproj -> D:\UserData\Desktop\Project\lmms\build\src\lmmsobjs.dir\Release\lmmsobjs.lib
  Automatic MOC and UIC for target RemoteCatalogIo
  RemoteCatalogIo.vcxproj -> D:\UserData\Desktop\Project\lmms\build\plugins\RemoteCatalogIo.exe
  Automatic MOC and UIC for target lmms
  lmms.vcxproj -> D:\UserData\Desktop\Project\lmms\build\Release\lmms.exe
    正在创建库 D:/UserData/Desktop/Project/lmms/build/plugins/HydrogenImport/Release/hydrogenimport.lib 和对象 D:/UserData/Desktop/Project/lmms/build/plugins/HydrogenImport/Release/hydrogenimport.exp
  hydrogenimport.vcxproj -> D:\UserData\Desktop\Project\lmms\build\Release\plugins\hydrogenimport.dll
适用于 .NET Framework MSBuild 版本 18.10.1-1.26427.6+3cd27c13e

  Checking File Globs
  ringbuffer.vcxproj -> D:\UserData\Desktop\Project\lmms\build\src\3rdparty\ringbuffer.dir\Release\ringbuffer.lib
  weakjack.vcxproj -> D:\UserData\Desktop\Project\lmms\build\src\3rdparty\weakjack\Release\weakjack.lib
  Automatic MOC and UIC for target lmmssvs
  lmmssvs.vcxproj -> D:\UserData\Desktop\Project\lmms\build\src\core\svs\Release\lmmssvs.lib
  Automatic MOC and UIC for target lmmsobjs
  lmmsobjs.vcxproj -> D:\UserData\Desktop\Project\lmms\build\src\lmmsobjs.dir\Release\lmmsobjs.lib
  Automatic MOC and UIC for target RemoteCatalogIo
  RemoteCatalogIo.vcxproj -> D:\UserData\Desktop\Project\lmms\build\plugins\RemoteCatalogIo.exe
  Automatic MOC and UIC for target lmms
  lmms.vcxproj -> D:\UserData\Desktop\Project\lmms\build\Release\lmms.exe
    正在创建库 D:/UserData/Desktop/Project/lmms/build/plugins/LadspaBrowser/Release/ladspabrowser.lib 和对象 D:/UserData/Desktop/Project/lmms/build/plugins/LadspaBrowser/Release/ladspabrowser.exp
  ladspabrowser.vcxproj -> D:\UserData\Desktop\Project\lmms\build\Release\plugins\ladspabrowser.dll
适用于 .NET Framework MSBuild 版本 18.10.1-1.26427.6+3cd27c13e

  Checking File Globs
  ringbuffer.vcxproj -> D:\UserData\Desktop\Project\lmms\build\src\3rdparty\ringbuffer.dir\Release\ringbuffer.lib
  weakjack.vcxproj -> D:\UserData\Desktop\Project\lmms\build\src\3rdparty\weakjack\Release\weakjack.lib
  Automatic MOC and UIC for target lmmssvs
  lmmssvs.vcxproj -> D:\UserData\Desktop\Project\lmms\build\src\core\svs\Release\lmmssvs.lib
  Automatic MOC and UIC for target lmmsobjs
  lmmsobjs.vcxproj -> D:\UserData\Desktop\Project\lmms\build\src\lmmsobjs.dir\Release\lmmsobjs.lib
  Automatic MOC and UIC for target RemoteCatalogIo
  RemoteCatalogIo.vcxproj -> D:\UserData\Desktop\Project\lmms\build\plugins\RemoteCatalogIo.exe
  Automatic MOC and UIC for target lmms
  lmms.vcxproj -> D:\UserData\Desktop\Project\lmms\build\Release\lmms.exe
    正在创建库 D:/UserData/Desktop/Project/lmms/build/plugins/LadspaEffect/Release/ladspaeffect.lib 和对象 D:/UserData/Desktop/Project/lmms/build/plugins/LadspaEffect/Release/ladspaeffect.exp
  ladspaeffect.vcxproj -> D:\UserData\Desktop\Project\lmms\build\Release\plugins\ladspaeffect.dll
适用于 .NET Framework MSBuild 版本 18.10.1-1.26427.6+3cd27c13e

  Checking File Globs
  caps.vcxproj -> D:\UserData\Desktop\Project\lmms\build\plugins\ladspa\Release\caps.dll
适用于 .NET Framework MSBuild 版本 18.10.1-1.26427.6+3cd27c13e

  Checking File Globs
  tap_autopan.vcxproj -> D:\UserData\Desktop\Project\lmms\build\plugins\ladspa\Release\tap_autopan.dll
适用于 .NET Framework MSBuild 版本 18.10.1-1.26427.6+3cd27c13e

  Checking File Globs
  tap_chorusflanger.vcxproj -> D:\UserData\Desktop\Project\lmms\build\plugins\ladspa\Release\tap_chorusflanger.dll
适用于 .NET Framework MSBuild 版本 18.10.1-1.26427.6+3cd27c13e

  Checking File Globs
  tap_deesser.vcxproj -> D:\UserData\Desktop\Project\lmms\build\plugins\ladspa\Release\tap_deesser.dll
适用于 .NET Framework MSBuild 版本 18.10.1-1.26427.6+3cd27c13e

  Checking File Globs
  tap_doubler.vcxproj -> D:\UserData\Desktop\Project\lmms\build\plugins\ladspa\Release\tap_doubler.dll
适用于 .NET Framework MSBuild 版本 18.10.1-1.26427.6+3cd27c13e

  Checking File Globs
  tap_dynamics_m.vcxproj -> D:\UserData\Desktop\Project\lmms\build\plugins\ladspa\Release\tap_dynamics_m.dll
适用于 .NET Framework MSBuild 版本 18.10.1-1.26427.6+3cd27c13e

  Checking File Globs
  tap_dynamics_st.vcxproj -> D:\UserData\Desktop\Project\lmms\build\plugins\ladspa\Release\tap_dynamics_st.dll
适用于 .NET Framework MSBuild 版本 18.10.1-1.26427.6+3cd27c13e

  Checking File Globs
  tap_echo.vcxproj -> D:\UserData\Desktop\Project\lmms\build\plugins\ladspa\Release\tap_echo.dll
适用于 .NET Framework MSBuild 版本 18.10.1-1.26427.6+3cd27c13e

  Checking File Globs
  tap_eq.vcxproj -> D:\UserData\Desktop\Project\lmms\build\plugins\ladspa\Release\tap_eq.dll
适用于 .NET Framework MSBuild 版本 18.10.1-1.26427.6+3cd27c13e

  Checking File Globs
  tap_eqbw.vcxproj -> D:\UserData\Desktop\Project\lmms\build\plugins\ladspa\Release\tap_eqbw.dll
适用于 .NET Framework MSBuild 版本 18.10.1-1.26427.6+3cd27c13e

  Checking File Globs
  tap_limiter.vcxproj -> D:\UserData\Desktop\Project\lmms\build\plugins\ladspa\Release\tap_limiter.dll
适用于 .NET Framework MSBuild 版本 18.10.1-1.26427.6+3cd27c13e

  Checking File Globs
  tap_pinknoise.vcxproj -> D:\UserData\Desktop\Project\lmms\build\plugins\ladspa\Release\tap_pinknoise.dll
适用于 .NET Framework MSBuild 版本 18.10.1-1.26427.6+3cd27c13e

  Checking File Globs
  tap_pitch.vcxproj -> D:\UserData\Desktop\Project\lmms\build\plugins\ladspa\Release\tap_pitch.dll
适用于 .NET Framework MSBuild 版本 18.10.1-1.26427.6+3cd27c13e

  Checking File Globs
  tap_reflector.vcxproj -> D:\UserData\Desktop\Project\lmms\build\plugins\ladspa\Release\tap_reflector.dll
适用于 .NET Framework MSBuild 版本 18.10.1-1.26427.6+3cd27c13e

  Checking File Globs
  tap_reverb.vcxproj -> D:\UserData\Desktop\Project\lmms\build\plugins\ladspa\Release\tap_reverb.dll
适用于 .NET Framework MSBuild 版本 18.10.1-1.26427.6+3cd27c13e

  Checking File Globs
  tap_rotspeak.vcxproj -> D:\UserData\Desktop\Project\lmms\build\plugins\ladspa\Release\tap_rotspeak.dll
适用于 .NET Framework MSBuild 版本 18.10.1-1.26427.6+3cd27c13e

  Checking File Globs
  tap_sigmoid.vcxproj -> D:\UserData\Desktop\Project\lmms\build\plugins\ladspa\Release\tap_sigmoid.dll
适用于 .NET Framework MSBuild 版本 18.10.1-1.26427.6+3cd27c13e

  Checking File Globs
  tap_tremolo.vcxproj -> D:\UserData\Desktop\Project\lmms\build\plugins\ladspa\Release\tap_tremolo.dll
适用于 .NET Framework MSBuild 版本 18.10.1-1.26427.6+3cd27c13e

  Checking File Globs
  tap_tubewarmth.vcxproj -> D:\UserData\Desktop\Project\lmms\build\plugins\ladspa\Release\tap_tubewarmth.dll
适用于 .NET Framework MSBuild 版本 18.10.1-1.26427.6+3cd27c13e

  Checking File Globs
  tap_vibrato.vcxproj -> D:\UserData\Desktop\Project\lmms\build\plugins\ladspa\Release\tap_vibrato.dll
适用于 .NET Framework MSBuild 版本 18.10.1-1.26427.6+3cd27c13e

  Checking File Globs
  cmt.vcxproj -> D:\UserData\Desktop\Project\lmms\build\plugins\ladspa\Release\cmt.dll
适用于 .NET Framework MSBuild 版本 18.10.1-1.26427.6+3cd27c13e

  Checking File Globs
  veal.vcxproj -> D:\UserData\Desktop\Project\lmms\build\plugins\ladspa\Release\veal.dll
适用于 .NET Framework MSBuild 版本 18.10.1-1.26427.6+3cd27c13e

  Checking File Globs
  ringbuffer.vcxproj -> D:\UserData\Desktop\Project\lmms\build\src\3rdparty\ringbuffer.dir\Release\ringbuffer.lib
  weakjack.vcxproj -> D:\UserData\Desktop\Project\lmms\build\src\3rdparty\weakjack\Release\weakjack.lib
  Automatic MOC and UIC for target lmmssvs
  lmmssvs.vcxproj -> D:\UserData\Desktop\Project\lmms\build\src\core\svs\Release\lmmssvs.lib
  Automatic MOC and UIC for target lmmsobjs
  lmmsobjs.vcxproj -> D:\UserData\Desktop\Project\lmms\build\src\lmmsobjs.dir\Release\lmmsobjs.lib
  Automatic MOC and UIC for target RemoteCatalogIo
  RemoteCatalogIo.vcxproj -> D:\UserData\Desktop\Project\lmms\build\plugins\RemoteCatalogIo.exe
  Automatic MOC and UIC for target lmms
  lmms.vcxproj -> D:\UserData\Desktop\Project\lmms\build\Release\lmms.exe
    正在创建库 D:/UserData/Desktop/Project/lmms/build/plugins/LOMM/Release/lomm.lib 和对象 D:/UserData/Desktop/Project/lmms/build/plugins/LOMM/Release/lomm.exp
  lomm.vcxproj -> D:\UserData\Desktop\Project\lmms\build\Release\plugins\lomm.dll
适用于 .NET Framework MSBuild 版本 18.10.1-1.26427.6+3cd27c13e

  Checking File Globs
  ringbuffer.vcxproj -> D:\UserData\Desktop\Project\lmms\build\src\3rdparty\ringbuffer.dir\Release\ringbuffer.lib
  weakjack.vcxproj -> D:\UserData\Desktop\Project\lmms\build\src\3rdparty\weakjack\Release\weakjack.lib
  Automatic MOC and UIC for target lmmssvs
  lmmssvs.vcxproj -> D:\UserData\Desktop\Project\lmms\build\src\core\svs\Release\lmmssvs.lib
  Automatic MOC and UIC for target lmmsobjs
  lmmsobjs.vcxproj -> D:\UserData\Desktop\Project\lmms\build\src\lmmsobjs.dir\Release\lmmsobjs.lib
  Automatic MOC and UIC for target RemoteCatalogIo
  RemoteCatalogIo.vcxproj -> D:\UserData\Desktop\Project\lmms\build\plugins\RemoteCatalogIo.exe
  Automatic MOC and UIC for target lmms
  lmms.vcxproj -> D:\UserData\Desktop\Project\lmms\build\Release\lmms.exe
    正在创建库 D:/UserData/Desktop/Project/lmms/build/plugins/Lv2Effect/Release/lv2effect.lib 和对象 D:/UserData/Desktop/Project/lmms/build/plugins/Lv2Effect/Release/lv2effect.exp
  lv2effect.vcxproj -> D:\UserData\Desktop\Project\lmms\build\Release\plugins\lv2effect.dll
适用于 .NET Framework MSBuild 版本 18.10.1-1.26427.6+3cd27c13e

  Checking File Globs
  ringbuffer.vcxproj -> D:\UserData\Desktop\Project\lmms\build\src\3rdparty\ringbuffer.dir\Release\ringbuffer.lib
  weakjack.vcxproj -> D:\UserData\Desktop\Project\lmms\build\src\3rdparty\weakjack\Release\weakjack.lib
  Automatic MOC and UIC for target lmmssvs
  lmmssvs.vcxproj -> D:\UserData\Desktop\Project\lmms\build\src\core\svs\Release\lmmssvs.lib
  Automatic MOC and UIC for target lmmsobjs
  lmmsobjs.vcxproj -> D:\UserData\Desktop\Project\lmms\build\src\lmmsobjs.dir\Release\lmmsobjs.lib
  Automatic MOC and UIC for target RemoteCatalogIo
  RemoteCatalogIo.vcxproj -> D:\UserData\Desktop\Project\lmms\build\plugins\RemoteCatalogIo.exe
  Automatic MOC and UIC for target lmms
  lmms.vcxproj -> D:\UserData\Desktop\Project\lmms\build\Release\lmms.exe
    正在创建库 D:/UserData/Desktop/Project/lmms/build/plugins/Lv2Instrument/Release/lv2instrument.lib 和对象 D:/UserData/Desktop/Project/lmms/build/plugins/Lv2Instrument/Release/lv2instrument.exp
  lv2instrument.vcxproj -> D:\UserData\Desktop\Project\lmms\build\Release\plugins\lv2instrument.dll
适用于 .NET Framework MSBuild 版本 18.10.1-1.26427.6+3cd27c13e

  Checking File Globs
  ringbuffer.vcxproj -> D:\UserData\Desktop\Project\lmms\build\src\3rdparty\ringbuffer.dir\Release\ringbuffer.lib
  weakjack.vcxproj -> D:\UserData\Desktop\Project\lmms\build\src\3rdparty\weakjack\Release\weakjack.lib
  Automatic MOC and UIC for target lmmssvs
  lmmssvs.vcxproj -> D:\UserData\Desktop\Project\lmms\build\src\core\svs\Release\lmmssvs.lib
  Automatic MOC and UIC for target lmmsobjs
  lmmsobjs.vcxproj -> D:\UserData\Desktop\Project\lmms\build\src\lmmsobjs.dir\Release\lmmsobjs.lib
  Automatic MOC and UIC for target RemoteCatalogIo
  RemoteCatalogIo.vcxproj -> D:\UserData\Desktop\Project\lmms\build\plugins\RemoteCatalogIo.exe
  Automatic MOC and UIC for target lmms
  lmms.vcxproj -> D:\UserData\Desktop\Project\lmms\build\Release\lmms.exe
    正在创建库 D:/UserData/Desktop/Project/lmms/build/plugins/Lb302/Release/lb302.lib 和对象 D:/UserData/Desktop/Project/lmms/build/plugins/Lb302/Release/lb302.exp
  lb302.vcxproj -> D:\UserData\Desktop\Project\lmms\build\Release\plugins\lb302.dll
适用于 .NET Framework MSBuild 版本 18.10.1-1.26427.6+3cd27c13e

  Checking File Globs
  ringbuffer.vcxproj -> D:\UserData\Desktop\Project\lmms\build\src\3rdparty\ringbuffer.dir\Release\ringbuffer.lib
  weakjack.vcxproj -> D:\UserData\Desktop\Project\lmms\build\src\3rdparty\weakjack\Release\weakjack.lib
  Automatic MOC and UIC for target lmmssvs
  lmmssvs.vcxproj -> D:\UserData\Desktop\Project\lmms\build\src\core\svs\Release\lmmssvs.lib
  Automatic MOC and UIC for target lmmsobjs
  lmmsobjs.vcxproj -> D:\UserData\Desktop\Project\lmms\build\src\lmmsobjs.dir\Release\lmmsobjs.lib
  Automatic MOC and UIC for target RemoteCatalogIo
  RemoteCatalogIo.vcxproj -> D:\UserData\Desktop\Project\lmms\build\plugins\RemoteCatalogIo.exe
  Automatic MOC and UIC for target lmms
  lmms.vcxproj -> D:\UserData\Desktop\Project\lmms\build\Release\lmms.exe
    正在创建库 D:/UserData/Desktop/Project/lmms/build/plugins/MidiImport/Release/midiimport.lib 和对象 D:/UserData/Desktop/Project/lmms/build/plugins/MidiImport/Release/midiimport.exp
  midiimport.vcxproj -> D:\UserData\Desktop\Project\lmms\build\Release\plugins\midiimport.dll
适用于 .NET Framework MSBuild 版本 18.10.1-1.26427.6+3cd27c13e

  Checking File Globs
  ringbuffer.vcxproj -> D:\UserData\Desktop\Project\lmms\build\src\3rdparty\ringbuffer.dir\Release\ringbuffer.lib
  weakjack.vcxproj -> D:\UserData\Desktop\Project\lmms\build\src\3rdparty\weakjack\Release\weakjack.lib
  Automatic MOC and UIC for target lmmssvs
  lmmssvs.vcxproj -> D:\UserData\Desktop\Project\lmms\build\src\core\svs\Release\lmmssvs.lib
  Automatic MOC and UIC for target lmmsobjs
  lmmsobjs.vcxproj -> D:\UserData\Desktop\Project\lmms\build\src\lmmsobjs.dir\Release\lmmsobjs.lib
  Automatic MOC and UIC for target RemoteCatalogIo
  RemoteCatalogIo.vcxproj -> D:\UserData\Desktop\Project\lmms\build\plugins\RemoteCatalogIo.exe
  Automatic MOC and UIC for target lmms
  lmms.vcxproj -> D:\UserData\Desktop\Project\lmms\build\Release\lmms.exe
    正在创建库 D:/UserData/Desktop/Project/lmms/build/plugins/MidiExport/Release/midiexport.lib 和对象 D:/UserData/Desktop/Project/lmms/build/plugins/MidiExport/Release/midiexport.exp
  midiexport.vcxproj -> D:\UserData\Desktop\Project\lmms\build\Release\plugins\midiexport.dll
适用于 .NET Framework MSBuild 版本 18.10.1-1.26427.6+3cd27c13e

  Checking File Globs
  ringbuffer.vcxproj -> D:\UserData\Desktop\Project\lmms\build\src\3rdparty\ringbuffer.dir\Release\ringbuffer.lib
  weakjack.vcxproj -> D:\UserData\Desktop\Project\lmms\build\src\3rdparty\weakjack\Release\weakjack.lib
  Automatic MOC and UIC for target lmmssvs
  lmmssvs.vcxproj -> D:\UserData\Desktop\Project\lmms\build\src\core\svs\Release\lmmssvs.lib
  Automatic MOC and UIC for target lmmsobjs
  lmmsobjs.vcxproj -> D:\UserData\Desktop\Project\lmms\build\src\lmmsobjs.dir\Release\lmmsobjs.lib
  Automatic MOC and UIC for target RemoteCatalogIo
  RemoteCatalogIo.vcxproj -> D:\UserData\Desktop\Project\lmms\build\plugins\RemoteCatalogIo.exe
  Automatic MOC and UIC for target lmms
  lmms.vcxproj -> D:\UserData\Desktop\Project\lmms\build\Release\lmms.exe
    正在创建库 D:/UserData/Desktop/Project/lmms/build/plugins/MultitapEcho/Release/multitapecho.lib 和对象 D:/UserData/Desktop/Project/lmms/build/plugins/MultitapEcho/Release/multitapecho.exp
  multitapecho.vcxproj -> D:\UserData\Desktop\Project\lmms\build\Release\plugins\multitapecho.dll
适用于 .NET Framework MSBuild 版本 18.10.1-1.26427.6+3cd27c13e

  Checking File Globs
  ringbuffer.vcxproj -> D:\UserData\Desktop\Project\lmms\build\src\3rdparty\ringbuffer.dir\Release\ringbuffer.lib
  weakjack.vcxproj -> D:\UserData\Desktop\Project\lmms\build\src\3rdparty\weakjack\Release\weakjack.lib
  Automatic MOC and UIC for target lmmssvs
  lmmssvs.vcxproj -> D:\UserData\Desktop\Project\lmms\build\src\core\svs\Release\lmmssvs.lib
  Automatic MOC and UIC for target lmmsobjs
  lmmsobjs.vcxproj -> D:\UserData\Desktop\Project\lmms\build\src\lmmsobjs.dir\Release\lmmsobjs.lib
  Automatic MOC and UIC for target RemoteCatalogIo
  RemoteCatalogIo.vcxproj -> D:\UserData\Desktop\Project\lmms\build\plugins\RemoteCatalogIo.exe
  Automatic MOC and UIC for target lmms
  lmms.vcxproj -> D:\UserData\Desktop\Project\lmms\build\Release\lmms.exe
    正在创建库 D:/UserData/Desktop/Project/lmms/build/plugins/Monstro/Release/monstro.lib 和对象 D:/UserData/Desktop/Project/lmms/build/plugins/Monstro/Release/monstro.exp
  monstro.vcxproj -> D:\UserData\Desktop\Project\lmms\build\Release\plugins\monstro.dll
适用于 .NET Framework MSBuild 版本 18.10.1-1.26427.6+3cd27c13e

  Checking File Globs
  ringbuffer.vcxproj -> D:\UserData\Desktop\Project\lmms\build\src\3rdparty\ringbuffer.dir\Release\ringbuffer.lib
  weakjack.vcxproj -> D:\UserData\Desktop\Project\lmms\build\src\3rdparty\weakjack\Release\weakjack.lib
  Automatic MOC and UIC for target lmmssvs
  lmmssvs.vcxproj -> D:\UserData\Desktop\Project\lmms\build\src\core\svs\Release\lmmssvs.lib
  Automatic MOC and UIC for target lmmsobjs
  lmmsobjs.vcxproj -> D:\UserData\Desktop\Project\lmms\build\src\lmmsobjs.dir\Release\lmmsobjs.lib
  Automatic MOC and UIC for target RemoteCatalogIo
  RemoteCatalogIo.vcxproj -> D:\UserData\Desktop\Project\lmms\build\plugins\RemoteCatalogIo.exe
  Automatic MOC and UIC for target lmms
  lmms.vcxproj -> D:\UserData\Desktop\Project\lmms\build\Release\lmms.exe
    正在创建库 D:/UserData/Desktop/Project/lmms/build/plugins/Nes/Release/nes.lib 和对象 D:/UserData/Desktop/Project/lmms/build/plugins/Nes/Release/nes.exp
  nes.vcxproj -> D:\UserData\Desktop\Project\lmms\build\Release\plugins\nes.dll
适用于 .NET Framework MSBuild 版本 18.10.1-1.26427.6+3cd27c13e

  Checking File Globs
  ringbuffer.vcxproj -> D:\UserData\Desktop\Project\lmms\build\src\3rdparty\ringbuffer.dir\Release\ringbuffer.lib
  weakjack.vcxproj -> D:\UserData\Desktop\Project\lmms\build\src\3rdparty\weakjack\Release\weakjack.lib
  Automatic MOC and UIC for target lmmssvs
  lmmssvs.vcxproj -> D:\UserData\Desktop\Project\lmms\build\src\core\svs\Release\lmmssvs.lib
  Automatic MOC and UIC for target lmmsobjs
  lmmsobjs.vcxproj -> D:\UserData\Desktop\Project\lmms\build\src\lmmsobjs.dir\Release\lmmsobjs.lib
  Automatic MOC and UIC for target RemoteCatalogIo
  adplug.vcxproj -> D:\UserData\Desktop\Project\lmms\build\plugins\OpulenZ\Release\adplug.lib
  RemoteCatalogIo.vcxproj -> D:\UserData\Desktop\Project\lmms\build\plugins\RemoteCatalogIo.exe
  Automatic MOC and UIC for target lmms
  lmms.vcxproj -> D:\UserData\Desktop\Project\lmms\build\Release\lmms.exe
    正在创建库 D:/UserData/Desktop/Project/lmms/build/plugins/OpulenZ/Release/opulenz.lib 和对象 D:/UserData/Desktop/Project/lmms/build/plugins/OpulenZ/Release/opulenz.exp
  opulenz.vcxproj -> D:\UserData\Desktop\Project\lmms\build\Release\plugins\opulenz.dll
适用于 .NET Framework MSBuild 版本 18.10.1-1.26427.6+3cd27c13e

  Checking File Globs
  ringbuffer.vcxproj -> D:\UserData\Desktop\Project\lmms\build\src\3rdparty\ringbuffer.dir\Release\ringbuffer.lib
  weakjack.vcxproj -> D:\UserData\Desktop\Project\lmms\build\src\3rdparty\weakjack\Release\weakjack.lib
  Automatic MOC and UIC for target lmmssvs
  lmmssvs.vcxproj -> D:\UserData\Desktop\Project\lmms\build\src\core\svs\Release\lmmssvs.lib
  Automatic MOC and UIC for target lmmsobjs
  lmmsobjs.vcxproj -> D:\UserData\Desktop\Project\lmms\build\src\lmmsobjs.dir\Release\lmmsobjs.lib
  Automatic MOC and UIC for target RemoteCatalogIo
  RemoteCatalogIo.vcxproj -> D:\UserData\Desktop\Project\lmms\build\plugins\RemoteCatalogIo.exe
  Automatic MOC and UIC for target lmms
  lmms.vcxproj -> D:\UserData\Desktop\Project\lmms\build\Release\lmms.exe
    正在创建库 D:/UserData/Desktop/Project/lmms/build/plugins/Organic/Release/organic.lib 和对象 D:/UserData/Desktop/Project/lmms/build/plugins/Organic/Release/organic.exp
  organic.vcxproj -> D:\UserData\Desktop\Project\lmms\build\Release\plugins\organic.dll
适用于 .NET Framework MSBuild 版本 18.10.1-1.26427.6+3cd27c13e

  Checking File Globs
  ringbuffer.vcxproj -> D:\UserData\Desktop\Project\lmms\build\src\3rdparty\ringbuffer.dir\Release\ringbuffer.lib
  weakjack.vcxproj -> D:\UserData\Desktop\Project\lmms\build\src\3rdparty\weakjack\Release\weakjack.lib
  Automatic MOC and UIC for target lmmssvs
  lmmssvs.vcxproj -> D:\UserData\Desktop\Project\lmms\build\src\core\svs\Release\lmmssvs.lib
  Automatic MOC and UIC for target lmmsobjs
  lmmsobjs.vcxproj -> D:\UserData\Desktop\Project\lmms\build\src\lmmsobjs.dir\Release\lmmsobjs.lib
  Automatic MOC and UIC for target RemoteCatalogIo
  RemoteCatalogIo.vcxproj -> D:\UserData\Desktop\Project\lmms\build\plugins\RemoteCatalogIo.exe
  Automatic MOC and UIC for target lmms
  lmms.vcxproj -> D:\UserData\Desktop\Project\lmms\build\Release\lmms.exe
    正在创建库 D:/UserData/Desktop/Project/lmms/build/plugins/Oscilloscope/Release/oscilloscope.lib 和对象 D:/UserData/Desktop/Project/lmms/build/plugins/Oscilloscope/Release/oscilloscope.exp
  oscilloscope.vcxproj -> D:\UserData\Desktop\Project\lmms\build\Release\plugins\oscilloscope.dll
适用于 .NET Framework MSBuild 版本 18.10.1-1.26427.6+3cd27c13e

  Checking File Globs
  ringbuffer.vcxproj -> D:\UserData\Desktop\Project\lmms\build\src\3rdparty\ringbuffer.dir\Release\ringbuffer.lib
  weakjack.vcxproj -> D:\UserData\Desktop\Project\lmms\build\src\3rdparty\weakjack\Release\weakjack.lib
  Automatic MOC and UIC for target lmmssvs
  lmmssvs.vcxproj -> D:\UserData\Desktop\Project\lmms\build\src\core\svs\Release\lmmssvs.lib
  Automatic MOC and UIC for target lmmsobjs
  lmmsobjs.vcxproj -> D:\UserData\Desktop\Project\lmms\build\src\lmmsobjs.dir\Release\lmmsobjs.lib
  Automatic MOC and UIC for target RemoteCatalogIo
  gme.vcxproj -> D:\UserData\Desktop\Project\lmms\build\plugins\FreeBoy\Release\gme.lib
  RemoteCatalogIo.vcxproj -> D:\UserData\Desktop\Project\lmms\build\plugins\RemoteCatalogIo.exe
  Automatic MOC and UIC for target lmms
  lmms.vcxproj -> D:\UserData\Desktop\Project\lmms\build\Release\lmms.exe
    正在创建库 D:/UserData/Desktop/Project/lmms/build/plugins/FreeBoy/Release/freeboy.lib 和对象 D:/UserData/Desktop/Project/lmms/build/plugins/FreeBoy/Release/freeboy.exp
  freeboy.vcxproj -> D:\UserData\Desktop\Project\lmms\build\Release\plugins\freeboy.dll
适用于 .NET Framework MSBuild 版本 18.10.1-1.26427.6+3cd27c13e

  Checking File Globs
  ringbuffer.vcxproj -> D:\UserData\Desktop\Project\lmms\build\src\3rdparty\ringbuffer.dir\Release\ringbuffer.lib
  weakjack.vcxproj -> D:\UserData\Desktop\Project\lmms\build\src\3rdparty\weakjack\Release\weakjack.lib
  Automatic MOC and UIC for target lmmssvs
  lmmssvs.vcxproj -> D:\UserData\Desktop\Project\lmms\build\src\core\svs\Release\lmmssvs.lib
  Automatic MOC and UIC for target lmmsobjs
  lmmsobjs.vcxproj -> D:\UserData\Desktop\Project\lmms\build\src\lmmsobjs.dir\Release\lmmsobjs.lib
  Automatic MOC and UIC for target RemoteCatalogIo
  RemoteCatalogIo.vcxproj -> D:\UserData\Desktop\Project\lmms\build\plugins\RemoteCatalogIo.exe
  Automatic MOC and UIC for target lmms
  lmms.vcxproj -> D:\UserData\Desktop\Project\lmms\build\Release\lmms.exe
    正在创建库 D:/UserData/Desktop/Project/lmms/build/plugins/Patman/Release/patman.lib 和对象 D:/UserData/Desktop/Project/lmms/build/plugins/Patman/Release/patman.exp
  patman.vcxproj -> D:\UserData\Desktop\Project\lmms\build\Release\plugins\patman.dll
适用于 .NET Framework MSBuild 版本 18.10.1-1.26427.6+3cd27c13e

  Checking File Globs
  ringbuffer.vcxproj -> D:\UserData\Desktop\Project\lmms\build\src\3rdparty\ringbuffer.dir\Release\ringbuffer.lib
  weakjack.vcxproj -> D:\UserData\Desktop\Project\lmms\build\src\3rdparty\weakjack\Release\weakjack.lib
  Automatic MOC and UIC for target lmmssvs
  lmmssvs.vcxproj -> D:\UserData\Desktop\Project\lmms\build\src\core\svs\Release\lmmssvs.lib
  Automatic MOC and UIC for target lmmsobjs
  lmmsobjs.vcxproj -> D:\UserData\Desktop\Project\lmms\build\src\lmmsobjs.dir\Release\lmmsobjs.lib
  Automatic MOC and UIC for target RemoteCatalogIo
  RemoteCatalogIo.vcxproj -> D:\UserData\Desktop\Project\lmms\build\plugins\RemoteCatalogIo.exe
  Automatic MOC and UIC for target lmms
  lmms.vcxproj -> D:\UserData\Desktop\Project\lmms\build\Release\lmms.exe
    正在创建库 D:/UserData/Desktop/Project/lmms/build/plugins/PeakControllerEffect/Release/peakcontrollereffect.lib 和对象 D:/UserData/Desktop/Project/lmms/build/plugins/PeakControllerEffect/Release/peakcontrollereffect.exp
  peakcontrollereffect.vcxproj -> D:\UserData\Desktop\Project\lmms\build\Release\plugins\peakcontrollereffect.dll
适用于 .NET Framework MSBuild 版本 18.10.1-1.26427.6+3cd27c13e

  Checking File Globs
  ringbuffer.vcxproj -> D:\UserData\Desktop\Project\lmms\build\src\3rdparty\ringbuffer.dir\Release\ringbuffer.lib
  weakjack.vcxproj -> D:\UserData\Desktop\Project\lmms\build\src\3rdparty\weakjack\Release\weakjack.lib
  Automatic MOC and UIC for target lmmssvs
  lmmssvs.vcxproj -> D:\UserData\Desktop\Project\lmms\build\src\core\svs\Release\lmmssvs.lib
  Automatic MOC and UIC for target lmmsobjs
  lmmsobjs.vcxproj -> D:\UserData\Desktop\Project\lmms\build\src\lmmsobjs.dir\Release\lmmsobjs.lib
  Automatic MOC and UIC for target RemoteCatalogIo
  RemoteCatalogIo.vcxproj -> D:\UserData\Desktop\Project\lmms\build\plugins\RemoteCatalogIo.exe
  Automatic MOC and UIC for target lmms
  lmms.vcxproj -> D:\UserData\Desktop\Project\lmms\build\Release\lmms.exe
    正在创建库 D:/UserData/Desktop/Project/lmms/build/plugins/ReverbSC/Release/reverbsc.lib 和对象 D:/UserData/Desktop/Project/lmms/build/plugins/ReverbSC/Release/reverbsc.exp
  reverbsc.vcxproj -> D:\UserData\Desktop\Project\lmms\build\Release\plugins\reverbsc.dll
适用于 .NET Framework MSBuild 版本 18.10.1-1.26427.6+3cd27c13e

  Checking File Globs
  ringbuffer.vcxproj -> D:\UserData\Desktop\Project\lmms\build\src\3rdparty\ringbuffer.dir\Release\ringbuffer.lib
  weakjack.vcxproj -> D:\UserData\Desktop\Project\lmms\build\src\3rdparty\weakjack\Release\weakjack.lib
  Automatic MOC and UIC for target lmmssvs
  lmmssvs.vcxproj -> D:\UserData\Desktop\Project\lmms\build\src\core\svs\Release\lmmssvs.lib
  Automatic MOC and UIC for target lmmsobjs
  lmmsobjs.vcxproj -> D:\UserData\Desktop\Project\lmms\build\src\lmmsobjs.dir\Release\lmmsobjs.lib
  Automatic MOC and UIC for target RemoteCatalogIo
  RemoteCatalogIo.vcxproj -> D:\UserData\Desktop\Project\lmms\build\plugins\RemoteCatalogIo.exe
  Automatic MOC and UIC for target lmms
  lmms.vcxproj -> D:\UserData\Desktop\Project\lmms\build\Release\lmms.exe
  Automatic UIC for target sf2player
    正在创建库 D:/UserData/Desktop/Project/lmms/build/plugins/Sf2Player/Release/sf2player.lib 和对象 D:/UserData/Desktop/Project/lmms/build/plugins/Sf2Player/Release/sf2player.exp
  sf2player.vcxproj -> D:\UserData\Desktop\Project\lmms\build\Release\plugins\sf2player.dll
适用于 .NET Framework MSBuild 版本 18.10.1-1.26427.6+3cd27c13e

  Checking File Globs
  ringbuffer.vcxproj -> D:\UserData\Desktop\Project\lmms\build\src\3rdparty\ringbuffer.dir\Release\ringbuffer.lib
  weakjack.vcxproj -> D:\UserData\Desktop\Project\lmms\build\src\3rdparty\weakjack\Release\weakjack.lib
  Automatic MOC and UIC for target lmmssvs
  lmmssvs.vcxproj -> D:\UserData\Desktop\Project\lmms\build\src\core\svs\Release\lmmssvs.lib
  Automatic MOC and UIC for target lmmsobjs
  lmmsobjs.vcxproj -> D:\UserData\Desktop\Project\lmms\build\src\lmmsobjs.dir\Release\lmmsobjs.lib
  Automatic MOC and UIC for target RemoteCatalogIo
  RemoteCatalogIo.vcxproj -> D:\UserData\Desktop\Project\lmms\build\plugins\RemoteCatalogIo.exe
  Automatic MOC and UIC for target lmms
  lmms.vcxproj -> D:\UserData\Desktop\Project\lmms\build\Release\lmms.exe
    正在创建库 D:/UserData/Desktop/Project/lmms/build/plugins/Sfxr/Release/sfxr.lib 和对象 D:/UserData/Desktop/Project/lmms/build/plugins/Sfxr/Release/sfxr.exp
  sfxr.vcxproj -> D:\UserData\Desktop\Project\lmms\build\Release\plugins\sfxr.dll
适用于 .NET Framework MSBuild 版本 18.10.1-1.26427.6+3cd27c13e

  Checking File Globs
  ringbuffer.vcxproj -> D:\UserData\Desktop\Project\lmms\build\src\3rdparty\ringbuffer.dir\Release\ringbuffer.lib
  weakjack.vcxproj -> D:\UserData\Desktop\Project\lmms\build\src\3rdparty\weakjack\Release\weakjack.lib
  Automatic MOC and UIC for target lmmssvs
  lmmssvs.vcxproj -> D:\UserData\Desktop\Project\lmms\build\src\core\svs\Release\lmmssvs.lib
  Automatic MOC and UIC for target lmmsobjs
  lmmsobjs.vcxproj -> D:\UserData\Desktop\Project\lmms\build\src\lmmsobjs.dir\Release\lmmsobjs.lib
  Automatic MOC and UIC for target RemoteCatalogIo
  RemoteCatalogIo.vcxproj -> D:\UserData\Desktop\Project\lmms\build\plugins\RemoteCatalogIo.exe
  Automatic MOC and UIC for target lmms
  lmms.vcxproj -> D:\UserData\Desktop\Project\lmms\build\Release\lmms.exe
    正在创建库 D:/UserData/Desktop/Project/lmms/build/plugins/SlewDistortion/Release/slewdistortion.lib 和对象 D:/UserData/Desktop/Project/lmms/build/plugins/SlewDistortion/Release/slewdistortion.exp
  slewdistortion.vcxproj -> D:\UserData\Desktop\Project\lmms\build\Release\plugins\slewdistortion.dll
适用于 .NET Framework MSBuild 版本 18.10.1-1.26427.6+3cd27c13e

  Checking File Globs
  ringbuffer.vcxproj -> D:\UserData\Desktop\Project\lmms\build\src\3rdparty\ringbuffer.dir\Release\ringbuffer.lib
  weakjack.vcxproj -> D:\UserData\Desktop\Project\lmms\build\src\3rdparty\weakjack\Release\weakjack.lib
  Automatic MOC and UIC for target lmmssvs
  lmmssvs.vcxproj -> D:\UserData\Desktop\Project\lmms\build\src\core\svs\Release\lmmssvs.lib
  Automatic MOC and UIC for target lmmsobjs
  lmmsobjs.vcxproj -> D:\UserData\Desktop\Project\lmms\build\src\lmmsobjs.dir\Release\lmmsobjs.lib
  Automatic MOC and UIC for target RemoteCatalogIo
  RemoteCatalogIo.vcxproj -> D:\UserData\Desktop\Project\lmms\build\plugins\RemoteCatalogIo.exe
  Automatic MOC and UIC for target lmms
  lmms.vcxproj -> D:\UserData\Desktop\Project\lmms\build\Release\lmms.exe
    正在创建库 D:/UserData/Desktop/Project/lmms/build/plugins/SlicerT/Release/slicert.lib 和对象 D:/UserData/Desktop/Project/lmms/build/plugins/SlicerT/Release/slicert.exp
  slicert.vcxproj -> D:\UserData\Desktop\Project\lmms\build\Release\plugins\slicert.dll
适用于 .NET Framework MSBuild 版本 18.10.1-1.26427.6+3cd27c13e

  Checking File Globs
  ringbuffer.vcxproj -> D:\UserData\Desktop\Project\lmms\build\src\3rdparty\ringbuffer.dir\Release\ringbuffer.lib
  weakjack.vcxproj -> D:\UserData\Desktop\Project\lmms\build\src\3rdparty\weakjack\Release\weakjack.lib
  Automatic MOC and UIC for target lmmssvs
  lmmssvs.vcxproj -> D:\UserData\Desktop\Project\lmms\build\src\core\svs\Release\lmmssvs.lib
  Automatic MOC and UIC for target lmmsobjs
  lmmsobjs.vcxproj -> D:\UserData\Desktop\Project\lmms\build\src\lmmsobjs.dir\Release\lmmsobjs.lib
  Automatic MOC and UIC for target RemoteCatalogIo
  RemoteCatalogIo.vcxproj -> D:\UserData\Desktop\Project\lmms\build\plugins\RemoteCatalogIo.exe
  Automatic MOC and UIC for target lmms
  lmms.vcxproj -> D:\UserData\Desktop\Project\lmms\build\Release\lmms.exe
    正在创建库 D:/UserData/Desktop/Project/lmms/build/plugins/SpectrumAnalyzer/Release/analyzer.lib 和对象 D:/UserData/Desktop/Project/lmms/build/plugins/SpectrumAnalyzer/Release/analyzer.exp
  analyzer.vcxproj -> D:\UserData\Desktop\Project\lmms\build\Release\plugins\analyzer.dll
适用于 .NET Framework MSBuild 版本 18.10.1-1.26427.6+3cd27c13e

  Checking File Globs
  ringbuffer.vcxproj -> D:\UserData\Desktop\Project\lmms\build\src\3rdparty\ringbuffer.dir\Release\ringbuffer.lib
  weakjack.vcxproj -> D:\UserData\Desktop\Project\lmms\build\src\3rdparty\weakjack\Release\weakjack.lib
  Automatic MOC and UIC for target lmmssvs
  lmmssvs.vcxproj -> D:\UserData\Desktop\Project\lmms\build\src\core\svs\Release\lmmssvs.lib
  Automatic MOC and UIC for target lmmsobjs
  lmmsobjs.vcxproj -> D:\UserData\Desktop\Project\lmms\build\src\lmmsobjs.dir\Release\lmmsobjs.lib
  Automatic MOC and UIC for target RemoteCatalogIo
  RemoteCatalogIo.vcxproj -> D:\UserData\Desktop\Project\lmms\build\plugins\RemoteCatalogIo.exe
  Automatic MOC and UIC for target lmms
  lmms.vcxproj -> D:\UserData\Desktop\Project\lmms\build\Release\lmms.exe
    正在创建库 D:/UserData/Desktop/Project/lmms/build/plugins/StereoEnhancer/Release/stereoenhancer.lib 和对象 D:/UserData/Desktop/Project/lmms/build/plugins/StereoEnhancer/Release/stereoenhancer.exp
  stereoenhancer.vcxproj -> D:\UserData\Desktop\Project\lmms\build\Release\plugins\stereoenhancer.dll
适用于 .NET Framework MSBuild 版本 18.10.1-1.26427.6+3cd27c13e

  Checking File Globs
  ringbuffer.vcxproj -> D:\UserData\Desktop\Project\lmms\build\src\3rdparty\ringbuffer.dir\Release\ringbuffer.lib
  weakjack.vcxproj -> D:\UserData\Desktop\Project\lmms\build\src\3rdparty\weakjack\Release\weakjack.lib
  Automatic MOC and UIC for target lmmssvs
  lmmssvs.vcxproj -> D:\UserData\Desktop\Project\lmms\build\src\core\svs\Release\lmmssvs.lib
  Automatic MOC and UIC for target lmmsobjs
  lmmsobjs.vcxproj -> D:\UserData\Desktop\Project\lmms\build\src\lmmsobjs.dir\Release\lmmsobjs.lib
  Automatic MOC and UIC for target RemoteCatalogIo
  RemoteCatalogIo.vcxproj -> D:\UserData\Desktop\Project\lmms\build\plugins\RemoteCatalogIo.exe
  Automatic MOC and UIC for target lmms
  lmms.vcxproj -> D:\UserData\Desktop\Project\lmms\build\Release\lmms.exe
    正在创建库 D:/UserData/Desktop/Project/lmms/build/plugins/StereoMatrix/Release/stereomatrix.lib 和对象 D:/UserData/Desktop/Project/lmms/build/plugins/StereoMatrix/Release/stereomatrix.exp
  stereomatrix.vcxproj -> D:\UserData\Desktop\Project\lmms\build\Release\plugins\stereomatrix.dll
适用于 .NET Framework MSBuild 版本 18.10.1-1.26427.6+3cd27c13e

  Checking File Globs
  ringbuffer.vcxproj -> D:\UserData\Desktop\Project\lmms\build\src\3rdparty\ringbuffer.dir\Release\ringbuffer.lib
  weakjack.vcxproj -> D:\UserData\Desktop\Project\lmms\build\src\3rdparty\weakjack\Release\weakjack.lib
  Automatic MOC and UIC for target lmmssvs
  lmmssvs.vcxproj -> D:\UserData\Desktop\Project\lmms\build\src\core\svs\Release\lmmssvs.lib
  Automatic MOC and UIC for target lmmsobjs
  lmmsobjs.vcxproj -> D:\UserData\Desktop\Project\lmms\build\src\lmmsobjs.dir\Release\lmmsobjs.lib
  Automatic MOC and UIC for target RemoteCatalogIo
  RemoteCatalogIo.vcxproj -> D:\UserData\Desktop\Project\lmms\build\plugins\RemoteCatalogIo.exe
  Automatic MOC and UIC for target lmms
  lmms.vcxproj -> D:\UserData\Desktop\Project\lmms\build\Release\lmms.exe
    正在创建库 D:/UserData/Desktop/Project/lmms/build/plugins/Stk/Mallets/Release/malletsstk.lib 和对象 D:/UserData/Desktop/Project/lmms/build/plugins/Stk/Mallets/Release/malletsstk.exp
  malletsstk.vcxproj -> D:\UserData\Desktop\Project\lmms\build\Release\plugins\malletsstk.dll
适用于 .NET Framework MSBuild 版本 18.10.1-1.26427.6+3cd27c13e

  Checking File Globs
  ringbuffer.vcxproj -> D:\UserData\Desktop\Project\lmms\build\src\3rdparty\ringbuffer.dir\Release\ringbuffer.lib
  weakjack.vcxproj -> D:\UserData\Desktop\Project\lmms\build\src\3rdparty\weakjack\Release\weakjack.lib
  Automatic MOC and UIC for target lmmssvs
  lmmssvs.vcxproj -> D:\UserData\Desktop\Project\lmms\build\src\core\svs\Release\lmmssvs.lib
  Automatic MOC and UIC for target lmmsobjs
  lmmsobjs.vcxproj -> D:\UserData\Desktop\Project\lmms\build\src\lmmsobjs.dir\Release\lmmsobjs.lib
  Automatic MOC and UIC for target RemoteCatalogIo
  RemoteCatalogIo.vcxproj -> D:\UserData\Desktop\Project\lmms\build\plugins\RemoteCatalogIo.exe
  Automatic MOC and UIC for target lmms
  lmms.vcxproj -> D:\UserData\Desktop\Project\lmms\build\Release\lmms.exe
    正在创建库 D:/UserData/Desktop/Project/lmms/build/plugins/TapTempo/Release/taptempo.lib 和对象 D:/UserData/Desktop/Project/lmms/build/plugins/TapTempo/Release/taptempo.exp
  taptempo.vcxproj -> D:\UserData\Desktop\Project\lmms\build\Release\plugins\taptempo.dll
适用于 .NET Framework MSBuild 版本 18.10.1-1.26427.6+3cd27c13e

  Checking File Globs
  ringbuffer.vcxproj -> D:\UserData\Desktop\Project\lmms\build\src\3rdparty\ringbuffer.dir\Release\ringbuffer.lib
  weakjack.vcxproj -> D:\UserData\Desktop\Project\lmms\build\src\3rdparty\weakjack\Release\weakjack.lib
  Automatic MOC and UIC for target lmmssvs
  lmmssvs.vcxproj -> D:\UserData\Desktop\Project\lmms\build\src\core\svs\Release\lmmssvs.lib
  Automatic MOC and UIC for target lmmsobjs
  lmmsobjs.vcxproj -> D:\UserData\Desktop\Project\lmms\build\src\lmmsobjs.dir\Release\lmmsobjs.lib
  Automatic MOC and UIC for target RemoteCatalogIo
  RemoteCatalogIo.vcxproj -> D:\UserData\Desktop\Project\lmms\build\plugins\RemoteCatalogIo.exe
  Automatic MOC and UIC for target lmms
  lmms.vcxproj -> D:\UserData\Desktop\Project\lmms\build\Release\lmms.exe
    正在创建库 D:/UserData/Desktop/Project/lmms/build/plugins/VstBase/vstbase/Release/vstbase.lib 和对象 D:/UserData/Desktop/Project/lmms/build/plugins/VstBase/vstbase/Release/vstbase.exp
  vstbase.vcxproj -> D:\UserData\Desktop\Project\lmms\build\Release\plugins\vstbase.dll
适用于 .NET Framework MSBuild 版本 18.10.1-1.26427.6+3cd27c13e

  Checking File Globs
  ringbuffer.vcxproj -> D:\UserData\Desktop\Project\lmms\build\src\3rdparty\ringbuffer.dir\Release\ringbuffer.lib
  weakjack.vcxproj -> D:\UserData\Desktop\Project\lmms\build\src\3rdparty\weakjack\Release\weakjack.lib
  Automatic MOC and UIC for target lmmssvs
  lmmssvs.vcxproj -> D:\UserData\Desktop\Project\lmms\build\src\core\svs\Release\lmmssvs.lib
  Automatic MOC and UIC for target lmmsobjs
  lmmsobjs.vcxproj -> D:\UserData\Desktop\Project\lmms\build\src\lmmsobjs.dir\Release\lmmsobjs.lib
  Automatic MOC and UIC for target RemoteCatalogIo
  RemoteCatalogIo.vcxproj -> D:\UserData\Desktop\Project\lmms\build\plugins\RemoteCatalogIo.exe
  Automatic MOC and UIC for target lmms
  lmms.vcxproj -> D:\UserData\Desktop\Project\lmms\build\Release\lmms.exe
  vstbase.vcxproj -> D:\UserData\Desktop\Project\lmms\build\Release\plugins\vstbase.dll
    正在创建库 D:/UserData/Desktop/Project/lmms/build/plugins/Vestige/Release/vestige.lib 和对象 D:/UserData/Desktop/Project/lmms/build/plugins/Vestige/Release/vestige.exp
  vestige.vcxproj -> D:\UserData\Desktop\Project\lmms\build\Release\plugins\vestige.dll
适用于 .NET Framework MSBuild 版本 18.10.1-1.26427.6+3cd27c13e

  Checking File Globs
  ringbuffer.vcxproj -> D:\UserData\Desktop\Project\lmms\build\src\3rdparty\ringbuffer.dir\Release\ringbuffer.lib
  weakjack.vcxproj -> D:\UserData\Desktop\Project\lmms\build\src\3rdparty\weakjack\Release\weakjack.lib
  Automatic MOC and UIC for target lmmssvs
  lmmssvs.vcxproj -> D:\UserData\Desktop\Project\lmms\build\src\core\svs\Release\lmmssvs.lib
  Automatic MOC and UIC for target lmmsobjs
  lmmsobjs.vcxproj -> D:\UserData\Desktop\Project\lmms\build\src\lmmsobjs.dir\Release\lmmsobjs.lib
  Automatic MOC and UIC for target RemoteCatalogIo
  RemoteCatalogIo.vcxproj -> D:\UserData\Desktop\Project\lmms\build\plugins\RemoteCatalogIo.exe
  Automatic MOC and UIC for target lmms
  lmms.vcxproj -> D:\UserData\Desktop\Project\lmms\build\Release\lmms.exe
  vstbase.vcxproj -> D:\UserData\Desktop\Project\lmms\build\Release\plugins\vstbase.dll
    正在创建库 D:/UserData/Desktop/Project/lmms/build/plugins/VstEffect/Release/vsteffect.lib 和对象 D:/UserData/Desktop/Project/lmms/build/plugins/VstEffect/Release/vsteffect.exp
  vsteffect.vcxproj -> D:\UserData\Desktop\Project\lmms\build\Release\plugins\vsteffect.dll
适用于 .NET Framework MSBuild 版本 18.10.1-1.26427.6+3cd27c13e

  Checking File Globs
  ringbuffer.vcxproj -> D:\UserData\Desktop\Project\lmms\build\src\3rdparty\ringbuffer.dir\Release\ringbuffer.lib
  weakjack.vcxproj -> D:\UserData\Desktop\Project\lmms\build\src\3rdparty\weakjack\Release\weakjack.lib
  Automatic MOC and UIC for target lmmssvs
  lmmssvs.vcxproj -> D:\UserData\Desktop\Project\lmms\build\src\core\svs\Release\lmmssvs.lib
  Automatic MOC and UIC for target lmmsobjs
  lmmsobjs.vcxproj -> D:\UserData\Desktop\Project\lmms\build\src\lmmsobjs.dir\Release\lmmsobjs.lib
  Automatic MOC and UIC for target RemoteCatalogIo
  RemoteCatalogIo.vcxproj -> D:\UserData\Desktop\Project\lmms\build\plugins\RemoteCatalogIo.exe
  Automatic MOC and UIC for target lmms
  lmms.vcxproj -> D:\UserData\Desktop\Project\lmms\build\Release\lmms.exe
    正在创建库 D:/UserData/Desktop/Project/lmms/build/plugins/Watsyn/Release/watsyn.lib 和对象 D:/UserData/Desktop/Project/lmms/build/plugins/Watsyn/Release/watsyn.exp
  watsyn.vcxproj -> D:\UserData\Desktop\Project\lmms\build\Release\plugins\watsyn.dll
适用于 .NET Framework MSBuild 版本 18.10.1-1.26427.6+3cd27c13e

  Checking File Globs
  ringbuffer.vcxproj -> D:\UserData\Desktop\Project\lmms\build\src\3rdparty\ringbuffer.dir\Release\ringbuffer.lib
  weakjack.vcxproj -> D:\UserData\Desktop\Project\lmms\build\src\3rdparty\weakjack\Release\weakjack.lib
  Automatic MOC and UIC for target lmmssvs
  lmmssvs.vcxproj -> D:\UserData\Desktop\Project\lmms\build\src\core\svs\Release\lmmssvs.lib
  Automatic MOC and UIC for target lmmsobjs
  lmmsobjs.vcxproj -> D:\UserData\Desktop\Project\lmms\build\src\lmmsobjs.dir\Release\lmmsobjs.lib
  Automatic MOC and UIC for target RemoteCatalogIo
  RemoteCatalogIo.vcxproj -> D:\UserData\Desktop\Project\lmms\build\plugins\RemoteCatalogIo.exe
  Automatic MOC and UIC for target lmms
  lmms.vcxproj -> D:\UserData\Desktop\Project\lmms\build\Release\lmms.exe
    正在创建库 D:/UserData/Desktop/Project/lmms/build/plugins/WaveShaper/Release/waveshaper.lib 和对象 D:/UserData/Desktop/Project/lmms/build/plugins/WaveShaper/Release/waveshaper.exp
  waveshaper.vcxproj -> D:\UserData\Desktop\Project\lmms\build\Release\plugins\waveshaper.dll
适用于 .NET Framework MSBuild 版本 18.10.1-1.26427.6+3cd27c13e

  Checking File Globs
  ringbuffer.vcxproj -> D:\UserData\Desktop\Project\lmms\build\src\3rdparty\ringbuffer.dir\Release\ringbuffer.lib
  weakjack.vcxproj -> D:\UserData\Desktop\Project\lmms\build\src\3rdparty\weakjack\Release\weakjack.lib
  Automatic MOC and UIC for target lmmssvs
  lmmssvs.vcxproj -> D:\UserData\Desktop\Project\lmms\build\src\core\svs\Release\lmmssvs.lib
  Automatic MOC and UIC for target lmmsobjs
  lmmsobjs.vcxproj -> D:\UserData\Desktop\Project\lmms\build\src\lmmsobjs.dir\Release\lmmsobjs.lib
  Automatic MOC and UIC for target RemoteCatalogIo
  RemoteCatalogIo.vcxproj -> D:\UserData\Desktop\Project\lmms\build\plugins\RemoteCatalogIo.exe
  Automatic MOC and UIC for target lmms
  lmms.vcxproj -> D:\UserData\Desktop\Project\lmms\build\Release\lmms.exe
    正在创建库 D:/UserData/Desktop/Project/lmms/build/plugins/Vectorscope/Release/vectorscope.lib 和对象 D:/UserData/Desktop/Project/lmms/build/plugins/Vectorscope/Release/vectorscope.exp
  vectorscope.vcxproj -> D:\UserData\Desktop\Project\lmms\build\Release\plugins\vectorscope.dll
适用于 .NET Framework MSBuild 版本 18.10.1-1.26427.6+3cd27c13e

  Checking File Globs
  ringbuffer.vcxproj -> D:\UserData\Desktop\Project\lmms\build\src\3rdparty\ringbuffer.dir\Release\ringbuffer.lib
  weakjack.vcxproj -> D:\UserData\Desktop\Project\lmms\build\src\3rdparty\weakjack\Release\weakjack.lib
  Automatic MOC and UIC for target lmmssvs
  lmmssvs.vcxproj -> D:\UserData\Desktop\Project\lmms\build\src\core\svs\Release\lmmssvs.lib
  Automatic MOC and UIC for target lmmsobjs
  lmmsobjs.vcxproj -> D:\UserData\Desktop\Project\lmms\build\src\lmmsobjs.dir\Release\lmmsobjs.lib
  Automatic MOC and UIC for target RemoteCatalogIo
  RemoteCatalogIo.vcxproj -> D:\UserData\Desktop\Project\lmms\build\plugins\RemoteCatalogIo.exe
  Automatic MOC and UIC for target lmms
  lmms.vcxproj -> D:\UserData\Desktop\Project\lmms\build\Release\lmms.exe
    正在创建库 D:/UserData/Desktop/Project/lmms/build/plugins/Vibed/Release/vibedstrings.lib 和对象 D:/UserData/Desktop/Project/lmms/build/plugins/Vibed/Release/vibedstrings.exp
  vibedstrings.vcxproj -> D:\UserData\Desktop\Project\lmms\build\Release\plugins\vibedstrings.dll
适用于 .NET Framework MSBuild 版本 18.10.1-1.26427.6+3cd27c13e

  Checking File Globs
  ringbuffer.vcxproj -> D:\UserData\Desktop\Project\lmms\build\src\3rdparty\ringbuffer.dir\Release\ringbuffer.lib
  weakjack.vcxproj -> D:\UserData\Desktop\Project\lmms\build\src\3rdparty\weakjack\Release\weakjack.lib
  Automatic MOC and UIC for target lmmssvs
  lmmssvs.vcxproj -> D:\UserData\Desktop\Project\lmms\build\src\core\svs\Release\lmmssvs.lib
  Automatic MOC and UIC for target lmmsobjs
  lmmsobjs.vcxproj -> D:\UserData\Desktop\Project\lmms\build\src\lmmsobjs.dir\Release\lmmsobjs.lib
  Automatic MOC and UIC for target RemoteCatalogIo
  RemoteCatalogIo.vcxproj -> D:\UserData\Desktop\Project\lmms\build\plugins\RemoteCatalogIo.exe
  Automatic MOC and UIC for target lmms
  lmms.vcxproj -> D:\UserData\Desktop\Project\lmms\build\Release\lmms.exe
    正在创建库 D:/UserData/Desktop/Project/lmms/build/plugins/Xpressive/Release/xpressive.lib 和对象 D:/UserData/Desktop/Project/lmms/build/plugins/Xpressive/Release/xpressive.exp
  xpressive.vcxproj -> D:\UserData\Desktop\Project\lmms\build\Release\plugins\xpressive.dll
适用于 .NET Framework MSBuild 版本 18.10.1-1.26427.6+3cd27c13e

  Checking File Globs
  zynaddsubfx_nio.vcxproj -> D:\UserData\Desktop\Project\lmms\build\plugins\ZynAddSubFx\zynaddsubfx\src\Nio\zynaddsubfx_nio.dir\Release\zynaddsubfx_nio.lib
  zynaddsubfx_synth.vcxproj -> D:\UserData\Desktop\Project\lmms\build\plugins\ZynAddSubFx\zynaddsubfx_synth.dir\Release\zynaddsubfx_synth.lib
  ringbuffer.vcxproj -> D:\UserData\Desktop\Project\lmms\build\src\3rdparty\ringbuffer.dir\Release\ringbuffer.lib
  weakjack.vcxproj -> D:\UserData\Desktop\Project\lmms\build\src\3rdparty\weakjack\Release\weakjack.lib
  Automatic MOC and UIC for target lmmssvs
  lmmssvs.vcxproj -> D:\UserData\Desktop\Project\lmms\build\src\core\svs\Release\lmmssvs.lib
  Automatic MOC and UIC for target lmmsobjs
  lmmsobjs.vcxproj -> D:\UserData\Desktop\Project\lmms\build\src\lmmsobjs.dir\Release\lmmsobjs.lib
  Automatic MOC and UIC for target RemoteCatalogIo
  RemoteCatalogIo.vcxproj -> D:\UserData\Desktop\Project\lmms\build\plugins\RemoteCatalogIo.exe
  Automatic MOC and UIC for target lmms
  ZynAddSubFxCore.vcxproj -> D:\UserData\Desktop\Project\lmms\build\plugins\ZynAddSubFx\Release\ZynAddSubFxCore.lib
  lmms.vcxproj -> D:\UserData\Desktop\Project\lmms\build\Release\lmms.exe
    正在创建库 D:/UserData/Desktop/Project/lmms/build/plugins/ZynAddSubFx/Release/zynaddsubfx.lib 和对象 D:/UserData/Desktop/Project/lmms/build/plugins/ZynAddSubFx/Release/zynaddsubfx.exp
  zynaddsubfx.vcxproj -> D:\UserData\Desktop\Project\lmms\build\Release\plugins\zynaddsubfx.dll
适用于 .NET Framework MSBuild 版本 18.10.1-1.26427.6+3cd27c13e

  Checking File Globs
  yaml-cpp.vcxproj -> D:\UserData\Desktop\Project\lmms\build\_deps\diffsinger_yaml-build\Release\yaml-cpp.lib
  DiffSingerCatalog.vcxproj -> D:\UserData\Desktop\Project\lmms\build\plugins\SVSDiffSinger\Release\DiffSingerCatalog.lib
  DiffSingerInference.vcxproj -> D:\UserData\Desktop\Project\lmms\build\plugins\SVSDiffSinger\Release\DiffSingerInference.lib
  SVSDiffSinger.vcxproj -> D:\UserData\Desktop\Project\lmms\build\Release\svs\SVSDiffSinger\SVSDiffSinger.dll
