适用于 .NET Framework MSBuild 版本 18.10.1-1.26427.6+3cd27c13e

  Checking File Globs
  yaml-cpp.vcxproj -> D:\UserData\Desktop\Project\lmms\build\_deps\diffsinger_yaml-build\Release\yaml-cpp.lib
  DiffSingerCatalog.vcxproj -> D:\UserData\Desktop\Project\lmms\build\plugins\SVSDiffSinger\Release\DiffSingerCatalog.lib
  svc-sdk.vcxproj -> D:\UserData\Desktop\Project\lmms\build\sdk\svc\Release\svc-sdk.lib
  Performing build step for 'RemoteVstHost64'
  Performing build step for 'RemoteVstPlugin32'
  Performing build step for 'RemoteVstHost32'
  SVSComputeFixtureWriter.vcxproj -> D:\UserData\Desktop\Project\lmms\build\src\core\svs\compute\Release\SVSComputeFixtureWriter.exe
  DiffSingerInference.vcxproj -> D:\UserData\Desktop\Project\lmms\build\plugins\SVSDiffSinger\Release\DiffSingerInference.lib
  SVCRVC.vcxproj -> D:\UserData\Desktop\Project\lmms\build\Release\plugins\svcrvc.dll
  SVSDiffSinger.vcxproj -> D:\UserData\Desktop\Project\lmms\build\Release\svs\SVSDiffSinger\SVSDiffSinger.dll
  閫傜敤浜?.NET Framework MSBuild 鐗堟湰 18.10.1-1.26427.6+3cd27c13e
  閫傜敤浜?.NET Framework MSBuild 鐗堟湰 18.10.1-1.26427.6+3cd27c13e
  閫傜敤浜?.NET Framework MSBuild 鐗堟湰 18.10.1-1.26427.6+3cd27c13e

  Automatic MOC and UIC for target SVSExample


    正在创建库 D:/UserData/Desktop/Project/lmms/build/src/core/svs/compute/Release/SVSComputeExample.lib 和对象 D:/UserData/Desktop/Project/lmms/build/src/core/svs/compute/Release/SVSComputeExample.exp
  SVSExample.vcxproj -> D:\UserData\Desktop\Project\lmms\build\Release\svs\SVSExample\SVSExample.dll
    pluginterfaces.vcxproj -> D:\UserData\Desktop\Project\lmms\build\vst-host\x64\lib\Release\pluginterfaces.lib
    RemoteVstPlugin32.vcxproj -> D:\UserData\Desktop\Project\lmms\build\plugins\32\RemoteVstPlugin32.exe
    pluginterfaces.vcxproj -> D:\UserData\Desktop\Project\lmms\build\vst-host\x86\lib\Release\pluginterfaces.lib
  SVSComputeExample.vcxproj -> D:\UserData\Desktop\Project\lmms\build\Release\svs\SVSComputeExample\SVSComputeExample.dll
    Vst3Factory.vcxproj -> D:\UserData\Desktop\Project\lmms\build\vst-host\x64\Release\Vst3Factory.vst3
    Vst3Factory.vcxproj -> D:\UserData\Desktop\Project\lmms\build\vst-host\x86\Release\Vst3Factory.vst3
    Vst3FactoryFault1.vcxproj -> D:\UserData\Desktop\Project\lmms\build\vst-host\x64\Release\Vst3FactoryFault1.vst3
    Vst3FactoryFault1.vcxproj -> D:\UserData\Desktop\Project\lmms\build\vst-host\x86\Release\Vst3FactoryFault1.vst3
    Vst3FactoryFault2.vcxproj -> D:\UserData\Desktop\Project\lmms\build\vst-host\x86\Release\Vst3FactoryFault2.vst3
    Vst3FactoryFault2.vcxproj -> D:\UserData\Desktop\Project\lmms\build\vst-host\x64\Release\Vst3FactoryFault2.vst3
    Vst3FactoryFault3.vcxproj -> D:\UserData\Desktop\Project\lmms\build\vst-host\x64\Release\Vst3FactoryFault3.vst3
    Vst3FactoryFault3.vcxproj -> D:\UserData\Desktop\Project\lmms\build\vst-host\x86\Release\Vst3FactoryFault3.vst3
  No install step for 'RemoteVstPlugin32'
    Vst3FactoryFault4.vcxproj -> D:\UserData\Desktop\Project\lmms\build\vst-host\x86\Release\Vst3FactoryFault4.vst3
    Vst3FactoryFault4.vcxproj -> D:\UserData\Desktop\Project\lmms\build\vst-host\x64\Release\Vst3FactoryFault4.vst3
  Automatic MOC for target Vst2Baseline
  Completed 'RemoteVstPlugin32'
    Vst3FactoryFault5.vcxproj -> D:\UserData\Desktop\Project\lmms\build\vst-host\x64\Release\Vst3FactoryFault5.vst3
    Vst3FactoryFault5.vcxproj -> D:\UserData\Desktop\Project\lmms\build\vst-host\x86\Release\Vst3FactoryFault5.vst3
    Vst3FactoryFault6.vcxproj -> D:\UserData\Desktop\Project\lmms\build\vst-host\x64\Release\Vst3FactoryFault6.vst3
    Vst3FactoryFault6.vcxproj -> D:\UserData\Desktop\Project\lmms\build\vst-host\x86\Release\Vst3FactoryFault6.vst3
  Automatic MOC for target Vst2FaultAudioCrash
    Vst3FactoryFault7.vcxproj -> D:\UserData\Desktop\Project\lmms\build\vst-host\x64\Release\Vst3FactoryFault7.vst3
    Vst3FactoryFault7.vcxproj -> D:\UserData\Desktop\Project\lmms\build\vst-host\x86\Release\Vst3FactoryFault7.vst3
  Automatic MOC for target Vst2FaultAudioHang
  Vst2Baseline.vcxproj -> D:\UserData\Desktop\Project\lmms\build\vst-s0\x64\fixtures\Release\Vst2Baseline.dll
    Vst3FactoryFault8.vcxproj -> D:\UserData\Desktop\Project\lmms\build\vst-host\x64\Release\Vst3FactoryFault8.vst3
    Vst3FactoryFault8.vcxproj -> D:\UserData\Desktop\Project\lmms\build\vst-host\x86\Release\Vst3FactoryFault8.vst3
  Vst2FaultAudioCrash.vcxproj -> D:\UserData\Desktop\Project\lmms\build\vst-s0\x64\fixtures\Release\Vst2FaultAudioCrash.dll
    base.vcxproj -> D:\UserData\Desktop\Project\lmms\build\vst-host\x64\lib\Release\base.lib
    base.vcxproj -> D:\UserData\Desktop\Project\lmms\build\vst-host\x86\lib\Release\base.lib
  Automatic MOC for target Vst2FaultCloseCrash
  Automatic MOC for target Vst2FaultCloseHang
  Vst2FaultAudioHang.vcxproj -> D:\UserData\Desktop\Project\lmms\build\vst-s0\x64\fixtures\Release\Vst2FaultAudioHang.dll
    sdk_common.vcxproj -> D:\UserData\Desktop\Project\lmms\build\vst-host\x64\lib\Release\sdk_common.lib
    sdk_common.vcxproj -> D:\UserData\Desktop\Project\lmms\build\vst-host\x86\lib\Release\sdk_common.lib
  Automatic MOC for target Vst2FaultEditorCrash
    sdk.vcxproj -> D:\UserData\Desktop\Project\lmms\build\vst-host\x64\lib\Release\sdk.lib
    sdk.vcxproj -> D:\UserData\Desktop\Project\lmms\build\vst-host\x86\lib\Release\sdk.lib
  Vst2FaultCloseHang.vcxproj -> D:\UserData\Desktop\Project\lmms\build\vst-s0\x64\fixtures\Release\Vst2FaultCloseHang.dll
  Automatic MOC for target Vst2FaultEditorHang
    Vst3Native.vcxproj -> D:\UserData\Desktop\Project\lmms\build\vst-host\x86\Release\Vst3Native.vst3
    Vst3Native.vcxproj -> D:\UserData\Desktop\Project\lmms\build\vst-host\x64\Release\Vst3Native.vst3
    sdk_hosting.vcxproj -> D:\UserData\Desktop\Project\lmms\build\vst-host\x64\lib\Release\sdk_hosting.lib
  Vst2FaultEditorCrash.vcxproj -> D:\UserData\Desktop\Project\lmms\build\vst-s0\x64\fixtures\Release\Vst2FaultEditorCrash.dll
    sdk_hosting.vcxproj -> D:\UserData\Desktop\Project\lmms\build\vst-host\x86\lib\Release\sdk_hosting.lib
  Vst2FaultCloseCrash.vcxproj -> D:\UserData\Desktop\Project\lmms\build\vst-s0\x64\fixtures\Release\Vst2FaultCloseCrash.dll
    LmmsVst3Loader.vcxproj -> D:\UserData\Desktop\Project\lmms\build\vst-host\x64\Release\LmmsVst3Loader.lib
    LmmsVst3Loader.vcxproj -> D:\UserData\Desktop\Project\lmms\build\vst-host\x86\Release\LmmsVst3Loader.lib
  Automatic MOC for target Vst2FaultEntryCrash
  Vst2FaultEditorHang.vcxproj -> D:\UserData\Desktop\Project\lmms\build\vst-s0\x64\fixtures\Release\Vst2FaultEditorHang.dll
    LmmsVst3Module.vcxproj -> D:\UserData\Desktop\Project\lmms\build\vst-host\x64\Release\LmmsVst3Module.lib
  Automatic MOC for target Vst2FaultEntryHang
    LmmsVst3Module.vcxproj -> D:\UserData\Desktop\Project\lmms\build\vst-host\x86\Release\LmmsVst3Module.lib
  Automatic MOC for target Vst2FaultStateCrash
    RemoteVstHost.vcxproj -> D:\UserData\Desktop\Project\lmms\build\vst-host\x64\Release\RemoteVstHost.exe
    RemoteVstHost.vcxproj -> D:\UserData\Desktop\Project\lmms\build\vst-host\x86\Release\RemoteVstHost.exe
  Vst2FaultEntryCrash.vcxproj -> D:\UserData\Desktop\Project\lmms\build\vst-s0\x64\fixtures\Release\Vst2FaultEntryCrash.dll
  Automatic MOC for target Vst2FaultStateHang
    Vst3CatalogTest.vcxproj -> D:\UserData\Desktop\Project\lmms\build\vst-host\x64\Release\Vst3CatalogTest.exe
    Vst3CatalogTest.vcxproj -> D:\UserData\Desktop\Project\lmms\build\vst-host\x86\Release\Vst3CatalogTest.exe
  Vst2FaultEntryHang.vcxproj -> D:\UserData\Desktop\Project\lmms\build\vst-s0\x64\fixtures\Release\Vst2FaultEntryHang.dll
  Vst2FaultStateCrash.vcxproj -> D:\UserData\Desktop\Project\lmms\build\vst-s0\x64\fixtures\Release\Vst2FaultStateCrash.dll
    Vst3LifecycleTest.vcxproj -> D:\UserData\Desktop\Project\lmms\build\vst-host\x64\Release\Vst3LifecycleTest.exe
    Vst3LifecycleTest.vcxproj -> D:\UserData\Desktop\Project\lmms\build\vst-host\x86\Release\Vst3LifecycleTest.exe
  Automatic MOC for target Vst2Shell
  Vst2FaultStateHang.vcxproj -> D:\UserData\Desktop\Project\lmms\build\vst-s0\x64\fixtures\Release\Vst2FaultStateHang.dll
    Vst3PresetSdkTest.vcxproj -> D:\UserData\Desktop\Project\lmms\build\vst-host\x64\Release\Vst3PresetSdkTest.exe
    Vst3PresetSdkTest.vcxproj -> D:\UserData\Desktop\Project\lmms\build\vst-host\x86\Release\Vst3PresetSdkTest.exe
  Automatic MOC for target Vst2ShellCrash
  Automatic MOC for target Vst2ShellDuplicate
    Vst3ProcessingTest.vcxproj -> D:\UserData\Desktop\Project\lmms\build\vst-host\x64\Release\Vst3ProcessingTest.exe
    Vst3ProcessingTest.vcxproj -> D:\UserData\Desktop\Project\lmms\build\vst-host\x86\Release\Vst3ProcessingTest.exe
  Vst2Shell.vcxproj -> D:\UserData\Desktop\Project\lmms\build\vst-s0\x64\fixtures\Release\Vst2Shell.dll
  Automatic MOC for target Vst2ShellHang
    Vst3RestartEventsTest.vcxproj -> D:\UserData\Desktop\Project\lmms\build\vst-host\x64\Release\Vst3RestartEventsTest.exe
    Vst3RestartEventsTest.vcxproj -> D:\UserData\Desktop\Project\lmms\build\vst-host\x86\Release\Vst3RestartEventsTest.exe
    WaveShellInventory.vcxproj -> D:\UserData\Desktop\Project\lmms\build\vst-host\x64\Release\WaveShellInventory.exe
  Vst2ShellCrash.vcxproj -> D:\UserData\Desktop\Project\lmms\build\vst-s0\x64\fixtures\Release\Vst2ShellCrash.dll
    WaveShellInventory.vcxproj -> D:\UserData\Desktop\Project\lmms\build\vst-host\x86\Release\WaveShellInventory.exe
  Vst2ShellDuplicate.vcxproj -> D:\UserData\Desktop\Project\lmms\build\vst-s0\x64\fixtures\Release\Vst2ShellDuplicate.dll
  Vst2ShellHang.vcxproj -> D:\UserData\Desktop\Project\lmms\build\vst-s0\x64\fixtures\Release\Vst2ShellHang.dll
  Performing install step for 'RemoteVstHost64'
  Performing install step for 'RemoteVstHost32'
  Performing build step for 'VstBaselineX86'
  ringbuffer.vcxproj -> D:\UserData\Desktop\Project\lmms\build\src\3rdparty\ringbuffer.dir\Release\ringbuffer.lib
  Completed 'RemoteVstHost64'
  Completed 'RemoteVstHost32'
  weakjack.vcxproj -> D:\UserData\Desktop\Project\lmms\build\src\3rdparty\weakjack\Release\weakjack.lib
  svc-reference.vcxproj -> D:\UserData\Desktop\Project\lmms\build\sdk\svc\Release\svc-reference.lib
  Automatic MOC and UIC for target lmmssvs
  閫傜敤浜?.NET Framework MSBuild 鐗堟湰 18.10.1-1.26427.6+3cd27c13e

  SVCCache.cpp
  caps.vcxproj -> D:\UserData\Desktop\Project\lmms\build\plugins\ladspa\Release\caps.dll
  cmt.vcxproj -> D:\UserData\Desktop\Project\lmms\build\plugins\ladspa\Release\cmt.dll
    Vst2Baseline.vcxproj -> D:\UserData\Desktop\Project\lmms\build\vst-s0\x86\fixtures\Release\Vst2Baseline.dll
  Generating D:/UserData/Desktop/Project/lmms/data/locale/en.qm
    Vst2FaultAudioCrash.vcxproj -> D:\UserData\Desktop\Project\lmms\build\vst-s0\x86\fixtures\Release\Vst2FaultAudioCrash.dll
  Updating 'D:/UserData/Desktop/Project/lmms/data/locale/en.qm'...
      Generated 0 translation(s) (0 finished and 0 unfinished)
      Ignored 3877 untranslated source text(s)
    Vst2FaultAudioHang.vcxproj -> D:\UserData\Desktop\Project\lmms\build\vst-s0\x86\fixtures\Release\Vst2FaultAudioHang.dll
  mocs_compilation_Release.cpp
    Vst2FaultCloseCrash.vcxproj -> D:\UserData\Desktop\Project\lmms\build\vst-s0\x86\fixtures\Release\Vst2FaultCloseCrash.dll
    Vst2FaultCloseHang.vcxproj -> D:\UserData\Desktop\Project\lmms\build\vst-s0\x86\fixtures\Release\Vst2FaultCloseHang.dll
    Vst2FaultEditorCrash.vcxproj -> D:\UserData\Desktop\Project\lmms\build\vst-s0\x86\fixtures\Release\Vst2FaultEditorCrash.dll
    Vst2FaultEditorHang.vcxproj -> D:\UserData\Desktop\Project\lmms\build\vst-s0\x86\fixtures\Release\Vst2FaultEditorHang.dll
  Generating D:/UserData/Desktop/Project/lmms/data/locale/ja.qm
  Updating 'D:/UserData/Desktop/Project/lmms/data/locale/ja.qm'...
      Generated 3877 translation(s) (3877 finished and 0 unfinished)
  Generating D:/UserData/Desktop/Project/lmms/data/locale/ko.qm
    Vst2FaultEntryCrash.vcxproj -> D:\UserData\Desktop\Project\lmms\build\vst-s0\x86\fixtures\Release\Vst2FaultEntryCrash.dll
  Updating 'D:/UserData/Desktop/Project/lmms/data/locale/ko.qm'...
      Generated 3877 translation(s) (3877 finished and 0 unfinished)
    Vst2FaultEntryHang.vcxproj -> D:\UserData\Desktop\Project\lmms\build\vst-s0\x86\fixtures\Release\Vst2FaultEntryHang.dll
    Vst2FaultStateCrash.vcxproj -> D:\UserData\Desktop\Project\lmms\build\vst-s0\x86\fixtures\Release\Vst2FaultStateCrash.dll
    Vst2FaultStateHang.vcxproj -> D:\UserData\Desktop\Project\lmms\build\vst-s0\x86\fixtures\Release\Vst2FaultStateHang.dll
    Vst2Shell.vcxproj -> D:\UserData\Desktop\Project\lmms\build\vst-s0\x86\fixtures\Release\Vst2Shell.dll
    Vst2ShellCrash.vcxproj -> D:\UserData\Desktop\Project\lmms\build\vst-s0\x86\fixtures\Release\Vst2ShellCrash.dll
  Generating D:/UserData/Desktop/Project/lmms/data/locale/zh_CN.qm
    Vst2ShellDuplicate.vcxproj -> D:\UserData\Desktop\Project\lmms\build\vst-s0\x86\fixtures\Release\Vst2ShellDuplicate.dll
  Updating 'D:/UserData/Desktop/Project/lmms/data/locale/zh_CN.qm'...
      Generated 3877 translation(s) (3877 finished and 0 unfinished)
    Vst2ShellHang.vcxproj -> D:\UserData\Desktop\Project\lmms\build\vst-s0\x86\fixtures\Release\Vst2ShellHang.dll
    AudioDelayLineTest.vcxproj -> D:\UserData\Desktop\Project\lmms\build\vst-s0\x86\Release\AudioDelayLineTest.exe
    FixedQuantumBufferTest.vcxproj -> D:\UserData\Desktop\Project\lmms\build\vst-s0\x86\Release\FixedQuantumBufferTest.exe
  tap_autopan.vcxproj -> D:\UserData\Desktop\Project\lmms\build\plugins\ladspa\Release\tap_autopan.dll
  tap_deesser.vcxproj -> D:\UserData\Desktop\Project\lmms\build\plugins\ladspa\Release\tap_deesser.dll
  tap_chorusflanger.vcxproj -> D:\UserData\Desktop\Project\lmms\build\plugins\ladspa\Release\tap_chorusflanger.dll
    Vst3MetadataTest.vcxproj -> D:\UserData\Desktop\Project\lmms\build\vst-s0\x86\Release\Vst3MetadataTest.exe
  tap_dynamics_m.vcxproj -> D:\UserData\Desktop\Project\lmms\build\plugins\ladspa\Release\tap_dynamics_m.dll
  tap_doubler.vcxproj -> D:\UserData\Desktop\Project\lmms\build\plugins\ladspa\Release\tap_doubler.dll
    VstHostAudioQueue.vcxproj -> D:\UserData\Desktop\Project\lmms\build\vst-s0\x86\Release\VstHostAudioQueue.exe
    VstHostControlChannel.vcxproj -> D:\UserData\Desktop\Project\lmms\build\vst-s0\x86\Release\VstHostControlChannel.exe
    VstHostProtocol.vcxproj -> D:\UserData\Desktop\Project\lmms\build\vst-s0\x86\Release\VstHostProtocol.exe
  tap_dynamics_st.vcxproj -> D:\UserData\Desktop\Project\lmms\build\plugins\ladspa\Release\tap_dynamics_st.dll
  tap_echo.vcxproj -> D:\UserData\Desktop\Project\lmms\build\plugins\ladspa\Release\tap_echo.dll
  tap_eq.vcxproj -> D:\UserData\Desktop\Project\lmms\build\plugins\ladspa\Release\tap_eq.dll
    VstHostRealtimeMidi.vcxproj -> D:\UserData\Desktop\Project\lmms\build\vst-s0\x86\Release\VstHostRealtimeMidi.exe
  tap_eqbw.vcxproj -> D:\UserData\Desktop\Project\lmms\build\plugins\ladspa\Release\tap_eqbw.dll
  tap_limiter.vcxproj -> D:\UserData\Desktop\Project\lmms\build\plugins\ladspa\Release\tap_limiter.dll
    VstSessionFixture.vcxproj -> D:\UserData\Desktop\Project\lmms\build\vst-s0\x86\Release\VstSessionFixture.exe
    VstHostSession.vcxproj -> D:\UserData\Desktop\Project\lmms\build\vst-s0\x86\Release\VstHostSession.exe
  tap_pinknoise.vcxproj -> D:\UserData\Desktop\Project\lmms\build\plugins\ladspa\Release\tap_pinknoise.dll
  tap_pitch.vcxproj -> D:\UserData\Desktop\Project\lmms\build\plugins\ladspa\Release\tap_pitch.dll
    VstHostSupervisor.vcxproj -> D:\UserData\Desktop\Project\lmms\build\vst-s0\x86\Release\VstHostSupervisor.exe
  tap_reflector.vcxproj -> D:\UserData\Desktop\Project\lmms\build\plugins\ladspa\Release\tap_reflector.dll
  tap_rotspeak.vcxproj -> D:\UserData\Desktop\Project\lmms\build\plugins\ladspa\Release\tap_rotspeak.dll
  tap_reverb.vcxproj -> D:\UserData\Desktop\Project\lmms\build\plugins\ladspa\Release\tap_reverb.dll
  No install step for 'VstBaselineX86'
  Completed 'VstBaselineX86'
  tap_sigmoid.vcxproj -> D:\UserData\Desktop\Project\lmms\build\plugins\ladspa\Release\tap_sigmoid.dll
  tap_tremolo.vcxproj -> D:\UserData\Desktop\Project\lmms\build\plugins\ladspa\Release\tap_tremolo.dll
  tap_tubewarmth.vcxproj -> D:\UserData\Desktop\Project\lmms\build\plugins\ladspa\Release\tap_tubewarmth.dll
  tap_vibrato.vcxproj -> D:\UserData\Desktop\Project\lmms\build\plugins\ladspa\Release\tap_vibrato.dll
  veal.vcxproj -> D:\UserData\Desktop\Project\lmms\build\plugins\ladspa\Release\veal.dll
  zynaddsubfx_nio.vcxproj -> D:\UserData\Desktop\Project\lmms\build\plugins\ZynAddSubFx\zynaddsubfx\src\Nio\zynaddsubfx_nio.dir\Release\zynaddsubfx_nio.lib
  zynaddsubfx_gui.vcxproj -> D:\UserData\Desktop\Project\lmms\build\plugins\ZynAddSubFx\zynaddsubfx\src\UI\zynaddsubfx_gui.dir\Release\zynaddsubfx_gui.lib
  zynaddsubfx_synth.vcxproj -> D:\UserData\Desktop\Project\lmms\build\plugins\ZynAddSubFx\zynaddsubfx_synth.dir\Release\zynaddsubfx_synth.lib
  SVCChunking.cpp
  SVCPlayback.cpp
  SVSCache.cpp
  正在生成代码...
  svc-host.vcxproj -> D:\UserData\Desktop\Project\lmms\build\src\core\svc\Release\svc-host.lib
  SVSCapabilities.cpp
  SVSClip.cpp
  SVSCurve.cpp
  SVSExportSnapshot.cpp
  SVSPlugin.cpp
  SVSProjectBridge.cpp
  SVSProjectExport.cpp
  SVSProjectMapper.cpp
  SVSProjectOutput.cpp
  SVSSegmentedSynthesis.cpp
  SVSSynthesisScheduler.cpp
  SVSTempoSnapshot.cpp
  SVSCanvas.cpp
  SVSImageLoader.cpp
  SVSLyricEditor.cpp
  SVSParameterPanel.cpp
  SVSProjectController.cpp
  SVSProjectImportDialog.cpp
  正在生成代码...
  正在编译...
  SVSResultStrip.cpp
  SVSSettingsPage.cpp
  SVSViews.cpp
  SVSTrack.cpp
  正在生成代码...
  lmmssvs.vcxproj -> D:\UserData\Desktop\Project\lmms\build\src\core\svs\Release\lmmssvs.lib
  Automatic MOC and UIC for target lmmsobjs
  CoreCommands.cpp
  Engine.cpp
  Mixer.cpp
  ProjectRenderer.cpp
  RenderManager.cpp
  Song.cpp
  Track.cpp
  SVCConversion.cpp
  MixerView.cpp
  PluginBrowser.cpp
  SVSBrowser.cpp
  ClipView.cpp
  PianoRoll.cpp
  TrackContainerView.cpp
  SVCWindow.cpp
  SetupDialog.cpp
  正在生成代码...
  lmmsobjs.vcxproj -> D:\UserData\Desktop\Project\lmms\build\src\lmmsobjs.dir\Release\lmmsobjs.lib
  adplug.vcxproj -> D:\UserData\Desktop\Project\lmms\build\plugins\OpulenZ\Release\adplug.lib
  gme.vcxproj -> D:\UserData\Desktop\Project\lmms\build\plugins\FreeBoy\Release\gme.lib
  Automatic MOC and UIC for target RemoteCatalogIo
  carla_native-plugin.vcxproj -> D:\UserData\Desktop\Project\lmms\build\Release\plugins\libcarla_native-plugin.dll
  RemoteCatalogIo.vcxproj -> D:\UserData\Desktop\Project\lmms\build\plugins\RemoteCatalogIo.exe
  Automatic MOC and UIC for target lmms
  ZynAddSubFxCore.vcxproj -> D:\UserData\Desktop\Project\lmms\build\plugins\ZynAddSubFx\Release\ZynAddSubFxCore.lib
    正在创建库 D:/UserData/Desktop/Project/lmms/build/src/Release/lmms.lib 和对象 D:/UserData/Desktop/Project/lmms/build/src/Release/lmms.exp
  lmms.vcxproj -> D:\UserData\Desktop\Project\lmms\build\Release\lmms.exe
  AudioFileProcessor.cpp
    正在创建库 D:/UserData/Desktop/Project/lmms/build/plugins/LOMM/Release/lomm.lib 和对象 D:/UserData/Desktop/Project/lmms/build/plugins/LOMM/Release/lomm.exp
    正在创建库 D:/UserData/Desktop/Project/lmms/build/plugins/CrossoverEQ/Release/crossovereq.lib 和对象 D:/UserData/Desktop/Project/lmms/build/plugins/CrossoverEQ/Release/crossovereq.exp
    正在创建库 D:/UserData/Desktop/Project/lmms/build/plugins/Bitcrush/Release/bitcrush.lib 和对象 D:/UserData/Desktop/Project/lmms/build/plugins/Bitcrush/Release/bitcrush.exp
    正在创建库 D:/UserData/Desktop/Project/lmms/build/plugins/Compressor/Release/compressor.lib 和对象 D:/UserData/Desktop/Project/lmms/build/plugins/Compressor/Release/compressor.exp
    正在创建库 D:/UserData/Desktop/Project/lmms/build/plugins/BitInvader/Release/bitinvader.lib 和对象 D:/UserData/Desktop/Project/lmms/build/plugins/BitInvader/Release/bitinvader.exp
  lomm.vcxproj -> D:\UserData\Desktop\Project\lmms\build\Release\plugins\lomm.dll
  bitcrush.vcxproj -> D:\UserData\Desktop\Project\lmms\build\Release\plugins\bitcrush.dll
  crossovereq.vcxproj -> D:\UserData\Desktop\Project\lmms\build\Release\plugins\crossovereq.dll
  compressor.vcxproj -> D:\UserData\Desktop\Project\lmms\build\Release\plugins\compressor.dll
    正在创建库 D:/UserData/Desktop/Project/lmms/build/plugins/Xpressive/Release/xpressive.lib 和对象 D:/UserData/Desktop/Project/lmms/build/plugins/Xpressive/Release/xpressive.exp
  bitinvader.vcxproj -> D:\UserData\Desktop\Project\lmms\build\Release\plugins\bitinvader.dll
  VstPlugin.cpp
    正在创建库 D:/UserData/Desktop/Project/lmms/build/plugins/Oscilloscope/Release/oscilloscope.lib 和对象 D:/UserData/Desktop/Project/lmms/build/plugins/Oscilloscope/Release/oscilloscope.exp
    正在创建库 D:/UserData/Desktop/Project/lmms/build/plugins/DualFilter/Release/dualfilter.lib 和对象 D:/UserData/Desktop/Project/lmms/build/plugins/DualFilter/Release/dualfilter.exp
    正在创建库 D:/UserData/Desktop/Project/lmms/build/plugins/SpectrumAnalyzer/Release/analyzer.lib 和对象 D:/UserData/Desktop/Project/lmms/build/plugins/SpectrumAnalyzer/Release/analyzer.exp
    正在创建库 D:/UserData/Desktop/Project/lmms/build/plugins/Delay/Release/delay.lib 和对象 D:/UserData/Desktop/Project/lmms/build/plugins/Delay/Release/delay.exp
    正在创建库 D:/UserData/Desktop/Project/lmms/build/plugins/Dispersion/Release/dispersion.lib 和对象 D:/UserData/Desktop/Project/lmms/build/plugins/Dispersion/Release/dispersion.exp
  oscilloscope.vcxproj -> D:\UserData\Desktop\Project\lmms\build\Release\plugins\oscilloscope.dll
  xpressive.vcxproj -> D:\UserData\Desktop\Project\lmms\build\Release\plugins\xpressive.dll
  analyzer.vcxproj -> D:\UserData\Desktop\Project\lmms\build\Release\plugins\analyzer.dll
  dualfilter.vcxproj -> D:\UserData\Desktop\Project\lmms\build\Release\plugins\dualfilter.dll
  delay.vcxproj -> D:\UserData\Desktop\Project\lmms\build\Release\plugins\delay.dll
  dispersion.vcxproj -> D:\UserData\Desktop\Project\lmms\build\Release\plugins\dispersion.dll
  FlangerControls.cpp
    正在创建库 D:/UserData/Desktop/Project/lmms/build/plugins/BassBooster/Release/bassbooster.lib 和对象 D:/UserData/Desktop/Project/lmms/build/plugins/BassBooster/Release/bassbooster.exp
    正在创建库 D:/UserData/Desktop/Project/lmms/build/plugins/SlewDistortion/Release/slewdistortion.lib 和对象 D:/UserData/Desktop/Project/lmms/build/plugins/SlewDistortion/Release/slewdistortion.exp
  DynamicsProcessorControls.cpp
    正在创建库 D:/UserData/Desktop/Project/lmms/build/plugins/GranularPitchShifter/Release/granularpitchshifter.lib 和对象 D:/UserData/Desktop/Project/lmms/build/plugins/GranularPitchShifter/Release/granularpitchshifter.exp
  bassbooster.vcxproj -> D:\UserData\Desktop\Project\lmms\build\Release\plugins\bassbooster.dll
  slewdistortion.vcxproj -> D:\UserData\Desktop\Project\lmms\build\Release\plugins\slewdistortion.dll
    正在创建库 D:/UserData/Desktop/Project/lmms/build/plugins/Eq/Release/eq.lib 和对象 D:/UserData/Desktop/Project/lmms/build/plugins/Eq/Release/eq.exp
  granularpitchshifter.vcxproj -> D:\UserData\Desktop\Project\lmms\build\Release\plugins\granularpitchshifter.dll
  Vibed.cpp
    正在创建库 D:/UserData/Desktop/Project/lmms/build/plugins/LadspaBrowser/Release/ladspabrowser.lib 和对象 D:/UserData/Desktop/Project/lmms/build/plugins/LadspaBrowser/Release/ladspabrowser.exp
  eq.vcxproj -> D:\UserData\Desktop\Project\lmms\build\Release\plugins\eq.dll
  HydrogenImport.cpp
  ladspabrowser.vcxproj -> D:\UserData\Desktop\Project\lmms\build\Release\plugins\ladspabrowser.dll
    正在创建库 D:/UserData/Desktop/Project/lmms/build/plugins/Kicker/Release/kicker.lib 和对象 D:/UserData/Desktop/Project/lmms/build/plugins/Kicker/Release/kicker.exp
    正在创建库 D:/UserData/Desktop/Project/lmms/build/plugins/Stk/Mallets/Release/malletsstk.lib 和对象 D:/UserData/Desktop/Project/lmms/build/plugins/Stk/Mallets/Release/malletsstk.exp
  kicker.vcxproj -> D:\UserData\Desktop\Project\lmms\build\Release\plugins\kicker.dll
  malletsstk.vcxproj -> D:\UserData\Desktop\Project\lmms\build\Release\plugins\malletsstk.dll
    正在创建库 D:/UserData/Desktop/Project/lmms/build/plugins/Lb302/Release/lb302.lib 和对象 D:/UserData/Desktop/Project/lmms/build/plugins/Lb302/Release/lb302.exp
    正在创建库 D:/UserData/Desktop/Project/lmms/build/plugins/MultitapEcho/Release/multitapecho.lib 和对象 D:/UserData/Desktop/Project/lmms/build/plugins/MultitapEcho/Release/multitapecho.exp
  lb302.vcxproj -> D:\UserData\Desktop\Project\lmms\build\Release\plugins\lb302.dll
  multitapecho.vcxproj -> D:\UserData\Desktop\Project\lmms\build\Release\plugins\multitapecho.dll
    正在创建库 D:/UserData/Desktop/Project/lmms/build/plugins/Lv2Effect/Release/lv2effect.lib 和对象 D:/UserData/Desktop/Project/lmms/build/plugins/Lv2Effect/Release/lv2effect.exp
  Patman.cpp
  lv2effect.vcxproj -> D:\UserData\Desktop\Project\lmms\build\Release\plugins\lv2effect.dll
    正在创建库 D:/UserData/Desktop/Project/lmms/build/plugins/Sfxr/Release/sfxr.lib 和对象 D:/UserData/Desktop/Project/lmms/build/plugins/Sfxr/Release/sfxr.exp
  sfxr.vcxproj -> D:\UserData\Desktop\Project\lmms\build\Release\plugins\sfxr.dll
    正在创建库 D:/UserData/Desktop/Project/lmms/build/plugins/StereoMatrix/Release/stereomatrix.lib 和对象 D:/UserData/Desktop/Project/lmms/build/plugins/StereoMatrix/Release/stereomatrix.exp
  stereomatrix.vcxproj -> D:\UserData\Desktop\Project\lmms\build\Release\plugins\stereomatrix.dll
    正在创建库 D:/UserData/Desktop/Project/lmms/build/plugins/Vectorscope/Release/vectorscope.lib 和对象 D:/UserData/Desktop/Project/lmms/build/plugins/Vectorscope/Release/vectorscope.exp
  vectorscope.vcxproj -> D:\UserData\Desktop\Project\lmms\build\Release\plugins\vectorscope.dll
    正在创建库 D:/UserData/Desktop/Project/lmms/build/plugins/Amplifier/Release/amplifier.lib 和对象 D:/UserData/Desktop/Project/lmms/build/plugins/Amplifier/Release/amplifier.exp
  amplifier.vcxproj -> D:\UserData\Desktop\Project\lmms\build\Release\plugins\amplifier.dll
    正在创建库 D:/UserData/Desktop/Project/lmms/build/plugins/MidiExport/Release/midiexport.lib 和对象 D:/UserData/Desktop/Project/lmms/build/plugins/MidiExport/Release/midiexport.exp
  midiexport.vcxproj -> D:\UserData\Desktop\Project\lmms\build\Release\plugins\midiexport.dll
    正在创建库 D:/UserData/Desktop/Project/lmms/build/plugins/ReverbSC/Release/reverbsc.lib 和对象 D:/UserData/Desktop/Project/lmms/build/plugins/ReverbSC/Release/reverbsc.exp
  reverbsc.vcxproj -> D:\UserData\Desktop\Project\lmms\build\Release\plugins\reverbsc.dll
    正在创建库 D:/UserData/Desktop/Project/lmms/build/plugins/StereoEnhancer/Release/stereoenhancer.lib 和对象 D:/UserData/Desktop/Project/lmms/build/plugins/StereoEnhancer/Release/stereoenhancer.exp
  AudioFileProcessorView.cpp
  stereoenhancer.vcxproj -> D:\UserData\Desktop\Project\lmms\build\Release\plugins\stereoenhancer.dll
  TapTempo.cpp
    正在创建库 D:/UserData/Desktop/Project/lmms/build/plugins/Flanger/Release/flanger.lib 和对象 D:/UserData/Desktop/Project/lmms/build/plugins/Flanger/Release/flanger.exp
    正在创建库 D:/UserData/Desktop/Project/lmms/build/plugins/FrequencyShifter/Release/frequencyshifter.lib 和对象 D:/UserData/Desktop/Project/lmms/build/plugins/FrequencyShifter/Release/frequencyshifter.exp
  flanger.vcxproj -> D:\UserData\Desktop\Project\lmms\build\Release\plugins\flanger.dll
  frequencyshifter.vcxproj -> D:\UserData\Desktop\Project\lmms\build\Release\plugins\frequencyshifter.dll
    正在创建库 D:/UserData/Desktop/Project/lmms/build/plugins/TripleOscillator/Release/tripleoscillator.lib 和对象 D:/UserData/Desktop/Project/lmms/build/plugins/TripleOscillator/Release/tripleoscillator.exp
  LadspaEffect.cpp
  tripleoscillator.vcxproj -> D:\UserData\Desktop\Project\lmms\build\Release\plugins\tripleoscillator.dll
    正在创建库 D:/UserData/Desktop/Project/lmms/build/plugins/Lv2Instrument/Release/lv2instrument.lib 和对象 D:/UserData/Desktop/Project/lmms/build/plugins/Lv2Instrument/Release/lv2instrument.exp
  lv2instrument.vcxproj -> D:\UserData\Desktop\Project\lmms\build\Release\plugins\lv2instrument.dll
    正在创建库 D:/UserData/Desktop/Project/lmms/build/plugins/HydrogenImport/Release/hydrogenimport.lib 和对象 D:/UserData/Desktop/Project/lmms/build/plugins/HydrogenImport/Release/hydrogenimport.exp
  hydrogenimport.vcxproj -> D:\UserData\Desktop\Project\lmms\build\Release\plugins\hydrogenimport.dll
    正在创建库 D:/UserData/Desktop/Project/lmms/build/plugins/Monstro/Release/monstro.lib 和对象 D:/UserData/Desktop/Project/lmms/build/plugins/Monstro/Release/monstro.exp
    正在创建库 D:/UserData/Desktop/Project/lmms/build/plugins/Vibed/Release/vibedstrings.lib 和对象 D:/UserData/Desktop/Project/lmms/build/plugins/Vibed/Release/vibedstrings.exp
  monstro.vcxproj -> D:\UserData\Desktop\Project\lmms\build\Release\plugins\monstro.dll
    正在创建库 D:/UserData/Desktop/Project/lmms/build/plugins/DynamicsProcessor/Release/dynamicsprocessor.lib 和对象 D:/UserData/Desktop/Project/lmms/build/plugins/DynamicsProcessor/Release/dynamicsprocessor.exp
  vibedstrings.vcxproj -> D:\UserData\Desktop\Project\lmms\build\Release\plugins\vibedstrings.dll
  dynamicsprocessor.vcxproj -> D:\UserData\Desktop\Project\lmms\build\Release\plugins\dynamicsprocessor.dll
    正在创建库 D:/UserData/Desktop/Project/lmms/build/plugins/Organic/Release/organic.lib 和对象 D:/UserData/Desktop/Project/lmms/build/plugins/Organic/Release/organic.exp
    正在创建库 D:/UserData/Desktop/Project/lmms/build/plugins/WaveShaper/Release/waveshaper.lib 和对象 D:/UserData/Desktop/Project/lmms/build/plugins/WaveShaper/Release/waveshaper.exp
  MidiImport.cpp
  organic.vcxproj -> D:\UserData\Desktop\Project\lmms\build\Release\plugins\organic.dll
  Automatic UIC for target sf2player
  waveshaper.vcxproj -> D:\UserData\Desktop\Project\lmms\build\Release\plugins\waveshaper.dll
    正在创建库 D:/UserData/Desktop/Project/lmms/build/plugins/Nes/Release/nes.lib 和对象 D:/UserData/Desktop/Project/lmms/build/plugins/Nes/Release/nes.exp
  Sf2Player.cpp
  nes.vcxproj -> D:\UserData\Desktop\Project\lmms\build\Release\plugins\nes.dll
    正在创建库 D:/UserData/Desktop/Project/lmms/build/plugins/SlicerT/Release/slicert.lib 和对象 D:/UserData/Desktop/Project/lmms/build/plugins/SlicerT/Release/slicert.exp
    正在创建库 D:/UserData/Desktop/Project/lmms/build/plugins/Patman/Release/patman.lib 和对象 D:/UserData/Desktop/Project/lmms/build/plugins/Patman/Release/patman.exp
  slicert.vcxproj -> D:\UserData\Desktop\Project\lmms\build\Release\plugins\slicert.dll
  patman.vcxproj -> D:\UserData\Desktop\Project\lmms\build\Release\plugins\patman.dll
  PeakControllerEffect.cpp
  正在生成代码...
    正在创建库 D:/UserData/Desktop/Project/lmms/build/plugins/TapTempo/Release/taptempo.lib 和对象 D:/UserData/Desktop/Project/lmms/build/plugins/TapTempo/Release/taptempo.exp
  taptempo.vcxproj -> D:\UserData\Desktop\Project\lmms\build\Release\plugins\taptempo.dll
    正在创建库 D:/UserData/Desktop/Project/lmms/build/plugins/AudioFileProcessor/Release/audiofileprocessor.lib 和对象 D:/UserData/Desktop/Project/lmms/build/plugins/AudioFileProcessor/Release/audiofileprocessor.exp
  audiofileprocessor.vcxproj -> D:\UserData\Desktop\Project\lmms\build\Release\plugins\audiofileprocessor.dll
    正在创建库 D:/UserData/Desktop/Project/lmms/build/plugins/LadspaEffect/Release/ladspaeffect.lib 和对象 D:/UserData/Desktop/Project/lmms/build/plugins/LadspaEffect/Release/ladspaeffect.exp
    正在创建库 D:/UserData/Desktop/Project/lmms/build/plugins/OpulenZ/Release/opulenz.lib 和对象 D:/UserData/Desktop/Project/lmms/build/plugins/OpulenZ/Release/opulenz.exp
  ladspaeffect.vcxproj -> D:\UserData\Desktop\Project\lmms\build\Release\plugins\ladspaeffect.dll
  opulenz.vcxproj -> D:\UserData\Desktop\Project\lmms\build\Release\plugins\opulenz.dll
    正在创建库 D:/UserData/Desktop/Project/lmms/build/plugins/VstBase/vstbase/Release/vstbase.lib 和对象 D:/UserData/Desktop/Project/lmms/build/plugins/VstBase/vstbase/Release/vstbase.exp
  Watsyn.cpp
    正在创建库 D:/UserData/Desktop/Project/lmms/build/plugins/CarlaBase/Release/carlabase.lib 和对象 D:/UserData/Desktop/Project/lmms/build/plugins/CarlaBase/Release/carlabase.exp
  vstbase.vcxproj -> D:\UserData\Desktop\Project\lmms\build\Release\plugins\vstbase.dll
    正在创建库 D:/UserData/Desktop/Project/lmms/build/plugins/FreeBoy/Release/freeboy.lib 和对象 D:/UserData/Desktop/Project/lmms/build/plugins/FreeBoy/Release/freeboy.exp
  carlabase.vcxproj -> D:\UserData\Desktop\Project\lmms\build\Release\plugins\carlabase.dll
  freeboy.vcxproj -> D:\UserData\Desktop\Project\lmms\build\Release\plugins\freeboy.dll
  VstEffect.cpp
  Vestige.cpp
  PeakControllerEffectControls.cpp
  ZynAddSubFx.cpp
    正在创建库 D:/UserData/Desktop/Project/lmms/build/plugins/MidiImport/Release/midiimport.lib 和对象 D:/UserData/Desktop/Project/lmms/build/plugins/MidiImport/Release/midiimport.exp
  midiimport.vcxproj -> D:\UserData\Desktop\Project\lmms\build\Release\plugins\midiimport.dll
    正在创建库 D:/UserData/Desktop/Project/lmms/build/plugins/Sf2Player/Release/sf2player.lib 和对象 D:/UserData/Desktop/Project/lmms/build/plugins/Sf2Player/Release/sf2player.exp
  sf2player.vcxproj -> D:\UserData\Desktop\Project\lmms\build\Release\plugins\sf2player.dll
    正在创建库 D:/UserData/Desktop/Project/lmms/build/plugins/CarlaPatchbay/Release/carlapatchbay.lib 和对象 D:/UserData/Desktop/Project/lmms/build/plugins/CarlaPatchbay/Release/carlapatchbay.exp
  carlapatchbay.vcxproj -> D:\UserData\Desktop\Project\lmms\build\Release\plugins\carlapatchbay.dll
    正在创建库 D:/UserData/Desktop/Project/lmms/build/plugins/CarlaRack/Release/carlarack.lib 和对象 D:/UserData/Desktop/Project/lmms/build/plugins/CarlaRack/Release/carlarack.exp
  carlarack.vcxproj -> D:\UserData\Desktop\Project\lmms\build\Release\plugins\carlarack.dll
  正在生成代码...
    正在创建库 D:/UserData/Desktop/Project/lmms/build/plugins/PeakControllerEffect/Release/peakcontrollereffect.lib 和对象 D:/UserData/Desktop/Project/lmms/build/plugins/PeakControllerEffect/Release/peakcontrollereffect.exp
  peakcontrollereffect.vcxproj -> D:\UserData\Desktop\Project\lmms\build\Release\plugins\peakcontrollereffect.dll
    正在创建库 D:/UserData/Desktop/Project/lmms/build/plugins/ZynAddSubFx/Release/zynaddsubfx.lib 和对象 D:/UserData/Desktop/Project/lmms/build/plugins/ZynAddSubFx/Release/zynaddsubfx.exp
  zynaddsubfx.vcxproj -> D:\UserData\Desktop\Project\lmms\build\Release\plugins\zynaddsubfx.dll
    正在创建库 D:/UserData/Desktop/Project/lmms/build/plugins/Watsyn/Release/watsyn.lib 和对象 D:/UserData/Desktop/Project/lmms/build/plugins/Watsyn/Release/watsyn.exp
    正在创建库 D:/UserData/Desktop/Project/lmms/build/plugins/VstEffect/Release/vsteffect.lib 和对象 D:/UserData/Desktop/Project/lmms/build/plugins/VstEffect/Release/vsteffect.exp
  watsyn.vcxproj -> D:\UserData\Desktop\Project\lmms\build\Release\plugins\watsyn.dll
  vsteffect.vcxproj -> D:\UserData\Desktop\Project\lmms\build\Release\plugins\vsteffect.dll
    正在创建库 D:/UserData/Desktop/Project/lmms/build/plugins/Vestige/Release/vestige.lib 和对象 D:/UserData/Desktop/Project/lmms/build/plugins/Vestige/Release/vestige.exp
  vestige.vcxproj -> D:\UserData\Desktop\Project\lmms\build\Release\plugins\vestige.dll
  Automatic MOC for target AudioDelayLineTest
  Automatic MOC for target A3CommandsTest
  Automatic MOC for target ArrayVectorTest
  Automatic MOC for target AgentHarness
  Automatic MOC for target A4CommandsTest
  Automatic MOC for target AudioBufferTest
  AudioDelayLineTest.vcxproj -> D:\UserData\Desktop\Project\lmms\build\tests\vsthost\Release\AudioDelayLineTest.exe
  Automatic MOC for target AutomatableModelTest
  AgentHarness.cpp
  Automatic MOC for target AutomationTrackTest
  Automatic MOC for target RemoteCatalogIoFixture
  ArrayVectorTest.cpp
  AudioBufferTest.cpp
  A4CommandsTest.cpp
  A3CommandsTest.cpp
  RemoteCatalogIoFixture.vcxproj -> D:\UserData\Desktop\Project\lmms\build\tests\vsthost\Release\RemoteCatalogIoFixture.exe
  AutomatableModelTest.cpp
  Automatic MOC for target CatalogJobsTest
  AutomationTrackTest.cpp
  CatalogJobsTest.vcxproj -> D:\UserData\Desktop\Project\lmms\build\tests\vsthost\Release\CatalogJobsTest.exe
  Automatic MOC for target CommandBusTest
  CommandBusTest.cpp
  mocs_compilation_Release.cpp
  正在生成代码...
    正在创建库 D:/UserData/Desktop/Project/lmms/build/tests/Release/AgentHarness.lib 和对象 D:/UserData/Desktop/Project/lmms/build/tests/Release/AgentHarness.exp
  AgentHarness.vcxproj -> D:\UserData\Desktop\Project\lmms\build\tests\Release\AgentHarness.exe
  Automatic MOC for target CoreCommandsTest
  mocs_compilation_Release.cpp
  正在生成代码...
  mocs_compilation_Release.cpp
  正在生成代码...
  mocs_compilation_Release.cpp
  正在生成代码...
  mocs_compilation_Release.cpp
  正在生成代码...
  CoreCommandsTest.cpp
    正在创建库 D:/UserData/Desktop/Project/lmms/build/tests/Release/AudioBufferTest.lib 和对象 D:/UserData/Desktop/Project/lmms/build/tests/Release/AudioBufferTest.exp
    正在创建库 D:/UserData/Desktop/Project/lmms/build/tests/Release/AutomatableModelTest.lib 和对象 D:/UserData/Desktop/Project/lmms/build/tests/Release/AutomatableModelTest.exp
    正在创建库 D:/UserData/Desktop/Project/lmms/build/tests/Release/A4CommandsTest.lib 和对象 D:/UserData/Desktop/Project/lmms/build/tests/Release/A4CommandsTest.exp
    正在创建库 D:/UserData/Desktop/Project/lmms/build/tests/Release/ArrayVectorTest.lib 和对象 D:/UserData/Desktop/Project/lmms/build/tests/Release/ArrayVectorTest.exp
  AudioBufferTest.vcxproj -> D:\UserData\Desktop\Project\lmms\build\tests\Release\AudioBufferTest.exe
  AutomatableModelTest.vcxproj -> D:\UserData\Desktop\Project\lmms\build\tests\Release\AutomatableModelTest.exe
    正在创建库 D:/UserData/Desktop/Project/lmms/build/tests/Release/AutomationTrackTest.lib 和对象 D:/UserData/Desktop/Project/lmms/build/tests/Release/AutomationTrackTest.exp
  DiffSingerCatalogTest.vcxproj -> D:\UserData\Desktop\Project\lmms\build\plugins\SVSDiffSinger\Release\DiffSingerCatalogTest.exe
  DiffSingerAbiTest.vcxproj -> D:\UserData\Desktop\Project\lmms\build\plugins\SVSDiffSinger\Release\DiffSingerAbiTest.exe
  mocs_compilation_Release.cpp
  正在生成代码...
  A4CommandsTest.vcxproj -> D:\UserData\Desktop\Project\lmms\build\tests\Release\A4CommandsTest.exe
  ArrayVectorTest.vcxproj -> D:\UserData\Desktop\Project\lmms\build\tests\Release\ArrayVectorTest.exe
  DiffSingerModelProbe.vcxproj -> D:\UserData\Desktop\Project\lmms\build\plugins\SVSDiffSinger\Release\DiffSingerModelProbe.exe
  DiffSingerDurationTest.cpp
  Automatic MOC for target FixedQuantumBufferTest
  DiffSingerSynthesisTest.vcxproj -> D:\UserData\Desktop\Project\lmms\build\plugins\SVSDiffSinger\Release\DiffSingerSynthesisTest.exe
  Automatic MOC for target CatalogIoTest
  Automatic MOC for target MathTest
  FixedQuantumBufferTest.vcxproj -> D:\UserData\Desktop\Project\lmms\build\tests\vsthost\Release\FixedQuantumBufferTest.exe
  AutomationTrackTest.vcxproj -> D:\UserData\Desktop\Project\lmms\build\tests\Release\AutomationTrackTest.exe
  Automatic MOC for target McpExportLifecycleTest
    正在创建库 D:/UserData/Desktop/Project/lmms/build/tests/Release/A3CommandsTest.lib 和对象 D:/UserData/Desktop/Project/lmms/build/tests/Release/A3CommandsTest.exp
  Automatic MOC for target McpProtocolTest
  Automatic MOC for target McpQueueTest
  Automatic MOC for target McpSecurityTest
  A3CommandsTest.vcxproj -> D:\UserData\Desktop\Project\lmms\build\tests\Release\A3CommandsTest.exe
  MathTest.cpp
  CatalogIoTest.vcxproj -> D:\UserData\Desktop\Project\lmms\build\tests\vsthost\Release\CatalogIoTest.exe
  McpExportLifecycleTest.cpp
  McpProtocolTest.cpp
  McpQueueTest.cpp
  McpSecurityTest.cpp
    正在创建库 D:/UserData/Desktop/Project/lmms/build/tests/Release/CommandBusTest.lib 和对象 D:/UserData/Desktop/Project/lmms/build/tests/Release/CommandBusTest.exp
  CommandBusTest.vcxproj -> D:\UserData\Desktop\Project\lmms\build\tests\Release\CommandBusTest.exe
  Automatic MOC for target McpServerLifecycleTest
  McpServerLifecycleTest.cpp
  mocs_compilation_Release.cpp
  正在生成代码...
    正在创建库 D:/UserData/Desktop/Project/lmms/build/tests/Release/CoreCommandsTest.lib 和对象 D:/UserData/Desktop/Project/lmms/build/tests/Release/CoreCommandsTest.exp
  mocs_compilation_Release.cpp
  正在生成代码...
  mocs_compilation_Release.cpp
  正在生成代码...
  DiffSingerDurationTest.vcxproj -> D:\UserData\Desktop\Project\lmms\build\plugins\SVSDiffSinger\Release\DiffSingerDurationTest.exe
  mocs_compilation_Release.cpp
  正在生成代码...
  mocs_compilation_Release.cpp
  mocs_compilation_Release.cpp
  正在生成代码...
  正在生成代码...
  Automatic MOC for target MixAutomationCommandsTest
  CoreCommandsTest.vcxproj -> D:\UserData\Desktop\Project\lmms\build\tests\Release\CoreCommandsTest.exe
  RemoteVstPlugin64.vcxproj -> D:\UserData\Desktop\Project\lmms\build\plugins\RemoteVstPlugin64.exe
    正在创建库 D:/UserData/Desktop/Project/lmms/build/tests/Release/MathTest.lib 和对象 D:/UserData/Desktop/Project/lmms/build/tests/Release/MathTest.exp
  Automatic MOC for target ProjectVersionTest
    正在创建库 D:/UserData/Desktop/Project/lmms/build/tests/Release/McpProtocolTest.lib 和对象 D:/UserData/Desktop/Project/lmms/build/tests/Release/McpProtocolTest.exp
  MixAutomationCommandsTest.cpp
    正在创建库 D:/UserData/Desktop/Project/lmms/build/tests/Release/McpSecurityTest.lib 和对象 D:/UserData/Desktop/Project/lmms/build/tests/Release/McpSecurityTest.exp
    正在创建库 D:/UserData/Desktop/Project/lmms/build/tests/Release/McpExportLifecycleTest.lib 和对象 D:/UserData/Desktop/Project/lmms/build/tests/Release/McpExportLifecycleTest.exp
  MathTest.vcxproj -> D:\UserData\Desktop\Project\lmms\build\tests\Release\MathTest.exe
  Automatic MOC for target RelativePathsTest
  ProjectVersionTest.cpp
  McpProtocolTest.vcxproj -> D:\UserData\Desktop\Project\lmms\build\tests\Release\McpProtocolTest.exe
  McpSecurityTest.vcxproj -> D:\UserData\Desktop\Project\lmms\build\tests\Release\McpSecurityTest.exe
  McpExportLifecycleTest.vcxproj -> D:\UserData\Desktop\Project\lmms\build\tests\Release\McpExportLifecycleTest.exe
    正在创建库 D:/UserData/Desktop/Project/lmms/build/tests/Release/McpQueueTest.lib 和对象 D:/UserData/Desktop/Project/lmms/build/tests/Release/McpQueueTest.exp
  SVCConsumer.vcxproj -> D:\UserData\Desktop\Project\lmms\build\sdk\svc\Release\SVCConsumer.exe
  SVCContractTest.vcxproj -> D:\UserData\Desktop\Project\lmms\build\sdk\svc\Release\SVCContractTest.exe
  SVCChunkCacheTest.vcxproj -> D:\UserData\Desktop\Project\lmms\build\src\core\svc\Release\SVCChunkCacheTest.exe
  Automatic MOC for target SVCIntegrationTest
  Automatic MOC for target PluginCatalogTest
  RelativePathsTest.cpp
  SVCPlaybackTest.vcxproj -> D:\UserData\Desktop\Project\lmms\build\src\core\svc\Release\SVCPlaybackTest.exe
  SVSCompute.vcxproj -> D:\UserData\Desktop\Project\lmms\build\Release\plugins\SVSCompute.dll
  McpQueueTest.vcxproj -> D:\UserData\Desktop\Project\lmms\build\tests\Release\McpQueueTest.exe
  Building Custom Rule D:/UserData/Desktop/Project/lmms/src/core/svs/compute/CMakeLists.txt
  SVSComputeConformance.vcxproj -> D:\UserData\Desktop\Project\lmms\build\src\core\svs\compute\Release\SVSComputeConformance.exe
  SVSComputeAbiCheck.vcxproj -> D:\UserData\Desktop\Project\lmms\build\src\core\svs\compute\Release\SVSComputeAbiCheck.exe
  Building Custom Rule D:/UserData/Desktop/Project/lmms/src/core/svs/compute/CMakeLists.txt
  SVSComputeWorker.vcxproj -> D:\UserData\Desktop\Project\lmms\build\Release\svs\compute\SVSComputeWorker.exe
  Automatic MOC for target SVSProjectMapperTest
  SVSComputeProbe.vcxproj -> D:\UserData\Desktop\Project\lmms\build\Release\svs\compute\SVSComputeProbe.exe
  mocs_compilation_Release.cpp
  正在生成代码...
  SVSProjectMapper.cpp
  Automatic MOC for target SVSProjectProcessTest
  SVCIntegrationTest.cpp
  Automatic MOC for target ScanRootsWidgetTest
  Automatic MOC for target TimelineTest
  SVSProjectBridge.cpp
  ScanRootsWidgetTest.cpp
  TimelineTest.cpp
  mocs_compilation_Release.cpp
  正在生成代码...
  mocs_compilation_Release.cpp
  正在生成代码...
  SVSProjectProcessTest.vcxproj -> D:\UserData\Desktop\Project\lmms\build\tests\Release\SVSProjectProcessTest.exe
  Automatic MOC for target Vst2CompatibilityTest
  mocs_compilation_Release.cpp
  正在生成代码...
  SVSProjectMapperTest.vcxproj -> D:\UserData\Desktop\Project\lmms\build\tests\Release\SVSProjectMapperTest.exe
  Automatic MOC for target Vst3HostProxyTest
  Automatic MOC for target Vst3MetadataTest
  Vst3HostProxyTest.vcxproj -> D:\UserData\Desktop\Project\lmms\build\tests\vsthost\Release\Vst3HostProxyTest.exe
  Vst3MetadataTest.vcxproj -> D:\UserData\Desktop\Project\lmms\build\tests\vsthost\Release\Vst3MetadataTest.exe
    正在创建库 D:/UserData/Desktop/Project/lmms/build/tests/Release/McpServerLifecycleTest.lib 和对象 D:/UserData/Desktop/Project/lmms/build/tests/Release/McpServerLifecycleTest.exp
  Automatic MOC for target VstHostAudioQueue
  Automatic MOC for target VstHostControlChannel
  VstHostAudioQueue.vcxproj -> D:\UserData\Desktop\Project\lmms\build\tests\vsthost\Release\VstHostAudioQueue.exe
  Vst2CompatibilityTest.cpp
  VstHostControlChannel.vcxproj -> D:\UserData\Desktop\Project\lmms\build\tests\vsthost\Release\VstHostControlChannel.exe
  Automatic MOC for target VstHostLegacyBridge
  VstHostLegacyBridge.vcxproj -> D:\UserData\Desktop\Project\lmms\build\tests\vsthost\Release\VstHostLegacyBridge.exe
  McpServerLifecycleTest.vcxproj -> D:\UserData\Desktop\Project\lmms\build\tests\Release\McpServerLifecycleTest.exe
  Automatic MOC for target VstHostProtocol
    正在创建库 D:/UserData/Desktop/Project/lmms/build/tests/Release/RelativePathsTest.lib 和对象 D:/UserData/Desktop/Project/lmms/build/tests/Release/RelativePathsTest.exp
  PluginCatalogTest.vcxproj -> D:\UserData\Desktop\Project\lmms\build\tests\vsthost\Release\PluginCatalogTest.exe
  VstHostProtocol.vcxproj -> D:\UserData\Desktop\Project\lmms\build\tests\vsthost\Release\VstHostProtocol.exe
  Automatic MOC for target VstHostRealtimeMidi
    正在创建库 D:/UserData/Desktop/Project/lmms/build/tests/Release/MixAutomationCommandsTest.lib 和对象 D:/UserData/Desktop/Project/lmms/build/tests/Release/MixAutomationCommandsTest.exp
  VstHostRealtimeMidi.vcxproj -> D:\UserData\Desktop\Project\lmms\build\tests\vsthost\Release\VstHostRealtimeMidi.exe
  Automatic MOC for target VstSessionFixture
  RelativePathsTest.vcxproj -> D:\UserData\Desktop\Project\lmms\build\tests\Release\RelativePathsTest.exe
  VstSessionFixture.vcxproj -> D:\UserData\Desktop\Project\lmms\build\tests\vsthost\Release\VstSessionFixture.exe
  Automatic MOC for target Vst2ShellTest
  Automatic MOC for target SVSIntegrationTest
  Automatic MOC for target ThemeWidgetTest
  mocs_compilation_Release.cpp
  正在生成代码...
    正在创建库 D:/UserData/Desktop/Project/lmms/build/tests/Release/ProjectVersionTest.lib 和对象 D:/UserData/Desktop/Project/lmms/build/tests/Release/ProjectVersionTest.exp
  MixAutomationCommandsTest.vcxproj -> D:\UserData\Desktop\Project\lmms\build\tests\Release\MixAutomationCommandsTest.exe
  Automatic MOC for target VstHostSupervisor
  Automatic MOC for target UiBaselineCapture
  VstHostSupervisor.vcxproj -> D:\UserData\Desktop\Project\lmms\build\tests\vsthost\Release\VstHostSupervisor.exe
  Automatic MOC for target VstHostVst2Session
  ProjectVersionTest.vcxproj -> D:\UserData\Desktop\Project\lmms\build\tests\Release\ProjectVersionTest.exe
  VstHostVst2Session.vcxproj -> D:\UserData\Desktop\Project\lmms\build\tests\vsthost\Release\VstHostVst2Session.exe
  Automatic MOC for target VstPathsMigrationTest
  Automatic MOC for target VstHostSession
  VstHostSession.vcxproj -> D:\UserData\Desktop\Project\lmms\build\tests\vsthost\Release\VstHostSession.exe
  ScanRootsWidgetTest.vcxproj -> D:\UserData\Desktop\Project\lmms\build\tests\vsthost\Release\ScanRootsWidgetTest.exe
  VstPathsMigrationTest.cpp
  Automatic MOC for target VstHostVst2Faults
    正在创建库 D:/UserData/Desktop/Project/lmms/build/tests/Release/TimelineTest.lib 和对象 D:/UserData/Desktop/Project/lmms/build/tests/Release/TimelineTest.exp
  VstHostVst2Faults.vcxproj -> D:\UserData\Desktop\Project\lmms\build\tests\vsthost\Release\VstHostVst2Faults.exe
  SVSIntegrationTest.cpp
LINK : warning LNK4044: 无法识别的选项“/mwindows”；已忽略 [D:\UserData\Desktop\Project\lmms\build\plugins\ZynAddSubFx\RemoteZynAddSubFx.vcxproj]
  TimelineTest.vcxproj -> D:\UserData\Desktop\Project\lmms\build\tests\Release\TimelineTest.exe
  RemoteZynAddSubFx.vcxproj -> D:\UserData\Desktop\Project\lmms\build\plugins\Release\RemoteZynAddSubFx.exe
  SVCRVCTest.vcxproj -> D:\UserData\Desktop\Project\lmms\build\plugins\SVCRVC\Release\SVCRVCTest.exe
  Vst2ShellTest.vcxproj -> D:\UserData\Desktop\Project\lmms\build\tests\vsthost\Release\Vst2ShellTest.exe
  UiBaselineCapture.cpp
  ThemeWidgetTest.cpp
    正在创建库 D:/UserData/Desktop/Project/lmms/build/tests/Release/lmms.lib 和对象 D:/UserData/Desktop/Project/lmms/build/tests/Release/lmms.exp
  SVCIntegrationTest.vcxproj -> D:\UserData\Desktop\Project\lmms\build\tests\svc\Release\lmms.exe
  VstPlugin.cpp
  mocs_compilation_Release.cpp
  正在生成代码...
    正在创建库 D:/UserData/Desktop/Project/lmms/build/tests/Release/VstPathsMigrationTest.lib 和对象 D:/UserData/Desktop/Project/lmms/build/tests/Release/VstPathsMigrationTest.exp
  VstPathsMigrationTest.vcxproj -> D:\UserData\Desktop\Project\lmms\build\tests\Release\VstPathsMigrationTest.exe
  mocs_compilation_Release.cpp
  正在生成代码...
    正在创建库 D:/UserData/Desktop/Project/lmms/build/tests/theme/Release/lmms.lib 和对象 D:/UserData/Desktop/Project/lmms/build/tests/theme/Release/lmms.exp
  mocs_compilation_Release.cpp
  ThemeWidgetTest.vcxproj -> D:\UserData\Desktop\Project\lmms\build\tests\theme\Release\lmms.exe
    正在创建库 D:/UserData/Desktop/Project/lmms/build/tests/ui/Release/lmms.lib 和对象 D:/UserData/Desktop/Project/lmms/build/tests/ui/Release/lmms.exp
  UiBaselineCapture.vcxproj -> D:\UserData\Desktop\Project\lmms\build\tests\ui\Release\lmms.exe
  正在生成代码...
    正在创建库 D:/UserData/Desktop/Project/lmms/build/tests/Release/Vst2CompatibilityTest.lib 和对象 D:/UserData/Desktop/Project/lmms/build/tests/Release/Vst2CompatibilityTest.exp
  Vst2CompatibilityTest.vcxproj -> D:\UserData\Desktop\Project\lmms\build\tests\Release\Vst2CompatibilityTest.exe
  Automatic MOC for target VstEntryPoints
  VstEntryPoints.cpp
    正在创建库 D:/UserData/Desktop/Project/lmms/build/tests/Release/lmms.lib 和对象 D:/UserData/Desktop/Project/lmms/build/tests/Release/lmms.exp
  SVSIntegrationTest.vcxproj -> D:\UserData\Desktop\Project\lmms\build\tests\Release\lmms.exe
  mocs_compilation_Release.cpp
  正在生成代码...
    正在创建库 D:/UserData/Desktop/Project/lmms/build/tests/vsthost/native/Release/lmms.lib 和对象 D:/UserData/Desktop/Project/lmms/build/tests/vsthost/native/Release/lmms.exp
  VstEntryPoints.vcxproj -> D:\UserData\Desktop\Project\lmms\build\tests\vsthost\native\Release\lmms.exe
