********* Start testing of SVSIntegrationTest *********
Config: Using QtTest library 6.10.3, Qt 6.10.3 (x86_64-little_endian-llp64 shared (dynamic) release build; by MSVC 2022), windows 11
QDEBUG : SVSIntegrationTest::initTestCase() Lv2 plugin SUMMARY: 0 of 0  loaded in 0 msecs.
Cannot connect to named pipe after wait = \\.\pipe\server_jack_default_0 err = 2
Cannot connect to server request channel
jack server is not running or cannot be started
JackShmReadWritePtr::~JackShmReadWritePtr - Init not done for -1, skipping unlock
JackShmReadWritePtr::~JackShmReadWritePtr - Init not done for -1, skipping unlock
QDEBUG : SVSIntegrationTest::initTestCase() SVS: SVSExample engine initialized
PASS   : SVSIntegrationTest::initTestCase()
PASS   : SVSIntegrationTest::projectExportFileGroupTransaction()
PASS   : SVSIntegrationTest::projectExportMappingAndAudio()
PASS   : SVSIntegrationTest::projectExportSnapshotIsReadOnly()
QWARN  : SVSIntegrationTest::projectImportPersistenceAndRollback() SVS compute memory policy: Cannot load SVSCompute runtime: D:/UserData/Desktop/Project/lmms/build/tests/Release\plugins\SVSCompute.dll
QWARN  : SVSIntegrationTest::projectImportPersistenceAndRollback() SVS compute memory policy: Cannot load SVSCompute runtime: D:/UserData/Desktop/Project/lmms/build/tests/Release\plugins\SVSCompute.dll
QWARN  : SVSIntegrationTest::projectImportPersistenceAndRollback() SVS compute memory policy: Cannot load SVSCompute runtime: D:/UserData/Desktop/Project/lmms/build/tests/Release\plugins\SVSCompute.dll
QWARN  : SVSIntegrationTest::projectImportPersistenceAndRollback() SVS compute memory policy: Cannot load SVSCompute runtime: D:/UserData/Desktop/Project/lmms/build/tests/Release\plugins\SVSCompute.dll
QWARN  : SVSIntegrationTest::projectImportPersistenceAndRollback() SVS compute memory policy: Cannot load SVSCompute runtime: D:/UserData/Desktop/Project/lmms/build/tests/Release\plugins\SVSCompute.dll
QWARN  : SVSIntegrationTest::projectImportPersistenceAndRollback() SVS compute memory policy: Cannot load SVSCompute runtime: D:/UserData/Desktop/Project/lmms/build/tests/Release\plugins\SVSCompute.dll
JO-ID 8417087 already in use by automatablemodel:Mixer channel!
PASS   : SVSIntegrationTest::projectImportPersistenceAndRollback()
FAIL!  : SVSIntegrationTest::sdkResourcesAndServices() 'error.isEmpty()' returned FALSE. (SVS resource API unavailable)
D:\UserData\Desktop\Project\lmms\tests\svs\SVSIntegrationTest.cpp(1973) : failure location
FAIL!  : SVSIntegrationTest::sdkManifestDiagnostics() Compared values are not the same
   Actual   (std::count_if(voices.begin(), voices.end(), [](const auto& voice) { return voice.pluginId == "org.lmms.svs.test.duplicate"; })): 0
   Expected (2)                                                                                                                             : 2
D:\UserData\Desktop\Project\lmms\tests\svs\SVSIntegrationTest.cpp(2466) : failure location
FAIL!  : SVSIntegrationTest::batchLyricsAndPronunciation() 'track->capabilitiesReady()' returned FALSE. ()
D:\UserData\Desktop\Project\lmms\tests\svs\SVSIntegrationTest.cpp(5083) : failure location
PASS   : SVSIntegrationTest::continuousCurves()
PASS   : SVSIntegrationTest::segmentedPlanDependenciesAndAssembly()
PASS   : SVSIntegrationTest::cleanupTestCase()
Totals: 8 passed, 3 failed, 0 skipped, 0 blacklisted, 44008ms
********* Finished testing of SVSIntegrationTest *********
