适用于 .NET Framework MSBuild 版本 18.10.1-1.26427.6+3cd27c13e

  Checking File Globs
  Automatic MOC for target Vst2FaultStateHang
  Automatic MOC for target Vst2FaultEditorHang
  Automatic MOC for target Vst2FaultAudioCrash
  Performing build step for 'RemoteVstPlugin32'
  Performing build step for 'RemoteVstHost64'
  Vst2FaultStateHang.vcxproj -> D:\UserData\Desktop\Project\lmms\build\vst-s0\x64\fixtures\Release\Vst2FaultStateHang.dll
  Vst2FaultEditorHang.vcxproj -> D:\UserData\Desktop\Project\lmms\build\vst-s0\x64\fixtures\Release\Vst2FaultEditorHang.dll
  Vst2FaultAudioCrash.vcxproj -> D:\UserData\Desktop\Project\lmms\build\vst-s0\x64\fixtures\Release\Vst2FaultAudioCrash.dll
  SVSComputeFixtureWriter.vcxproj -> D:\UserData\Desktop\Project\lmms\build\src\core\svs\compute\Release\SVSComputeFixtureWriter.exe
  svc-sdk.vcxproj -> D:\UserData\Desktop\Project\lmms\build\sdk\svc\Release\svc-sdk.lib
  Automatic MOC for target Vst2FaultStateCrash
  yaml-cpp.vcxproj -> D:\UserData\Desktop\Project\lmms\build\_deps\diffsinger_yaml-build\Release\yaml-cpp.lib
  Generating D:/UserData/Desktop/Project/lmms/data/locale/en.qm
  Automatic MOC for target Vst2FaultEditorCrash
  閫傜敤浜?.NET Framework MSBuild 鐗堟湰 18.10.1-1.26427.6+3cd27c13e
  Updating 'D:/UserData/Desktop/Project/lmms/data/locale/en.qm'...
      Generated 0 translation(s) (0 finished and 0 unfinished)
      Ignored 3877 untranslated source text(s)
  閫傜敤浜?.NET Framework MSBuild 鐗堟湰 18.10.1-1.26427.6+3cd27c13e


  Vst2FaultStateCrash.vcxproj -> D:\UserData\Desktop\Project\lmms\build\vst-s0\x64\fixtures\Release\Vst2FaultStateCrash.dll
  Vst2FaultEditorCrash.vcxproj -> D:\UserData\Desktop\Project\lmms\build\vst-s0\x64\fixtures\Release\Vst2FaultEditorCrash.dll
  Automatic MOC for target Vst2FaultCloseHang
  Automatic MOC for target Vst2FaultEntryHang
  Vst2FaultCloseHang.vcxproj -> D:\UserData\Desktop\Project\lmms\build\vst-s0\x64\fixtures\Release\Vst2FaultCloseHang.dll
  Automatic MOC for target Vst2ShellDuplicate
    RemoteVstPlugin32.vcxproj -> D:\UserData\Desktop\Project\lmms\build\plugins\32\RemoteVstPlugin32.exe
    pluginterfaces.vcxproj -> D:\UserData\Desktop\Project\lmms\build\vst-host\x64\lib\Release\pluginterfaces.lib
  Vst2FaultEntryHang.vcxproj -> D:\UserData\Desktop\Project\lmms\build\vst-s0\x64\fixtures\Release\Vst2FaultEntryHang.dll
  Automatic MOC for target Vst2Baseline
    Vst3Factory.vcxproj -> D:\UserData\Desktop\Project\lmms\build\vst-host\x64\Release\Vst3Factory.vst3
  Vst2ShellDuplicate.vcxproj -> D:\UserData\Desktop\Project\lmms\build\vst-s0\x64\fixtures\Release\Vst2ShellDuplicate.dll
  Automatic MOC for target Vst2ShellHang
    Vst3FactoryFault1.vcxproj -> D:\UserData\Desktop\Project\lmms\build\vst-host\x64\Release\Vst3FactoryFault1.vst3
  Vst2Baseline.vcxproj -> D:\UserData\Desktop\Project\lmms\build\vst-s0\x64\fixtures\Release\Vst2Baseline.dll
    Vst3FactoryFault2.vcxproj -> D:\UserData\Desktop\Project\lmms\build\vst-host\x64\Release\Vst3FactoryFault2.vst3
  No install step for 'RemoteVstPlugin32'
    Vst3FactoryFault3.vcxproj -> D:\UserData\Desktop\Project\lmms\build\vst-host\x64\Release\Vst3FactoryFault3.vst3
  Vst2ShellHang.vcxproj -> D:\UserData\Desktop\Project\lmms\build\vst-s0\x64\fixtures\Release\Vst2ShellHang.dll
  SVSComputeExample.vcxproj -> D:\UserData\Desktop\Project\lmms\build\Release\svs\SVSComputeExample\SVSComputeExample.dll
    Vst3FactoryFault4.vcxproj -> D:\UserData\Desktop\Project\lmms\build\vst-host\x64\Release\Vst3FactoryFault4.vst3
  Completed 'RemoteVstPlugin32'
  Performing build step for 'RemoteVstHost32'
    Vst3FactoryFault5.vcxproj -> D:\UserData\Desktop\Project\lmms\build\vst-host\x64\Release\Vst3FactoryFault5.vst3
  cmt.vcxproj -> D:\UserData\Desktop\Project\lmms\build\plugins\ladspa\Release\cmt.dll
    Vst3FactoryFault6.vcxproj -> D:\UserData\Desktop\Project\lmms\build\vst-host\x64\Release\Vst3FactoryFault6.vst3
    Vst3FactoryFault7.vcxproj -> D:\UserData\Desktop\Project\lmms\build\vst-host\x64\Release\Vst3FactoryFault7.vst3
  閫傜敤浜?.NET Framework MSBuild 鐗堟湰 18.10.1-1.26427.6+3cd27c13e
    Vst3FactoryFault8.vcxproj -> D:\UserData\Desktop\Project\lmms\build\vst-host\x64\Release\Vst3FactoryFault8.vst3
  Automatic MOC for target Vst2FaultAudioHang
  Generating D:/UserData/Desktop/Project/lmms/data/locale/ja.qm

  Updating 'D:/UserData/Desktop/Project/lmms/data/locale/ja.qm'...
    base.vcxproj -> D:\UserData\Desktop\Project\lmms\build\vst-host\x64\lib\Release\base.lib
      Generated 3877 translation(s) (3877 finished and 0 unfinished)
  SVCRVC.vcxproj -> D:\UserData\Desktop\Project\lmms\build\Release\plugins\svcrvc.dll
    sdk_common.vcxproj -> D:\UserData\Desktop\Project\lmms\build\vst-host\x64\lib\Release\sdk_common.lib
  Vst2FaultAudioHang.vcxproj -> D:\UserData\Desktop\Project\lmms\build\vst-s0\x64\fixtures\Release\Vst2FaultAudioHang.dll
  Generating D:/UserData/Desktop/Project/lmms/data/locale/ko.qm
    sdk.vcxproj -> D:\UserData\Desktop\Project\lmms\build\vst-host\x64\lib\Release\sdk.lib
  Updating 'D:/UserData/Desktop/Project/lmms/data/locale/ko.qm'...
      Generated 3877 translation(s) (3877 finished and 0 unfinished)
    Vst3Native.vcxproj -> D:\UserData\Desktop\Project\lmms\build\vst-host\x64\Release\Vst3Native.vst3
  Automatic MOC for target Vst2FaultEntryCrash
    sdk_hosting.vcxproj -> D:\UserData\Desktop\Project\lmms\build\vst-host\x64\lib\Release\sdk_hosting.lib
    LmmsVst3Loader.vcxproj -> D:\UserData\Desktop\Project\lmms\build\vst-host\x64\Release\LmmsVst3Loader.lib
    pluginterfaces.vcxproj -> D:\UserData\Desktop\Project\lmms\build\vst-host\x86\lib\Release\pluginterfaces.lib
  Vst2FaultEntryCrash.vcxproj -> D:\UserData\Desktop\Project\lmms\build\vst-s0\x64\fixtures\Release\Vst2FaultEntryCrash.dll
    LmmsVst3Module.vcxproj -> D:\UserData\Desktop\Project\lmms\build\vst-host\x64\Release\LmmsVst3Module.lib
    Vst3Factory.vcxproj -> D:\UserData\Desktop\Project\lmms\build\vst-host\x86\Release\Vst3Factory.vst3
    RemoteVstHost.vcxproj -> D:\UserData\Desktop\Project\lmms\build\vst-host\x64\Release\RemoteVstHost.exe
  DiffSingerCatalog.vcxproj -> D:\UserData\Desktop\Project\lmms\build\plugins\SVSDiffSinger\Release\DiffSingerCatalog.lib
    Vst3FactoryFault1.vcxproj -> D:\UserData\Desktop\Project\lmms\build\vst-host\x86\Release\Vst3FactoryFault1.vst3
  Automatic MOC for target Vst2ShellCrash
    Vst3CatalogTest.vcxproj -> D:\UserData\Desktop\Project\lmms\build\vst-host\x64\Release\Vst3CatalogTest.exe
    Vst3FactoryFault2.vcxproj -> D:\UserData\Desktop\Project\lmms\build\vst-host\x86\Release\Vst3FactoryFault2.vst3
    Vst3LifecycleTest.vcxproj -> D:\UserData\Desktop\Project\lmms\build\vst-host\x64\Release\Vst3LifecycleTest.exe
    Vst3FactoryFault3.vcxproj -> D:\UserData\Desktop\Project\lmms\build\vst-host\x86\Release\Vst3FactoryFault3.vst3
  Vst2ShellCrash.vcxproj -> D:\UserData\Desktop\Project\lmms\build\vst-s0\x64\fixtures\Release\Vst2ShellCrash.dll
    Vst3PresetSdkTest.vcxproj -> D:\UserData\Desktop\Project\lmms\build\vst-host\x64\Release\Vst3PresetSdkTest.exe
    Vst3FactoryFault4.vcxproj -> D:\UserData\Desktop\Project\lmms\build\vst-host\x86\Release\Vst3FactoryFault4.vst3
  Generating D:/UserData/Desktop/Project/lmms/data/locale/zh_CN.qm
    Vst3ProcessingTest.vcxproj -> D:\UserData\Desktop\Project\lmms\build\vst-host\x64\Release\Vst3ProcessingTest.exe
    Vst3FactoryFault5.vcxproj -> D:\UserData\Desktop\Project\lmms\build\vst-host\x86\Release\Vst3FactoryFault5.vst3
  Updating 'D:/UserData/Desktop/Project/lmms/data/locale/zh_CN.qm'...
      Generated 3877 translation(s) (3877 finished and 0 unfinished)
  ringbuffer.vcxproj -> D:\UserData\Desktop\Project\lmms\build\src\3rdparty\ringbuffer.dir\Release\ringbuffer.lib
    Vst3RestartEventsTest.vcxproj -> D:\UserData\Desktop\Project\lmms\build\vst-host\x64\Release\Vst3RestartEventsTest.exe
    Vst3FactoryFault6.vcxproj -> D:\UserData\Desktop\Project\lmms\build\vst-host\x86\Release\Vst3FactoryFault6.vst3
    Vst3FactoryFault7.vcxproj -> D:\UserData\Desktop\Project\lmms\build\vst-host\x86\Release\Vst3FactoryFault7.vst3
    WaveShellInventory.vcxproj -> D:\UserData\Desktop\Project\lmms\build\vst-host\x64\Release\WaveShellInventory.exe
    Vst3FactoryFault8.vcxproj -> D:\UserData\Desktop\Project\lmms\build\vst-host\x86\Release\Vst3FactoryFault8.vst3
  Performing install step for 'RemoteVstHost64'
  tap_autopan.vcxproj -> D:\UserData\Desktop\Project\lmms\build\plugins\ladspa\Release\tap_autopan.dll
    base.vcxproj -> D:\UserData\Desktop\Project\lmms\build\vst-host\x86\lib\Release\base.lib
  tap_doubler.vcxproj -> D:\UserData\Desktop\Project\lmms\build\plugins\ladspa\Release\tap_doubler.dll
  tap_deesser.vcxproj -> D:\UserData\Desktop\Project\lmms\build\plugins\ladspa\Release\tap_deesser.dll
  tap_chorusflanger.vcxproj -> D:\UserData\Desktop\Project\lmms\build\plugins\ladspa\Release\tap_chorusflanger.dll
    sdk_common.vcxproj -> D:\UserData\Desktop\Project\lmms\build\vst-host\x86\lib\Release\sdk_common.lib
  Completed 'RemoteVstHost64'
    sdk.vcxproj -> D:\UserData\Desktop\Project\lmms\build\vst-host\x86\lib\Release\sdk.lib
    Vst3Native.vcxproj -> D:\UserData\Desktop\Project\lmms\build\vst-host\x86\Release\Vst3Native.vst3
  tap_dynamics_m.vcxproj -> D:\UserData\Desktop\Project\lmms\build\plugins\ladspa\Release\tap_dynamics_m.dll
  tap_dynamics_st.vcxproj -> D:\UserData\Desktop\Project\lmms\build\plugins\ladspa\Release\tap_dynamics_st.dll
  tap_echo.vcxproj -> D:\UserData\Desktop\Project\lmms\build\plugins\ladspa\Release\tap_echo.dll
  tap_eq.vcxproj -> D:\UserData\Desktop\Project\lmms\build\plugins\ladspa\Release\tap_eq.dll
    sdk_hosting.vcxproj -> D:\UserData\Desktop\Project\lmms\build\vst-host\x86\lib\Release\sdk_hosting.lib
    LmmsVst3Loader.vcxproj -> D:\UserData\Desktop\Project\lmms\build\vst-host\x86\Release\LmmsVst3Loader.lib
  Automatic MOC and UIC for target SVSExample
    LmmsVst3Module.vcxproj -> D:\UserData\Desktop\Project\lmms\build\vst-host\x86\Release\LmmsVst3Module.lib
  tap_eqbw.vcxproj -> D:\UserData\Desktop\Project\lmms\build\plugins\ladspa\Release\tap_eqbw.dll
  tap_limiter.vcxproj -> D:\UserData\Desktop\Project\lmms\build\plugins\ladspa\Release\tap_limiter.dll
  tap_pinknoise.vcxproj -> D:\UserData\Desktop\Project\lmms\build\plugins\ladspa\Release\tap_pinknoise.dll
  tap_pitch.vcxproj -> D:\UserData\Desktop\Project\lmms\build\plugins\ladspa\Release\tap_pitch.dll
    RemoteVstHost.vcxproj -> D:\UserData\Desktop\Project\lmms\build\vst-host\x86\Release\RemoteVstHost.exe
  SVSExample.vcxproj -> D:\UserData\Desktop\Project\lmms\build\Release\svs\SVSExample\SVSExample.dll
    Vst3CatalogTest.vcxproj -> D:\UserData\Desktop\Project\lmms\build\vst-host\x86\Release\Vst3CatalogTest.exe
    Vst3LifecycleTest.vcxproj -> D:\UserData\Desktop\Project\lmms\build\vst-host\x86\Release\Vst3LifecycleTest.exe
  tap_reflector.vcxproj -> D:\UserData\Desktop\Project\lmms\build\plugins\ladspa\Release\tap_reflector.dll
    Vst3PresetSdkTest.vcxproj -> D:\UserData\Desktop\Project\lmms\build\vst-host\x86\Release\Vst3PresetSdkTest.exe
  tap_reverb.vcxproj -> D:\UserData\Desktop\Project\lmms\build\plugins\ladspa\Release\tap_reverb.dll
  tap_sigmoid.vcxproj -> D:\UserData\Desktop\Project\lmms\build\plugins\ladspa\Release\tap_sigmoid.dll
  tap_rotspeak.vcxproj -> D:\UserData\Desktop\Project\lmms\build\plugins\ladspa\Release\tap_rotspeak.dll
    Vst3ProcessingTest.vcxproj -> D:\UserData\Desktop\Project\lmms\build\vst-host\x86\Release\Vst3ProcessingTest.exe
    Vst3RestartEventsTest.vcxproj -> D:\UserData\Desktop\Project\lmms\build\vst-host\x86\Release\Vst3RestartEventsTest.exe
    WaveShellInventory.vcxproj -> D:\UserData\Desktop\Project\lmms\build\vst-host\x86\Release\WaveShellInventory.exe
  tap_tremolo.vcxproj -> D:\UserData\Desktop\Project\lmms\build\plugins\ladspa\Release\tap_tremolo.dll
  tap_tubewarmth.vcxproj -> D:\UserData\Desktop\Project\lmms\build\plugins\ladspa\Release\tap_tubewarmth.dll
  tap_vibrato.vcxproj -> D:\UserData\Desktop\Project\lmms\build\plugins\ladspa\Release\tap_vibrato.dll
  Performing install step for 'RemoteVstHost32'
  veal.vcxproj -> D:\UserData\Desktop\Project\lmms\build\plugins\ladspa\Release\veal.dll
  Completed 'RemoteVstHost32'
  zynaddsubfx_gui.vcxproj -> D:\UserData\Desktop\Project\lmms\build\plugins\ZynAddSubFx\zynaddsubfx\src\UI\zynaddsubfx_gui.dir\Release\zynaddsubfx_gui.lib
  zynaddsubfx_nio.vcxproj -> D:\UserData\Desktop\Project\lmms\build\plugins\ZynAddSubFx\zynaddsubfx\src\Nio\zynaddsubfx_nio.dir\Release\zynaddsubfx_nio.lib
  zynaddsubfx_synth.vcxproj -> D:\UserData\Desktop\Project\lmms\build\plugins\ZynAddSubFx\zynaddsubfx_synth.dir\Release\zynaddsubfx_synth.lib
  Automatic MOC for target Vst2FaultCloseCrash
  svc-reference.vcxproj -> D:\UserData\Desktop\Project\lmms\build\sdk\svc\Release\svc-reference.lib
  svc-host.vcxproj -> D:\UserData\Desktop\Project\lmms\build\src\core\svc\Release\svc-host.lib
  weakjack.vcxproj -> D:\UserData\Desktop\Project\lmms\build\src\3rdparty\weakjack\Release\weakjack.lib
  Vst2FaultCloseCrash.vcxproj -> D:\UserData\Desktop\Project\lmms\build\vst-s0\x64\fixtures\Release\Vst2FaultCloseCrash.dll
  Automatic MOC and UIC for target lmmssvs
  DiffSingerInference.vcxproj -> D:\UserData\Desktop\Project\lmms\build\plugins\SVSDiffSinger\Release\DiffSingerInference.lib
  Automatic MOC for target Vst2Shell
  Vst2Shell.vcxproj -> D:\UserData\Desktop\Project\lmms\build\vst-s0\x64\fixtures\Release\Vst2Shell.dll
  SVSLyricEditor.cpp
  Performing build step for 'VstBaselineX86'
  閫傜敤浜?.NET Framework MSBuild 鐗堟湰 18.10.1-1.26427.6+3cd27c13e

    Vst2Baseline.vcxproj -> D:\UserData\Desktop\Project\lmms\build\vst-s0\x86\fixtures\Release\Vst2Baseline.dll
    Vst2FaultAudioCrash.vcxproj -> D:\UserData\Desktop\Project\lmms\build\vst-s0\x86\fixtures\Release\Vst2FaultAudioCrash.dll
    Vst2FaultAudioHang.vcxproj -> D:\UserData\Desktop\Project\lmms\build\vst-s0\x86\fixtures\Release\Vst2FaultAudioHang.dll
    Vst2FaultCloseCrash.vcxproj -> D:\UserData\Desktop\Project\lmms\build\vst-s0\x86\fixtures\Release\Vst2FaultCloseCrash.dll
    Vst2FaultCloseHang.vcxproj -> D:\UserData\Desktop\Project\lmms\build\vst-s0\x86\fixtures\Release\Vst2FaultCloseHang.dll
    Vst2FaultEditorCrash.vcxproj -> D:\UserData\Desktop\Project\lmms\build\vst-s0\x86\fixtures\Release\Vst2FaultEditorCrash.dll
    Vst2FaultEditorHang.vcxproj -> D:\UserData\Desktop\Project\lmms\build\vst-s0\x86\fixtures\Release\Vst2FaultEditorHang.dll
    Vst2FaultEntryCrash.vcxproj -> D:\UserData\Desktop\Project\lmms\build\vst-s0\x86\fixtures\Release\Vst2FaultEntryCrash.dll
    Vst2FaultEntryHang.vcxproj -> D:\UserData\Desktop\Project\lmms\build\vst-s0\x86\fixtures\Release\Vst2FaultEntryHang.dll
    Vst2FaultStateCrash.vcxproj -> D:\UserData\Desktop\Project\lmms\build\vst-s0\x86\fixtures\Release\Vst2FaultStateCrash.dll
    Vst2FaultStateHang.vcxproj -> D:\UserData\Desktop\Project\lmms\build\vst-s0\x86\fixtures\Release\Vst2FaultStateHang.dll
    Vst2Shell.vcxproj -> D:\UserData\Desktop\Project\lmms\build\vst-s0\x86\fixtures\Release\Vst2Shell.dll
    Vst2ShellCrash.vcxproj -> D:\UserData\Desktop\Project\lmms\build\vst-s0\x86\fixtures\Release\Vst2ShellCrash.dll
    Vst2ShellDuplicate.vcxproj -> D:\UserData\Desktop\Project\lmms\build\vst-s0\x86\fixtures\Release\Vst2ShellDuplicate.dll
    Vst2ShellHang.vcxproj -> D:\UserData\Desktop\Project\lmms\build\vst-s0\x86\fixtures\Release\Vst2ShellHang.dll
    AudioDelayLineTest.vcxproj -> D:\UserData\Desktop\Project\lmms\build\vst-s0\x86\Release\AudioDelayLineTest.exe
    FixedQuantumBufferTest.vcxproj -> D:\UserData\Desktop\Project\lmms\build\vst-s0\x86\Release\FixedQuantumBufferTest.exe
    Vst3MetadataTest.vcxproj -> D:\UserData\Desktop\Project\lmms\build\vst-s0\x86\Release\Vst3MetadataTest.exe
    VstHostAudioQueue.vcxproj -> D:\UserData\Desktop\Project\lmms\build\vst-s0\x86\Release\VstHostAudioQueue.exe
    VstHostControlChannel.vcxproj -> D:\UserData\Desktop\Project\lmms\build\vst-s0\x86\Release\VstHostControlChannel.exe
    VstHostProtocol.vcxproj -> D:\UserData\Desktop\Project\lmms\build\vst-s0\x86\Release\VstHostProtocol.exe
    VstHostRealtimeMidi.vcxproj -> D:\UserData\Desktop\Project\lmms\build\vst-s0\x86\Release\VstHostRealtimeMidi.exe
    VstSessionFixture.vcxproj -> D:\UserData\Desktop\Project\lmms\build\vst-s0\x86\Release\VstSessionFixture.exe
    VstHostSession.vcxproj -> D:\UserData\Desktop\Project\lmms\build\vst-s0\x86\Release\VstHostSession.exe
    VstHostSupervisor.vcxproj -> D:\UserData\Desktop\Project\lmms\build\vst-s0\x86\Release\VstHostSupervisor.exe
  No install step for 'VstBaselineX86'
  Completed 'VstBaselineX86'
  caps.vcxproj -> D:\UserData\Desktop\Project\lmms\build\plugins\ladspa\Release\caps.dll
  SVSDiffSinger.vcxproj -> D:\UserData\Desktop\Project\lmms\build\Release\svs\SVSDiffSinger\SVSDiffSinger.dll
  SVSViews.cpp
  正在生成代码...
  lmmssvs.vcxproj -> D:\UserData\Desktop\Project\lmms\build\src\core\svs\Release\lmmssvs.lib
  Automatic MOC and UIC for target lmmsobjs
  mocs_compilation_Release.cpp
  Controls.cpp
  EffectView.cpp
  LadspaControlView.cpp
  LfoControllerDialog.cpp
  MidiCCRackView.cpp
  MixerChannelView.cpp
  MixerView.cpp
  SampleTrackWindow.cpp
  AutomationEditor.cpp
  SVCSettingsPage.cpp
  SVCViews.cpp
  SVCWindow.cpp
  EnvelopeAndLfoView.cpp
  InstrumentFunctionViews.cpp
  InstrumentSoundShapingView.cpp
  InstrumentTrackWindow.cpp
  InstrumentTrackView.cpp
  SampleTrackView.cpp
  Knob.cpp
  正在生成代码...
  正在编译...
  LedCheckBox.cpp
  TempoSyncKnob.cpp
  正在生成代码...
  lmmsobjs.vcxproj -> D:\UserData\Desktop\Project\lmms\build\src\lmmsobjs.dir\Release\lmmsobjs.lib
  Automatic MOC and UIC for target RemoteCatalogIo
  gme.vcxproj -> D:\UserData\Desktop\Project\lmms\build\plugins\FreeBoy\Release\gme.lib
  carla_native-plugin.vcxproj -> D:\UserData\Desktop\Project\lmms\build\Release\plugins\libcarla_native-plugin.dll
  adplug.vcxproj -> D:\UserData\Desktop\Project\lmms\build\plugins\OpulenZ\Release\adplug.lib
  ZynAddSubFxCore.vcxproj -> D:\UserData\Desktop\Project\lmms\build\plugins\ZynAddSubFx\Release\ZynAddSubFxCore.lib
  RemoteCatalogIo.vcxproj -> D:\UserData\Desktop\Project\lmms\build\plugins\RemoteCatalogIo.exe
  Automatic MOC and UIC for target lmms
    正在创建库 D:/UserData/Desktop/Project/lmms/build/src/Release/lmms.lib 和对象 D:/UserData/Desktop/Project/lmms/build/src/Release/lmms.exp
  lmms.vcxproj -> D:\UserData\Desktop\Project\lmms\build\Release\lmms.exe
  BitcrushControlDialog.cpp
  BitInvader.cpp
  FlangerControlsDialog.cpp
  CrossoverEQControlDialog.cpp
  Lb302.cpp
  CompressorControlDialog.cpp
  DelayControlsDialog.cpp
  DynamicsProcessorControlDialog.cpp
  DualFilterControlDialog.cpp
  MultitapEchoControlDialog.cpp
    正在创建库 D:/UserData/Desktop/Project/lmms/build/plugins/Bitcrush/Release/bitcrush.lib 和对象 D:/UserData/Desktop/Project/lmms/build/plugins/Bitcrush/Release/bitcrush.exp
    正在创建库 D:/UserData/Desktop/Project/lmms/build/plugins/LadspaEffect/Release/ladspaeffect.lib 和对象 D:/UserData/Desktop/Project/lmms/build/plugins/LadspaEffect/Release/ladspaeffect.exp
  bitcrush.vcxproj -> D:\UserData\Desktop\Project\lmms\build\Release\plugins\bitcrush.dll
  ladspaeffect.vcxproj -> D:\UserData\Desktop\Project\lmms\build\Release\plugins\ladspaeffect.dll
  moc_VstPlugin.cpp
    正在创建库 D:/UserData/Desktop/Project/lmms/build/plugins/Flanger/Release/flanger.lib 和对象 D:/UserData/Desktop/Project/lmms/build/plugins/Flanger/Release/flanger.exp
    正在创建库 D:/UserData/Desktop/Project/lmms/build/plugins/Lb302/Release/lb302.lib 和对象 D:/UserData/Desktop/Project/lmms/build/plugins/Lb302/Release/lb302.exp
  FrequencyShifterControlDialog.cpp
  flanger.vcxproj -> D:\UserData\Desktop\Project\lmms\build\Release\plugins\flanger.dll
  lb302.vcxproj -> D:\UserData\Desktop\Project\lmms\build\Release\plugins\lb302.dll
  AmplifierControlDialog.cpp
    正在创建库 D:/UserData/Desktop/Project/lmms/build/plugins/Delay/Release/delay.lib 和对象 D:/UserData/Desktop/Project/lmms/build/plugins/Delay/Release/delay.exp
    正在创建库 D:/UserData/Desktop/Project/lmms/build/plugins/Lv2Effect/Release/lv2effect.lib 和对象 D:/UserData/Desktop/Project/lmms/build/plugins/Lv2Effect/Release/lv2effect.exp
  delay.vcxproj -> D:\UserData\Desktop\Project\lmms\build\Release\plugins\delay.dll
  lv2effect.vcxproj -> D:\UserData\Desktop\Project\lmms\build\Release\plugins\lv2effect.dll
    正在创建库 D:/UserData/Desktop/Project/lmms/build/plugins/MidiExport/Release/midiexport.lib 和对象 D:/UserData/Desktop/Project/lmms/build/plugins/MidiExport/Release/midiexport.exp
  midiexport.vcxproj -> D:\UserData\Desktop\Project\lmms\build\Release\plugins\midiexport.dll
  DispersionControlDialog.cpp
  Organic.cpp
  ReverbSCControlDialog.cpp
  VstPlugin.cpp
  SlicerTView.cpp
    正在创建库 D:/UserData/Desktop/Project/lmms/build/plugins/MultitapEcho/Release/multitapecho.lib 和对象 D:/UserData/Desktop/Project/lmms/build/plugins/MultitapEcho/Release/multitapecho.exp
  multitapecho.vcxproj -> D:\UserData\Desktop\Project\lmms\build\Release\plugins\multitapecho.dll
  Xpressive.cpp
    正在创建库 D:/UserData/Desktop/Project/lmms/build/plugins/Compressor/Release/compressor.lib 和对象 D:/UserData/Desktop/Project/lmms/build/plugins/Compressor/Release/compressor.exp
  SaControlsDialog.cpp
  compressor.vcxproj -> D:\UserData\Desktop\Project\lmms\build\Release\plugins\compressor.dll
    正在创建库 D:/UserData/Desktop/Project/lmms/build/plugins/FrequencyShifter/Release/frequencyshifter.lib 和对象 D:/UserData/Desktop/Project/lmms/build/plugins/FrequencyShifter/Release/frequencyshifter.exp
  frequencyshifter.vcxproj -> D:\UserData\Desktop\Project\lmms\build\Release\plugins\frequencyshifter.dll
    正在创建库 D:/UserData/Desktop/Project/lmms/build/plugins/Dispersion/Release/dispersion.lib 和对象 D:/UserData/Desktop/Project/lmms/build/plugins/Dispersion/Release/dispersion.exp
    正在创建库 D:/UserData/Desktop/Project/lmms/build/plugins/DualFilter/Release/dualfilter.lib 和对象 D:/UserData/Desktop/Project/lmms/build/plugins/DualFilter/Release/dualfilter.exp
  dispersion.vcxproj -> D:\UserData\Desktop\Project\lmms\build\Release\plugins\dispersion.dll
  dualfilter.vcxproj -> D:\UserData\Desktop\Project\lmms\build\Release\plugins\dualfilter.dll
    正在创建库 D:/UserData/Desktop/Project/lmms/build/plugins/HydrogenImport/Release/hydrogenimport.lib 和对象 D:/UserData/Desktop/Project/lmms/build/plugins/HydrogenImport/Release/hydrogenimport.exp
    正在创建库 D:/UserData/Desktop/Project/lmms/build/plugins/Amplifier/Release/amplifier.lib 和对象 D:/UserData/Desktop/Project/lmms/build/plugins/Amplifier/Release/amplifier.exp
    正在创建库 D:/UserData/Desktop/Project/lmms/build/plugins/ReverbSC/Release/reverbsc.lib 和对象 D:/UserData/Desktop/Project/lmms/build/plugins/ReverbSC/Release/reverbsc.exp
  hydrogenimport.vcxproj -> D:\UserData\Desktop\Project\lmms\build\Release\plugins\hydrogenimport.dll
  amplifier.vcxproj -> D:\UserData\Desktop\Project\lmms\build\Release\plugins\amplifier.dll
  reverbsc.vcxproj -> D:\UserData\Desktop\Project\lmms\build\Release\plugins\reverbsc.dll
  OscilloscopeControlDialog.cpp
    正在创建库 D:/UserData/Desktop/Project/lmms/build/plugins/BitInvader/Release/bitinvader.lib 和对象 D:/UserData/Desktop/Project/lmms/build/plugins/BitInvader/Release/bitinvader.exp
    正在创建库 D:/UserData/Desktop/Project/lmms/build/plugins/CrossoverEQ/Release/crossovereq.lib 和对象 D:/UserData/Desktop/Project/lmms/build/plugins/CrossoverEQ/Release/crossovereq.exp
    正在创建库 D:/UserData/Desktop/Project/lmms/build/plugins/Organic/Release/organic.lib 和对象 D:/UserData/Desktop/Project/lmms/build/plugins/Organic/Release/organic.exp
  bitinvader.vcxproj -> D:\UserData\Desktop\Project\lmms\build\Release\plugins\bitinvader.dll
  Automatic UIC for target sf2player
  crossovereq.vcxproj -> D:\UserData\Desktop\Project\lmms\build\Release\plugins\crossovereq.dll
  organic.vcxproj -> D:\UserData\Desktop\Project\lmms\build\Release\plugins\organic.dll
  EqControlsDialog.cpp
    正在创建库 D:/UserData/Desktop/Project/lmms/build/plugins/DynamicsProcessor/Release/dynamicsprocessor.lib 和对象 D:/UserData/Desktop/Project/lmms/build/plugins/DynamicsProcessor/Release/dynamicsprocessor.exp
  dynamicsprocessor.vcxproj -> D:\UserData\Desktop\Project\lmms\build\Release\plugins\dynamicsprocessor.dll
  Sf2Player.cpp
  StereoMatrixControlDialog.cpp
    正在创建库 D:/UserData/Desktop/Project/lmms/build/plugins/SlicerT/Release/slicert.lib 和对象 D:/UserData/Desktop/Project/lmms/build/plugins/SlicerT/Release/slicert.exp
  slicert.vcxproj -> D:\UserData\Desktop\Project\lmms\build\Release\plugins\slicert.dll
    正在创建库 D:/UserData/Desktop/Project/lmms/build/plugins/TapTempo/Release/taptempo.lib 和对象 D:/UserData/Desktop/Project/lmms/build/plugins/TapTempo/Release/taptempo.exp
  taptempo.vcxproj -> D:\UserData\Desktop\Project\lmms\build\Release\plugins\taptempo.dll
  TripleOscillator.cpp
  moc_AudioFileProcessorWaveView.cpp
    正在创建库 D:/UserData/Desktop/Project/lmms/build/plugins/SpectrumAnalyzer/Release/analyzer.lib 和对象 D:/UserData/Desktop/Project/lmms/build/plugins/SpectrumAnalyzer/Release/analyzer.exp
    正在创建库 D:/UserData/Desktop/Project/lmms/build/plugins/Xpressive/Release/xpressive.lib 和对象 D:/UserData/Desktop/Project/lmms/build/plugins/Xpressive/Release/xpressive.exp
  analyzer.vcxproj -> D:\UserData\Desktop\Project\lmms\build\Release\plugins\analyzer.dll
    正在创建库 D:/UserData/Desktop/Project/lmms/build/plugins/Oscilloscope/Release/oscilloscope.lib 和对象 D:/UserData/Desktop/Project/lmms/build/plugins/Oscilloscope/Release/oscilloscope.exp
  xpressive.vcxproj -> D:\UserData\Desktop\Project\lmms\build\Release\plugins\xpressive.dll
  oscilloscope.vcxproj -> D:\UserData\Desktop\Project\lmms\build\Release\plugins\oscilloscope.dll
  Kicker.cpp
    正在创建库 D:/UserData/Desktop/Project/lmms/build/plugins/StereoMatrix/Release/stereomatrix.lib 和对象 D:/UserData/Desktop/Project/lmms/build/plugins/StereoMatrix/Release/stereomatrix.exp
  正在生成代码...
    正在创建库 D:/UserData/Desktop/Project/lmms/build/plugins/LadspaBrowser/Release/ladspabrowser.lib 和对象 D:/UserData/Desktop/Project/lmms/build/plugins/LadspaBrowser/Release/ladspabrowser.exp
  stereomatrix.vcxproj -> D:\UserData\Desktop\Project\lmms\build\Release\plugins\stereomatrix.dll
  ladspabrowser.vcxproj -> D:\UserData\Desktop\Project\lmms\build\Release\plugins\ladspabrowser.dll
    正在创建库 D:/UserData/Desktop/Project/lmms/build/plugins/Eq/Release/eq.lib 和对象 D:/UserData/Desktop/Project/lmms/build/plugins/Eq/Release/eq.exp
  eq.vcxproj -> D:\UserData\Desktop\Project\lmms\build\Release\plugins\eq.dll
    正在创建库 D:/UserData/Desktop/Project/lmms/build/plugins/Sf2Player/Release/sf2player.lib 和对象 D:/UserData/Desktop/Project/lmms/build/plugins/Sf2Player/Release/sf2player.exp
  BassBoosterControlDialog.cpp
  sf2player.vcxproj -> D:\UserData\Desktop\Project\lmms\build\Release\plugins\sf2player.dll
  moc_LOMM.cpp
    正在创建库 D:/UserData/Desktop/Project/lmms/build/plugins/VstBase/vstbase/Release/vstbase.lib 和对象 D:/UserData/Desktop/Project/lmms/build/plugins/VstBase/vstbase/Release/vstbase.exp
  moc_Mallets.cpp
  vstbase.vcxproj -> D:\UserData\Desktop\Project\lmms\build\Release\plugins\vstbase.dll
  moc_Monstro.cpp
  PeakControllerEffectControlDialog.cpp
  AudioFileProcessorView.cpp
    正在创建库 D:/UserData/Desktop/Project/lmms/build/plugins/Kicker/Release/kicker.lib 和对象 D:/UserData/Desktop/Project/lmms/build/plugins/Kicker/Release/kicker.exp
    正在创建库 D:/UserData/Desktop/Project/lmms/build/plugins/TripleOscillator/Release/tripleoscillator.lib 和对象 D:/UserData/Desktop/Project/lmms/build/plugins/TripleOscillator/Release/tripleoscillator.exp
  kicker.vcxproj -> D:\UserData\Desktop\Project\lmms\build\Release\plugins\kicker.dll
  tripleoscillator.vcxproj -> D:\UserData\Desktop\Project\lmms\build\Release\plugins\tripleoscillator.dll
  SlewDistortionControlDialog.cpp
    正在创建库 D:/UserData/Desktop/Project/lmms/build/plugins/Vectorscope/Release/vectorscope.lib 和对象 D:/UserData/Desktop/Project/lmms/build/plugins/Vectorscope/Release/vectorscope.exp
  vectorscope.vcxproj -> D:\UserData\Desktop\Project\lmms\build\Release\plugins\vectorscope.dll
  moc_Watsyn.cpp
  Mallets.cpp
    正在创建库 D:/UserData/Desktop/Project/lmms/build/plugins/BassBooster/Release/bassbooster.lib 和对象 D:/UserData/Desktop/Project/lmms/build/plugins/BassBooster/Release/bassbooster.exp
  moc_LOMMControlDialog.cpp
  bassbooster.vcxproj -> D:\UserData\Desktop\Project\lmms\build\Release\plugins\bassbooster.dll
  GranularPitchShifterControlDialog.cpp
  Monstro.cpp
    正在创建库 D:/UserData/Desktop/Project/lmms/build/plugins/PeakControllerEffect/Release/peakcontrollereffect.lib 和对象 D:/UserData/Desktop/Project/lmms/build/plugins/PeakControllerEffect/Release/peakcontrollereffect.exp
  peakcontrollereffect.vcxproj -> D:\UserData\Desktop\Project\lmms\build\Release\plugins\peakcontrollereffect.dll
  AudioFileProcessorWaveView.cpp
    正在创建库 D:/UserData/Desktop/Project/lmms/build/plugins/Lv2Instrument/Release/lv2instrument.lib 和对象 D:/UserData/Desktop/Project/lmms/build/plugins/Lv2Instrument/Release/lv2instrument.exp
  lv2instrument.vcxproj -> D:\UserData\Desktop\Project\lmms\build\Release\plugins\lv2instrument.dll
    正在创建库 D:/UserData/Desktop/Project/lmms/build/plugins/MidiImport/Release/midiimport.lib 和对象 D:/UserData/Desktop/Project/lmms/build/plugins/MidiImport/Release/midiimport.exp
  midiimport.vcxproj -> D:\UserData\Desktop\Project\lmms\build\Release\plugins\midiimport.dll
  Nes.cpp
  Watsyn.cpp
  moc_LOMMControls.cpp
  正在生成代码...
    正在创建库 D:/UserData/Desktop/Project/lmms/build/plugins/SlewDistortion/Release/slewdistortion.lib 和对象 D:/UserData/Desktop/Project/lmms/build/plugins/SlewDistortion/Release/slewdistortion.exp
  slewdistortion.vcxproj -> D:\UserData\Desktop\Project\lmms\build\Release\plugins\slewdistortion.dll
    正在创建库 D:/UserData/Desktop/Project/lmms/build/plugins/GranularPitchShifter/Release/granularpitchshifter.lib 和对象 D:/UserData/Desktop/Project/lmms/build/plugins/GranularPitchShifter/Release/granularpitchshifter.exp
  VstEffect.cpp
  granularpitchshifter.vcxproj -> D:\UserData\Desktop\Project\lmms\build\Release\plugins\granularpitchshifter.dll
    正在创建库 D:/UserData/Desktop/Project/lmms/build/plugins/Stk/Mallets/Release/malletsstk.lib 和对象 D:/UserData/Desktop/Project/lmms/build/plugins/Stk/Mallets/Release/malletsstk.exp
  正在生成代码...
  malletsstk.vcxproj -> D:\UserData\Desktop\Project\lmms\build\Release\plugins\malletsstk.dll
    正在创建库 D:/UserData/Desktop/Project/lmms/build/plugins/Patman/Release/patman.lib 和对象 D:/UserData/Desktop/Project/lmms/build/plugins/Patman/Release/patman.exp
  patman.vcxproj -> D:\UserData\Desktop\Project\lmms\build\Release\plugins\patman.dll
  Vestige.cpp
  正在生成代码...
  Sfxr.cpp
    正在创建库 D:/UserData/Desktop/Project/lmms/build/plugins/AudioFileProcessor/Release/audiofileprocessor.lib 和对象 D:/UserData/Desktop/Project/lmms/build/plugins/AudioFileProcessor/Release/audiofileprocessor.exp
  audiofileprocessor.vcxproj -> D:\UserData\Desktop\Project\lmms\build\Release\plugins\audiofileprocessor.dll
  StereoEnhancerControlDialog.cpp
    正在创建库 D:/UserData/Desktop/Project/lmms/build/plugins/Monstro/Release/monstro.lib 和对象 D:/UserData/Desktop/Project/lmms/build/plugins/Monstro/Release/monstro.exp
  monstro.vcxproj -> D:\UserData\Desktop\Project\lmms\build\Release\plugins\monstro.dll
  moc_Vibed.cpp
  LOMM.cpp
  正在生成代码...
    正在创建库 D:/UserData/Desktop/Project/lmms/build/plugins/Nes/Release/nes.lib 和对象 D:/UserData/Desktop/Project/lmms/build/plugins/Nes/Release/nes.exp
  nes.vcxproj -> D:\UserData\Desktop\Project\lmms\build\Release\plugins\nes.dll
  WaveShaperControlDialog.cpp
    正在创建库 D:/UserData/Desktop/Project/lmms/build/plugins/Watsyn/Release/watsyn.lib 和对象 D:/UserData/Desktop/Project/lmms/build/plugins/Watsyn/Release/watsyn.exp
  watsyn.vcxproj -> D:\UserData\Desktop\Project\lmms\build\Release\plugins\watsyn.dll
  VstEffectControlDialog.cpp
  OpulenZ.cpp
  Vibed.cpp
    正在创建库 D:/UserData/Desktop/Project/lmms/build/plugins/StereoEnhancer/Release/stereoenhancer.lib 和对象 D:/UserData/Desktop/Project/lmms/build/plugins/StereoEnhancer/Release/stereoenhancer.exp
  stereoenhancer.vcxproj -> D:\UserData\Desktop\Project\lmms\build\Release\plugins\stereoenhancer.dll
  FreeBoy.cpp
  LOMMControlDialog.cpp
    正在创建库 D:/UserData/Desktop/Project/lmms/build/plugins/Sfxr/Release/sfxr.lib 和对象 D:/UserData/Desktop/Project/lmms/build/plugins/Sfxr/Release/sfxr.exp
  sfxr.vcxproj -> D:\UserData\Desktop\Project\lmms\build\Release\plugins\sfxr.dll
  Carla.cpp
    正在创建库 D:/UserData/Desktop/Project/lmms/build/plugins/Vestige/Release/vestige.lib 和对象 D:/UserData/Desktop/Project/lmms/build/plugins/Vestige/Release/vestige.exp
  vestige.vcxproj -> D:\UserData\Desktop\Project\lmms\build\Release\plugins\vestige.dll
  ZynAddSubFx.cpp
    正在创建库 D:/UserData/Desktop/Project/lmms/build/plugins/WaveShaper/Release/waveshaper.lib 和对象 D:/UserData/Desktop/Project/lmms/build/plugins/WaveShaper/Release/waveshaper.exp
  waveshaper.vcxproj -> D:\UserData\Desktop\Project\lmms\build\Release\plugins\waveshaper.dll
  VstEffectControls.cpp
  正在生成代码...
    正在创建库 D:/UserData/Desktop/Project/lmms/build/plugins/OpulenZ/Release/opulenz.lib 和对象 D:/UserData/Desktop/Project/lmms/build/plugins/OpulenZ/Release/opulenz.exp
  opulenz.vcxproj -> D:\UserData\Desktop\Project\lmms\build\Release\plugins\opulenz.dll
  LOMMControls.cpp
    正在创建库 D:/UserData/Desktop/Project/lmms/build/plugins/Vibed/Release/vibedstrings.lib 和对象 D:/UserData/Desktop/Project/lmms/build/plugins/Vibed/Release/vibedstrings.exp
  vibedstrings.vcxproj -> D:\UserData\Desktop\Project\lmms\build\Release\plugins\vibedstrings.dll
    正在创建库 D:/UserData/Desktop/Project/lmms/build/plugins/FreeBoy/Release/freeboy.lib 和对象 D:/UserData/Desktop/Project/lmms/build/plugins/FreeBoy/Release/freeboy.exp
  freeboy.vcxproj -> D:\UserData\Desktop\Project\lmms\build\Release\plugins\freeboy.dll
    正在创建库 D:/UserData/Desktop/Project/lmms/build/plugins/CarlaBase/Release/carlabase.lib 和对象 D:/UserData/Desktop/Project/lmms/build/plugins/CarlaBase/Release/carlabase.exp
  carlabase.vcxproj -> D:\UserData\Desktop\Project\lmms\build\Release\plugins\carlabase.dll
    正在创建库 D:/UserData/Desktop/Project/lmms/build/plugins/CarlaRack/Release/carlarack.lib 和对象 D:/UserData/Desktop/Project/lmms/build/plugins/CarlaRack/Release/carlarack.exp
    正在创建库 D:/UserData/Desktop/Project/lmms/build/plugins/CarlaPatchbay/Release/carlapatchbay.lib 和对象 D:/UserData/Desktop/Project/lmms/build/plugins/CarlaPatchbay/Release/carlapatchbay.exp
  carlarack.vcxproj -> D:\UserData\Desktop\Project\lmms\build\Release\plugins\carlarack.dll
  carlapatchbay.vcxproj -> D:\UserData\Desktop\Project\lmms\build\Release\plugins\carlapatchbay.dll
    正在创建库 D:/UserData/Desktop/Project/lmms/build/plugins/ZynAddSubFx/Release/zynaddsubfx.lib 和对象 D:/UserData/Desktop/Project/lmms/build/plugins/ZynAddSubFx/Release/zynaddsubfx.exp
  zynaddsubfx.vcxproj -> D:\UserData\Desktop\Project\lmms\build\Release\plugins\zynaddsubfx.dll
  VstSubPluginFeatures.cpp
  正在生成代码...
    正在创建库 D:/UserData/Desktop/Project/lmms/build/plugins/LOMM/Release/lomm.lib 和对象 D:/UserData/Desktop/Project/lmms/build/plugins/LOMM/Release/lomm.exp
  lomm.vcxproj -> D:\UserData\Desktop\Project\lmms\build\Release\plugins\lomm.dll
  正在生成代码...
    正在创建库 D:/UserData/Desktop/Project/lmms/build/plugins/VstEffect/Release/vsteffect.lib 和对象 D:/UserData/Desktop/Project/lmms/build/plugins/VstEffect/Release/vsteffect.exp
  vsteffect.vcxproj -> D:\UserData\Desktop\Project\lmms\build\Release\plugins\vsteffect.dll
  Automatic MOC for target AudioDelayLineTest
  Automatic MOC for target AgentHarness
  Automatic MOC for target AudioBufferTest
  Automatic MOC for target A3CommandsTest
  Automatic MOC for target A4CommandsTest
  Automatic MOC for target ArrayVectorTest
  AudioDelayLineTest.vcxproj -> D:\UserData\Desktop\Project\lmms\build\tests\vsthost\Release\AudioDelayLineTest.exe
  Automatic MOC for target AutomatableModelTest
    正在创建库 D:/UserData/Desktop/Project/lmms/build/tests/Release/A3CommandsTest.lib 和对象 D:/UserData/Desktop/Project/lmms/build/tests/Release/A3CommandsTest.exp
    正在创建库 D:/UserData/Desktop/Project/lmms/build/tests/Release/AudioBufferTest.lib 和对象 D:/UserData/Desktop/Project/lmms/build/tests/Release/AudioBufferTest.exp
    正在创建库 D:/UserData/Desktop/Project/lmms/build/tests/Release/ArrayVectorTest.lib 和对象 D:/UserData/Desktop/Project/lmms/build/tests/Release/ArrayVectorTest.exp
    正在创建库 D:/UserData/Desktop/Project/lmms/build/tests/Release/A4CommandsTest.lib 和对象 D:/UserData/Desktop/Project/lmms/build/tests/Release/A4CommandsTest.exp
    正在创建库 D:/UserData/Desktop/Project/lmms/build/tests/Release/AgentHarness.lib 和对象 D:/UserData/Desktop/Project/lmms/build/tests/Release/AgentHarness.exp
    正在创建库 D:/UserData/Desktop/Project/lmms/build/tests/Release/AutomatableModelTest.lib 和对象 D:/UserData/Desktop/Project/lmms/build/tests/Release/AutomatableModelTest.exp
  ArrayVectorTest.vcxproj -> D:\UserData\Desktop\Project\lmms\build\tests\Release\ArrayVectorTest.exe
  AudioBufferTest.vcxproj -> D:\UserData\Desktop\Project\lmms\build\tests\Release\AudioBufferTest.exe
  A4CommandsTest.vcxproj -> D:\UserData\Desktop\Project\lmms\build\tests\Release\A4CommandsTest.exe
  A3CommandsTest.vcxproj -> D:\UserData\Desktop\Project\lmms\build\tests\Release\A3CommandsTest.exe
  AutomatableModelTest.vcxproj -> D:\UserData\Desktop\Project\lmms\build\tests\Release\AutomatableModelTest.exe
  AgentHarness.vcxproj -> D:\UserData\Desktop\Project\lmms\build\tests\Release\AgentHarness.exe
  Automatic MOC for target AutomationTrackTest
  Automatic MOC for target CatalogJobsTest
  Automatic MOC for target CommandBusTest
  Automatic MOC for target CoreCommandsTest
  Automatic MOC for target RemoteCatalogIoFixture
  DiffSingerAbiTest.vcxproj -> D:\UserData\Desktop\Project\lmms\build\plugins\SVSDiffSinger\Release\DiffSingerAbiTest.exe
  CatalogJobsTest.vcxproj -> D:\UserData\Desktop\Project\lmms\build\tests\vsthost\Release\CatalogJobsTest.exe
  RemoteCatalogIoFixture.vcxproj -> D:\UserData\Desktop\Project\lmms\build\tests\vsthost\Release\RemoteCatalogIoFixture.exe
  DiffSingerCatalogTest.vcxproj -> D:\UserData\Desktop\Project\lmms\build\plugins\SVSDiffSinger\Release\DiffSingerCatalogTest.exe
  DiffSingerDurationTest.vcxproj -> D:\UserData\Desktop\Project\lmms\build\plugins\SVSDiffSinger\Release\DiffSingerDurationTest.exe
  DiffSingerModelProbe.vcxproj -> D:\UserData\Desktop\Project\lmms\build\plugins\SVSDiffSinger\Release\DiffSingerModelProbe.exe
  Automatic MOC for target CatalogIoTest
  DiffSingerSynthesisTest.vcxproj -> D:\UserData\Desktop\Project\lmms\build\plugins\SVSDiffSinger\Release\DiffSingerSynthesisTest.exe
  Automatic MOC for target FixedQuantumBufferTest
  Automatic MOC for target MathTest
  FixedQuantumBufferTest.vcxproj -> D:\UserData\Desktop\Project\lmms\build\tests\vsthost\Release\FixedQuantumBufferTest.exe
  Automatic MOC for target McpExportLifecycleTest
  Automatic MOC for target McpProtocolTest
    正在创建库 D:/UserData/Desktop/Project/lmms/build/tests/Release/AutomationTrackTest.lib 和对象 D:/UserData/Desktop/Project/lmms/build/tests/Release/AutomationTrackTest.exp
    正在创建库 D:/UserData/Desktop/Project/lmms/build/tests/Release/CoreCommandsTest.lib 和对象 D:/UserData/Desktop/Project/lmms/build/tests/Release/CoreCommandsTest.exp
    正在创建库 D:/UserData/Desktop/Project/lmms/build/tests/Release/CommandBusTest.lib 和对象 D:/UserData/Desktop/Project/lmms/build/tests/Release/CommandBusTest.exp
  AutomationTrackTest.vcxproj -> D:\UserData\Desktop\Project\lmms\build\tests\Release\AutomationTrackTest.exe
  CoreCommandsTest.vcxproj -> D:\UserData\Desktop\Project\lmms\build\tests\Release\CoreCommandsTest.exe
  CommandBusTest.vcxproj -> D:\UserData\Desktop\Project\lmms\build\tests\Release\CommandBusTest.exe
    正在创建库 D:/UserData/Desktop/Project/lmms/build/tests/Release/MathTest.lib 和对象 D:/UserData/Desktop/Project/lmms/build/tests/Release/MathTest.exp
  Automatic MOC for target McpQueueTest
  Automatic MOC for target McpSecurityTest
  Automatic MOC for target McpServerLifecycleTest
    正在创建库 D:/UserData/Desktop/Project/lmms/build/tests/Release/McpExportLifecycleTest.lib 和对象 D:/UserData/Desktop/Project/lmms/build/tests/Release/McpExportLifecycleTest.exp
    正在创建库 D:/UserData/Desktop/Project/lmms/build/tests/Release/McpProtocolTest.lib 和对象 D:/UserData/Desktop/Project/lmms/build/tests/Release/McpProtocolTest.exp
  MathTest.vcxproj -> D:\UserData\Desktop\Project\lmms\build\tests\Release\MathTest.exe
  CatalogIoTest.vcxproj -> D:\UserData\Desktop\Project\lmms\build\tests\vsthost\Release\CatalogIoTest.exe
  Automatic MOC for target MixAutomationCommandsTest
  McpExportLifecycleTest.vcxproj -> D:\UserData\Desktop\Project\lmms\build\tests\Release\McpExportLifecycleTest.exe
  McpProtocolTest.vcxproj -> D:\UserData\Desktop\Project\lmms\build\tests\Release\McpProtocolTest.exe
  Automatic MOC for target ProjectVersionTest
    正在创建库 D:/UserData/Desktop/Project/lmms/build/tests/Release/McpSecurityTest.lib 和对象 D:/UserData/Desktop/Project/lmms/build/tests/Release/McpSecurityTest.exp
    正在创建库 D:/UserData/Desktop/Project/lmms/build/tests/Release/McpQueueTest.lib 和对象 D:/UserData/Desktop/Project/lmms/build/tests/Release/McpQueueTest.exp
  RemoteVstPlugin64.vcxproj -> D:\UserData\Desktop\Project\lmms\build\plugins\RemoteVstPlugin64.exe
    正在创建库 D:/UserData/Desktop/Project/lmms/build/tests/Release/McpServerLifecycleTest.lib 和对象 D:/UserData/Desktop/Project/lmms/build/tests/Release/McpServerLifecycleTest.exp
  Automatic MOC for target RelativePathsTest
  McpQueueTest.vcxproj -> D:\UserData\Desktop\Project\lmms\build\tests\Release\McpQueueTest.exe
  McpSecurityTest.vcxproj -> D:\UserData\Desktop\Project\lmms\build\tests\Release\McpSecurityTest.exe
  McpServerLifecycleTest.vcxproj -> D:\UserData\Desktop\Project\lmms\build\tests\Release\McpServerLifecycleTest.exe
  SVCChunkCacheTest.vcxproj -> D:\UserData\Desktop\Project\lmms\build\src\core\svc\Release\SVCChunkCacheTest.exe
  RemoteZynAddSubFx.vcxproj -> D:\UserData\Desktop\Project\lmms\build\plugins\Release\RemoteZynAddSubFx.exe
    正在创建库 D:/UserData/Desktop/Project/lmms/build/tests/Release/MixAutomationCommandsTest.lib 和对象 D:/UserData/Desktop/Project/lmms/build/tests/Release/MixAutomationCommandsTest.exp
  SVCConsumer.vcxproj -> D:\UserData\Desktop\Project\lmms\build\sdk\svc\Release\SVCConsumer.exe
  SVCContractTest.vcxproj -> D:\UserData\Desktop\Project\lmms\build\sdk\svc\Release\SVCContractTest.exe
  Automatic MOC for target SVCIntegrationTest
    正在创建库 D:/UserData/Desktop/Project/lmms/build/tests/Release/ProjectVersionTest.lib 和对象 D:/UserData/Desktop/Project/lmms/build/tests/Release/ProjectVersionTest.exp
  SVCPlaybackTest.vcxproj -> D:\UserData\Desktop\Project\lmms\build\src\core\svc\Release\SVCPlaybackTest.exe
  SVSCompute.vcxproj -> D:\UserData\Desktop\Project\lmms\build\Release\plugins\SVSCompute.dll
  SVSComputeAbiCheck.vcxproj -> D:\UserData\Desktop\Project\lmms\build\src\core\svs\compute\Release\SVSComputeAbiCheck.exe
    正在创建库 D:/UserData/Desktop/Project/lmms/build/tests/Release/RelativePathsTest.lib 和对象 D:/UserData/Desktop/Project/lmms/build/tests/Release/RelativePathsTest.exp
  SVSComputeConformance.vcxproj -> D:\UserData\Desktop\Project\lmms\build\src\core\svs\compute\Release\SVSComputeConformance.exe
  SVSComputeProbe.vcxproj -> D:\UserData\Desktop\Project\lmms\build\Release\svs\compute\SVSComputeProbe.exe
  MixAutomationCommandsTest.vcxproj -> D:\UserData\Desktop\Project\lmms\build\tests\Release\MixAutomationCommandsTest.exe
  SVCRVCTest.vcxproj -> D:\UserData\Desktop\Project\lmms\build\plugins\SVCRVC\Release\SVCRVCTest.exe
  SVSComputeWorker.vcxproj -> D:\UserData\Desktop\Project\lmms\build\Release\svs\compute\SVSComputeWorker.exe
  ProjectVersionTest.vcxproj -> D:\UserData\Desktop\Project\lmms\build\tests\Release\ProjectVersionTest.exe
  Automatic MOC for target SVSProjectMapperTest
  Automatic MOC for target SVSProjectProcessTest
  Automatic MOC for target ScanRootsWidgetTest
  SVSProjectMapperTest.vcxproj -> D:\UserData\Desktop\Project\lmms\build\tests\Release\SVSProjectMapperTest.exe
  SVSProjectProcessTest.vcxproj -> D:\UserData\Desktop\Project\lmms\build\tests\Release\SVSProjectProcessTest.exe
  RelativePathsTest.vcxproj -> D:\UserData\Desktop\Project\lmms\build\tests\Release\RelativePathsTest.exe
  ScanRootsWidgetTest.vcxproj -> D:\UserData\Desktop\Project\lmms\build\tests\vsthost\Release\ScanRootsWidgetTest.exe
  Automatic MOC for target TimelineTest
  SVCIntegrationTest.cpp
  Automatic MOC for target PluginCatalogTest
  Automatic MOC for target Vst3MetadataTest
  Automatic MOC for target Vst3HostProxyTest
  Automatic MOC for target VstHostAudioQueue
  Automatic MOC for target VstHostControlChannel
  Vst3MetadataTest.vcxproj -> D:\UserData\Desktop\Project\lmms\build\tests\vsthost\Release\Vst3MetadataTest.exe
  Automatic MOC for target SVSIntegrationTest
  Automatic MOC for target VstHostLegacyBridge
  VstHostControlChannel.vcxproj -> D:\UserData\Desktop\Project\lmms\build\tests\vsthost\Release\VstHostControlChannel.exe
  VstHostAudioQueue.vcxproj -> D:\UserData\Desktop\Project\lmms\build\tests\vsthost\Release\VstHostAudioQueue.exe
  Automatic MOC for target VstHostRealtimeMidi
  Automatic MOC for target VstHostProtocol
  Automatic MOC for target Vst2CompatibilityTest
  VstHostLegacyBridge.vcxproj -> D:\UserData\Desktop\Project\lmms\build\tests\vsthost\Release\VstHostLegacyBridge.exe
  Vst3HostProxyTest.vcxproj -> D:\UserData\Desktop\Project\lmms\build\tests\vsthost\Release\Vst3HostProxyTest.exe
  PluginCatalogTest.vcxproj -> D:\UserData\Desktop\Project\lmms\build\tests\vsthost\Release\PluginCatalogTest.exe
  VstHostProtocol.vcxproj -> D:\UserData\Desktop\Project\lmms\build\tests\vsthost\Release\VstHostProtocol.exe
  Automatic MOC for target VstHostSupervisor
  VstHostRealtimeMidi.vcxproj -> D:\UserData\Desktop\Project\lmms\build\tests\vsthost\Release\VstHostRealtimeMidi.exe
  VstHostSupervisor.vcxproj -> D:\UserData\Desktop\Project\lmms\build\tests\vsthost\Release\VstHostSupervisor.exe
  Automatic MOC for target VstSessionFixture
  Automatic MOC for target VstHostVst2Session
  Automatic MOC for target VstPathsMigrationTest
  VstSessionFixture.vcxproj -> D:\UserData\Desktop\Project\lmms\build\tests\vsthost\Release\VstSessionFixture.exe
  VstHostVst2Session.vcxproj -> D:\UserData\Desktop\Project\lmms\build\tests\vsthost\Release\VstHostVst2Session.exe
    正在创建库 D:/UserData/Desktop/Project/lmms/build/tests/Release/TimelineTest.lib 和对象 D:/UserData/Desktop/Project/lmms/build/tests/Release/TimelineTest.exp
  mocs_compilation_Release.cpp
    正在创建库 D:/UserData/Desktop/Project/lmms/build/tests/Release/lmms.lib 和对象 D:/UserData/Desktop/Project/lmms/build/tests/Release/lmms.exp
  TimelineTest.vcxproj -> D:\UserData\Desktop\Project\lmms\build\tests\Release\TimelineTest.exe
    正在创建库 D:/UserData/Desktop/Project/lmms/build/tests/Release/VstPathsMigrationTest.lib 和对象 D:/UserData/Desktop/Project/lmms/build/tests/Release/VstPathsMigrationTest.exp
  Automatic MOC for target Vst2ShellTest
  Automatic MOC for target ThemeWidgetTest
  SVSIntegrationTest.vcxproj -> D:\UserData\Desktop\Project\lmms\build\tests\Release\lmms.exe
  Automatic MOC for target UiBaselineCapture
  VstPathsMigrationTest.vcxproj -> D:\UserData\Desktop\Project\lmms\build\tests\Release\VstPathsMigrationTest.exe
  ThemeWidgetTest.cpp
  Automatic MOC for target VstHostSession
  UiBaselineCapture.cpp
  VstHostSession.vcxproj -> D:\UserData\Desktop\Project\lmms\build\tests\vsthost\Release\VstHostSession.exe
  Vst2ShellTest.vcxproj -> D:\UserData\Desktop\Project\lmms\build\tests\vsthost\Release\Vst2ShellTest.exe
  Automatic MOC for target VstHostVst2Faults
  VstHostVst2Faults.vcxproj -> D:\UserData\Desktop\Project\lmms\build\tests\vsthost\Release\VstHostVst2Faults.exe
  VstPlugin.cpp
    正在创建库 D:/UserData/Desktop/Project/lmms/build/tests/Release/lmms.lib 和对象 D:/UserData/Desktop/Project/lmms/build/tests/Release/lmms.exp
  SVCIntegrationTest.vcxproj -> D:\UserData\Desktop\Project\lmms\build\tests\svc\Release\lmms.exe
  Vst2CompatibilityTest.cpp
    正在创建库 D:/UserData/Desktop/Project/lmms/build/tests/theme/Release/lmms.lib 和对象 D:/UserData/Desktop/Project/lmms/build/tests/theme/Release/lmms.exp
  ThemeWidgetTest.vcxproj -> D:\UserData\Desktop\Project\lmms\build\tests\theme\Release\lmms.exe
    正在创建库 D:/UserData/Desktop/Project/lmms/build/tests/ui/Release/lmms.lib 和对象 D:/UserData/Desktop/Project/lmms/build/tests/ui/Release/lmms.exp
  UiBaselineCapture.vcxproj -> D:\UserData\Desktop\Project\lmms\build\tests\ui\Release\lmms.exe
  正在生成代码...
    正在创建库 D:/UserData/Desktop/Project/lmms/build/tests/Release/Vst2CompatibilityTest.lib 和对象 D:/UserData/Desktop/Project/lmms/build/tests/Release/Vst2CompatibilityTest.exp
  Vst2CompatibilityTest.vcxproj -> D:\UserData\Desktop\Project\lmms\build\tests\Release\Vst2CompatibilityTest.exe
  Automatic MOC for target VstEntryPoints
    正在创建库 D:/UserData/Desktop/Project/lmms/build/tests/vsthost/native/Release/lmms.lib 和对象 D:/UserData/Desktop/Project/lmms/build/tests/vsthost/native/Release/lmms.exp
  VstEntryPoints.vcxproj -> D:\UserData\Desktop\Project\lmms\build\tests\vsthost\native\Release\lmms.exe
