********* Start testing of UiBaselineCapture *********
Config: Using QtTest library 6.10.3, Qt 6.10.3 (x86_64-little_endian-llp64 shared (dynamic) release build; by MSVC 2022), windows 11
QDEBUG : UiBaselineCapture::initTestCase() Lv2 plugin SUMMARY: 0 of 0  loaded in 0 msecs.
Cannot connect to named pipe after wait = \\.\pipe\server_jack_default_0 err = 2
Cannot connect to server request channel
jack server is not running or cannot be started
JackShmReadWritePtr::~JackShmReadWritePtr - Init not done for -1, skipping unlock
JackShmReadWritePtr::~JackShmReadWritePtr - Init not done for -1, skipping unlock
QDEBUG : UiBaselineCapture::initTestCase() SVS: SVSExample engine initialized
PASS   : UiBaselineCapture::initTestCase()
Error reading song: song node not found
MidiImport::tryImport(): not a Standard MIDI file
QINFO  : UiBaselineCapture::finalTranslations() qt.text.font.db: OpenType support missing for "Microsoft YaHei UI", script 11
QINFO  : UiBaselineCapture::finalTranslations() qt.text.font.db: OpenType support missing for "Tahoma", script 11
QINFO  : UiBaselineCapture::finalTranslations() qt.text.font.db: OpenType support missing for "SimSun", script 11
QINFO  : UiBaselineCapture::finalTranslations() qt.text.font.db: OpenType support missing for "Arial", script 11
QINFO  : UiBaselineCapture::finalTranslations() qt.text.font.db: OpenType support missing for "Gulim", script 11
QINFO  : UiBaselineCapture::finalTranslations() qt.text.font.db: OpenType support missing for "MS UI Gothic", script 11
QINFO  : UiBaselineCapture::finalTranslations() qt.text.font.db: OpenType support missing for "Segoe UI Emoji", script 11
QINFO  : UiBaselineCapture::finalTranslations() qt.text.font.db: OpenType support missing for "Segoe UI Symbol", script 11
Cannot connect to named pipe after wait = \\.\pipe\server_jack_default_0 err = 2
Cannot connect to server request channel
jack server is not running or cannot be started
JackShmReadWritePtr::~JackShmReadWritePtr - Init not done for -1, skipping unlock
JackShmReadWritePtr::~JackShmReadWritePtr - Init not done for -1, skipping unlock
Cannot connect to named pipe after wait = \\.\pipe\server_jack_default_0 err = 2
Cannot connect to server request channel
jack server is not running or cannot be started
JackShmReadWritePtr::~JackShmReadWritePtr - Init not done for -1, skipping unlock
JackShmReadWritePtr::~JackShmReadWritePtr - Init not done for -1, skipping unlock
Cannot connect to named pipe after wait = \\.\pipe\server_jack_default_0 err = 2
Cannot connect to server request channel
jack server is not running or cannot be started
JackShmReadWritePtr::~JackShmReadWritePtr - Init not done for -1, skipping unlock
JackShmReadWritePtr::~JackShmReadWritePtr - Init not done for -1, skipping unlock
QWARN  : UiBaselineCapture::finalTranslations() SVS compute memory policy: Cannot load SVSCompute runtime: D:/UserData/Desktop/Project/lmms/build/tests/ui/Release\plugins\SVSCompute.dll
QWARN  : UiBaselineCapture::finalTranslations() SVS compute memory policy: Cannot load SVSCompute runtime: D:/UserData/Desktop/Project/lmms/build/tests/ui/Release\plugins\SVSCompute.dll
PASS   : UiBaselineCapture::finalTranslations()
QWARN  : UiBaselineCapture::finalVoiceScenes() SVS compute memory policy: Cannot load SVSCompute runtime: D:/UserData/Desktop/Project/lmms/build/tests/ui/Release\plugins\SVSCompute.dll
QWARN  : UiBaselineCapture::finalVoiceScenes() SVS compute memory policy: Cannot load SVSCompute runtime: D:/UserData/Desktop/Project/lmms/build/tests/ui/Release\plugins\SVSCompute.dll
PASS   : UiBaselineCapture::finalVoiceScenes()
PASS   : UiBaselineCapture::installedLaunch()
PASS   : UiBaselineCapture::cleanupTestCase()
Totals: 5 passed, 0 failed, 0 skipped, 0 blacklisted, 44421ms
********* Finished testing of UiBaselineCapture *********
