适用于 .NET Framework MSBuild 版本 18.10.1-1.26427.6+3cd27c13e

  Checking File Globs
  Automatic MOC and UIC for target SVSExample
  ringbuffer.vcxproj -> D:\UserData\Desktop\Project\lmms\build\src\3rdparty\ringbuffer.dir\Release\ringbuffer.lib
  svc-sdk.vcxproj -> D:\UserData\Desktop\Project\lmms\build\sdk\svc\Release\svc-sdk.lib
  weakjack.vcxproj -> D:\UserData\Desktop\Project\lmms\build\src\3rdparty\weakjack\Release\weakjack.lib
  svc-host.vcxproj -> D:\UserData\Desktop\Project\lmms\build\src\core\svc\Release\svc-host.lib
  Automatic MOC and UIC for target lmmssvs
    正在创建库 D:/UserData/Desktop/Project/lmms/build/SVSExample/Release/SVSExample.lib 和对象 D:/UserData/Desktop/Project/lmms/build/SVSExample/Release/SVSExample.exp
  svc-reference.vcxproj -> D:\UserData\Desktop\Project\lmms\build\sdk\svc\Release\svc-reference.lib
  lmmssvs.vcxproj -> D:\UserData\Desktop\Project\lmms\build\src\core\svs\Release\lmmssvs.lib
  SVSExample.vcxproj -> D:\UserData\Desktop\Project\lmms\build\Release\svs\SVSExample\SVSExample.dll
  Automatic MOC and UIC for target lmmsobjs
  MainWindow.cpp
  SVSBrowser.cpp
  SVCBrowser.cpp
  正在生成代码...
  lmmsobjs.vcxproj -> D:\UserData\Desktop\Project\lmms\build\src\lmmsobjs.dir\Release\lmmsobjs.lib
  Automatic MOC and UIC for target RemoteCatalogIo
  RemoteCatalogIo.vcxproj -> D:\UserData\Desktop\Project\lmms\build\plugins\RemoteCatalogIo.exe
  Automatic MOC and UIC for target lmms
    正在创建库 D:/UserData/Desktop/Project/lmms/build/src/Release/lmms.lib 和对象 D:/UserData/Desktop/Project/lmms/build/src/Release/lmms.exp
  lmms.vcxproj -> D:\UserData\Desktop\Project\lmms\build\Release\lmms.exe
    正在创建库 D:/UserData/Desktop/Project/lmms/build/plugins/Amplifier/Release/amplifier.lib 和对象 D:/UserData/Desktop/Project/lmms/build/plugins/Amplifier/Release/amplifier.exp
    正在创建库 D:/UserData/Desktop/Project/lmms/build/plugins/Kicker/Release/kicker.lib 和对象 D:/UserData/Desktop/Project/lmms/build/plugins/Kicker/Release/kicker.exp
    正在创建库 D:/UserData/Desktop/Project/lmms/build/plugins/TripleOscillator/Release/tripleoscillator.lib 和对象 D:/UserData/Desktop/Project/lmms/build/plugins/TripleOscillator/Release/tripleoscillator.exp
  amplifier.vcxproj -> D:\UserData\Desktop\Project\lmms\build\Release\plugins\amplifier.dll
  kicker.vcxproj -> D:\UserData\Desktop\Project\lmms\build\Release\plugins\kicker.dll
  tripleoscillator.vcxproj -> D:\UserData\Desktop\Project\lmms\build\Release\plugins\tripleoscillator.dll
  Automatic MOC for target UiBaselineCapture
  UiBaselineCapture.cpp
    正在创建库 D:/UserData/Desktop/Project/lmms/build/tests/ui/Release/lmms.lib 和对象 D:/UserData/Desktop/Project/lmms/build/tests/ui/Release/lmms.exp
  UiBaselineCapture.vcxproj -> D:\UserData\Desktop\Project\lmms\build\tests\ui\Release\lmms.exe
