适用于 .NET Framework MSBuild 版本 18.10.1-1.26427.6+3cd27c13e

  Checking File Globs
  Automatic MOC and UIC for target SVSExample
  ringbuffer.vcxproj -> D:\UserData\Desktop\Project\lmms\build\src\3rdparty\ringbuffer.dir\Release\ringbuffer.lib
  svc-host.vcxproj -> D:\UserData\Desktop\Project\lmms\build\src\core\svc\Release\svc-host.lib
  svc-sdk.vcxproj -> D:\UserData\Desktop\Project\lmms\build\sdk\svc\Release\svc-sdk.lib
  svc-reference.vcxproj -> D:\UserData\Desktop\Project\lmms\build\sdk\svc\Release\svc-reference.lib
  weakjack.vcxproj -> D:\UserData\Desktop\Project\lmms\build\src\3rdparty\weakjack\Release\weakjack.lib
  SVSExample.vcxproj -> D:\UserData\Desktop\Project\lmms\build\Release\svs\SVSExample\SVSExample.dll
  Automatic MOC and UIC for target lmmssvs
  SVSCanvas.cpp
  SVSLyricEditor.cpp
  SVSSettingsPage.cpp
  SVSViews.cpp
  正在生成代码...
  lmmssvs.vcxproj -> D:\UserData\Desktop\Project\lmms\build\src\core\svs\Release\lmmssvs.lib
  Automatic MOC and UIC for target lmmsobjs
  SVCWindow.cpp
  lmmsobjs.vcxproj -> D:\UserData\Desktop\Project\lmms\build\src\lmmsobjs.dir\Release\lmmsobjs.lib
  Automatic MOC and UIC for target RemoteCatalogIo
  RemoteCatalogIo.vcxproj -> D:\UserData\Desktop\Project\lmms\build\plugins\RemoteCatalogIo.exe
  Automatic MOC and UIC for target lmms
    正在创建库 D:/UserData/Desktop/Project/lmms/build/src/Release/lmms.lib 和对象 D:/UserData/Desktop/Project/lmms/build/src/Release/lmms.exp
  lmms.vcxproj -> D:\UserData\Desktop\Project\lmms\build\Release\lmms.exe
    正在创建库 D:/UserData/Desktop/Project/lmms/build/plugins/TripleOscillator/Release/tripleoscillator.lib 和对象 D:/UserData/Desktop/Project/lmms/build/plugins/TripleOscillator/Release/tripleoscillator.exp
    正在创建库 D:/UserData/Desktop/Project/lmms/build/plugins/Amplifier/Release/amplifier.lib 和对象 D:/UserData/Desktop/Project/lmms/build/plugins/Amplifier/Release/amplifier.exp
    正在创建库 D:/UserData/Desktop/Project/lmms/build/plugins/Kicker/Release/kicker.lib 和对象 D:/UserData/Desktop/Project/lmms/build/plugins/Kicker/Release/kicker.exp
  tripleoscillator.vcxproj -> D:\UserData\Desktop\Project\lmms\build\Release\plugins\tripleoscillator.dll
  amplifier.vcxproj -> D:\UserData\Desktop\Project\lmms\build\Release\plugins\amplifier.dll
  kicker.vcxproj -> D:\UserData\Desktop\Project\lmms\build\Release\plugins\kicker.dll
  Automatic MOC for target UiBaselineCapture
  UiBaselineCapture.cpp
    正在创建库 D:/UserData/Desktop/Project/lmms/build/tests/ui/Release/lmms.lib 和对象 D:/UserData/Desktop/Project/lmms/build/tests/ui/Release/lmms.exp
  UiBaselineCapture.vcxproj -> D:\UserData\Desktop\Project\lmms\build\tests\ui\Release\lmms.exe
适用于 .NET Framework MSBuild 版本 18.10.1-1.26427.6+3cd27c13e

  Checking File Globs
  yaml-cpp.vcxproj -> D:\UserData\Desktop\Project\lmms\build\_deps\diffsinger_yaml-build\Release\yaml-cpp.lib
  DiffSingerCatalog.vcxproj -> D:\UserData\Desktop\Project\lmms\build\plugins\SVSDiffSinger\Release\DiffSingerCatalog.lib
  Synthesis.cpp
  DiffSingerInference.vcxproj -> D:\UserData\Desktop\Project\lmms\build\plugins\SVSDiffSinger\Release\DiffSingerInference.lib
    正在创建库 D:/UserData/Desktop/Project/lmms/build/plugins/SVSDiffSinger/Release/SVSDiffSinger.lib 和对象 D:/UserData/Desktop/Project/lmms/build/plugins/SVSDiffSinger/Release/SVSDiffSinger.exp
  SVSDiffSinger.vcxproj -> D:\UserData\Desktop\Project\lmms\build\Release\svs\SVSDiffSinger\SVSDiffSinger.dll
适用于 .NET Framework MSBuild 版本 18.10.1-1.26427.6+3cd27c13e

  Checking File Globs
  yaml-cpp.vcxproj -> D:\UserData\Desktop\Project\lmms\build\_deps\diffsinger_yaml-build\Release\yaml-cpp.lib
  DiffSingerCatalog.vcxproj -> D:\UserData\Desktop\Project\lmms\build\plugins\SVSDiffSinger\Release\DiffSingerCatalog.lib
  DiffSingerInference.vcxproj -> D:\UserData\Desktop\Project\lmms\build\plugins\SVSDiffSinger\Release\DiffSingerInference.lib
  DiffSingerSynthesisTest.cpp
  DiffSingerSynthesisTest.vcxproj -> D:\UserData\Desktop\Project\lmms\build\plugins\SVSDiffSinger\Release\DiffSingerSynthesisTest.exe
